2026-10-03 00:49:30.411 | INFO     | judge:refresh:194 - JUDGE_CACHE_CHECK audit_compare required=10016 cached=9428 missing=588
2026-10-03 00:49:37.251 | INFO     | judge:_refresh:188 - jev progress=400/588 cost=$0.0117
2026-10-03 00:49:40.161 | INFO     | judge:_refresh:188 - jev progress=588/588 cost=$0.0173
| method               |   score user |   score everywhere s0 |     Δ | Δ 90% CI (questions)   | −C on/off user   | −C on/off everywhere   | −C audit user   | −C audit everywhere   | +C audit user   | +C audit everywhere   |
|:---------------------|-------------:|----------------------:|------:|:-----------------------|:-----------------|:-----------------------|:----------------|:----------------------|:----------------|:----------------------|
| vjp_resid            |        +2.47 |                 +0.75 | +1.72 | [+0.94, +2.02]         | +3.22/0.53       | +1.03/0.29             | 0.87/0.20       | 0.91/0.36             | 0.71/0.83       | 0.69/0.88             |
| sspace_scale         |        +1.59 |                 -0.14 | +1.73 | [+0.96, +2.22]         | +3.42/0.79       | -0.02/0.12             | 0.74/0.18       | 0.88/0.54             | 0.77/0.77       | 0.70/0.68             |
| vjp_value            |        +1.50 |                 +1.15 | +0.35 | [+0.00, +0.68]         | +2.10/0.60       | +1.59/0.44             | 0.84/0.25       | 0.88/0.33             | 0.68/0.83       | 0.75/0.86             |
| corda_pca            |        +1.13 |                 +0.26 | +0.87 | [+0.33, +1.13]         | +1.47/0.22       | +0.42/0.16             | 0.92/0.29       | 0.90/0.45             | 0.85/0.67       | 0.77/0.74             |
| mean_diff            |        +0.83 |                 +0.38 | +0.46 | [-0.33, +0.69]         | +1.79/0.96       | +0.57/0.19             | 0.54/0.26       | 0.91/0.41             | 0.81/0.65       | 0.73/0.86             |
| directional_ablation |        +0.70 |                 +0.44 | +0.26 | [-0.43, +0.64]         | +1.64/0.94       | +0.61/0.17             | 0.59/0.31       | 0.91/0.41             | 0.80/0.71       | 0.68/0.87             |
| sspace               |        +0.59 |                 +0.06 | +0.53 | [-0.05, +0.84]         | +1.68/1.09       | +0.16/0.10             | 0.56/0.22       | 0.89/0.50             | 0.71/0.69       | 0.79/0.71             |
| sspace_ablate        |        +0.48 |                 +0.09 | +0.39 | [-0.01, +0.90]         | +1.40/0.92       | +0.24/0.15             | 0.66/0.26       | 0.90/0.48             | 0.78/0.74       | 0.62/0.84             |
| random               |        +0.45 |                 -0.07 | +0.52 | —                      | +1.54/1.09       | +0.05/0.12             | 0.50/0.30       | 0.89/0.49             | 0.78/0.59       | 0.47/0.83             |
| cosine_gated         |        +0.21 |                 +0.26 | -0.05 | [-0.35, +0.18]         | +0.34/0.13       | +0.45/0.19             | 0.91/0.45       | 0.91/0.43             | 0.85/0.60       | 0.73/0.78             |
| sspace_pool          |        +0.13 |                 +0.06 | +0.07 | [-0.16, +0.24]         | +0.21/0.08       | +0.20/0.14             | 0.90/0.48       | 0.90/0.46             | 0.84/0.61       | 0.78/0.76             |
| linear_act           |        +0.08 |                 +0.74 | -0.66 | [-1.11, -0.42]         | +0.27/0.19       | +1.09/0.35             | 0.89/0.41       | 0.88/0.31             | 0.87/0.54       | 0.65/0.81             |
| chars                |        +0.02 |                 +0.84 | -0.82 | [-1.11, -0.37]         | +0.49/0.47       | +1.39/0.55             | 0.77/0.35       | 0.85/0.28             | 0.88/0.51       | 0.69/0.81             |
| spherical            |        -0.02 |                 +0.51 | -0.53 | [-0.78, +0.01]         | +0.21/0.23       | +0.91/0.40             | 0.89/0.46       | 0.87/0.39             | 0.85/0.63       | 0.74/0.83             |
| sspace_pca           |        -0.06 |                 -0.10 | +0.04 | [-0.21, +0.40]         | +0.27/0.33       | +0.01/0.11             | 0.87/0.44       | 0.89/0.51             | 0.78/0.73       | 0.58/0.82             |
| topk_clusters        |        -0.19 |                 +0.36 | -0.55 | [-1.10, -0.10]         | +1.52/0.92       | +0.52/0.16             | 0.58/0.31       | 0.91/0.44             | 0.88/0.48       | 0.76/0.89             |
| query_steer          |        -0.21 |                 +0.07 | -0.28 | [-0.69, +0.24]         | +0.17/0.38       | +0.26/0.19             | 0.81/0.46       | 0.89/0.50             | 0.81/0.65       | 0.84/0.58             |
| value_gram           |        -0.60 |                 -0.24 | -0.36 | [-0.64, -0.21]         | -0.46/0.13       | -0.13/0.11             | 0.88/0.56       | 0.87/0.53             | 0.90/0.46       | 0.90/0.48             |
| pca                  |        -0.60 |                 -0.15 | -0.45 | [-0.79, -0.25]         | -0.44/0.16       | +0.04/0.19             | 0.87/0.52       | 0.89/0.49             | 0.88/0.49       | 0.65/0.72             |

audit cells = P(on target)/P(fabricates), mean over answers at the Pareto-best dose. Bare answers: 0.89/0.52. Random: user 16 directions vs everywhere 11 (unpaired, no Δ CI). Audit cells rated in this run: 588.
