2026-10-02 23:46:54.583 | INFO     | data:walk_certificates:47 - exclude corda_pca_s3_full.json: seed outside published full report
2026-10-02 23:46:54.583 | INFO     | data:walk_certificates:47 - exclude corda_pca_s4_full.json: seed outside published full report
2026-10-02 23:46:54.585 | INFO     | data:walk_certificates:47 - exclude corda_pca_s5_full.json: seed outside published full report
2026-10-02 23:46:55.340 | INFO     | data:walk_certificates:47 - exclude mean_diff_s3_full.json: seed outside published full report
2026-10-02 23:46:55.746 | WARNING  | data:walk_certificates:43 - skip random-user_s10_full.json status=RUNNING
2026-10-02 23:46:55.747 | WARNING  | data:walk_certificates:43 - skip random-user_s11_full.json status=RUNNING
2026-10-02 23:46:55.796 | WARNING  | data:walk_certificates:43 - skip random-user_s12_full.json status=RUNNING
2026-10-02 23:46:55.796 | WARNING  | data:walk_certificates:43 - skip random-user_s13_full.json status=RUNNING
2026-10-02 23:46:55.797 | WARNING  | data:walk_certificates:43 - skip random-user_s14_full.json status=RUNNING
2026-10-02 23:46:55.798 | WARNING  | data:walk_certificates:43 - skip random-user_s15_full.json status=RUNNING
2026-10-02 23:46:55.798 | WARNING  | data:walk_certificates:43 - skip random-user_s16_full.json status=RUNNING
2026-10-02 23:46:55.896 | WARNING  | data:walk_certificates:43 - skip random-user_s7_full.json status=RUNNING
2026-10-02 23:46:55.897 | WARNING  | data:walk_certificates:43 - skip random-user_s8_full.json status=RUNNING
2026-10-02 23:46:55.898 | WARNING  | data:walk_certificates:43 - skip random-user_s9_full.json status=RUNNING
2026-10-02 23:46:56.012 | INFO     | data:walk_certificates:47 - exclude random_s11_full.json: seed outside published full report
2026-10-02 23:46:57.907 | INFO     | data:walk_certificates:47 - exclude random_s12_full.json: seed outside published full report
2026-10-02 23:46:58.058 | INFO     | data:walk_certificates:47 - exclude random_s13_full.json: seed outside published full report
2026-10-02 23:46:58.070 | INFO     | data:walk_certificates:47 - exclude random_s14_full.json: seed outside published full report
2026-10-02 23:46:58.074 | INFO     | data:walk_certificates:47 - exclude random_s15_full.json: seed outside published full report
2026-10-02 23:48:08.657 | INFO     | data:manifest:81 - manifest walks=100 rows=297400
2026-10-02 23:48:28.922 | INFO     | __main__:refresh:194 - JUDGE_CACHE_CHECK aware required=218768 cached=136017 missing=82751
2026-10-02 23:48:38.367 | INFO     | __main__:_refresh:188 - jev progress=400/82751 cost=$0.0173
2026-10-02 23:48:44.717 | INFO     | __main__:_refresh:188 - jev progress=800/82751 cost=$0.0345
2026-10-02 23:48:51.095 | INFO     | __main__:_refresh:188 - jev progress=1200/82751 cost=$0.0518
2026-10-02 23:48:57.055 | INFO     | __main__:_refresh:188 - jev progress=1600/82751 cost=$0.0692
2026-10-02 23:49:03.203 | INFO     | __main__:_refresh:188 - jev progress=2000/82751 cost=$0.0867
2026-10-02 23:49:09.486 | INFO     | __main__:_refresh:188 - jev progress=2400/82751 cost=$0.1048
2026-10-02 23:49:15.679 | INFO     | __main__:_refresh:188 - jev progress=2800/82751 cost=$0.1241
2026-10-02 23:49:21.727 | INFO     | __main__:_refresh:188 - jev progress=3200/82751 cost=$0.1415
2026-10-02 23:49:28.200 | INFO     | __main__:_refresh:188 - jev progress=3600/82751 cost=$0.1587
2026-10-02 23:49:34.668 | INFO     | __main__:_refresh:188 - jev progress=4000/82751 cost=$0.1759
2026-10-02 23:49:40.609 | INFO     | __main__:_refresh:188 - jev progress=4400/82751 cost=$0.1935
2026-10-02 23:49:46.652 | INFO     | __main__:_refresh:188 - jev progress=4800/82751 cost=$0.2134
2026-10-02 23:49:52.903 | INFO     | __main__:_refresh:188 - jev progress=5200/82751 cost=$0.2335
2026-10-02 23:49:59.098 | INFO     | __main__:_refresh:188 - jev progress=5600/82751 cost=$0.2543
2026-10-02 23:50:05.133 | INFO     | __main__:_refresh:188 - jev progress=6000/82751 cost=$0.2742
2026-10-02 23:50:11.259 | INFO     | __main__:_refresh:188 - jev progress=6400/82751 cost=$0.2925
2026-10-02 23:50:17.321 | INFO     | __main__:_refresh:188 - jev progress=6800/82751 cost=$0.3098
2026-10-02 23:50:23.654 | INFO     | __main__:_refresh:188 - jev progress=7200/82751 cost=$0.3273
2026-10-02 23:50:29.915 | INFO     | __main__:_refresh:188 - jev progress=7600/82751 cost=$0.3458
2026-10-02 23:50:36.030 | INFO     | __main__:_refresh:188 - jev progress=8000/82751 cost=$0.3644
2026-10-02 23:50:42.047 | INFO     | __main__:_refresh:188 - jev progress=8400/82751 cost=$0.3836
2026-10-02 23:50:48.495 | INFO     | __main__:_refresh:188 - jev progress=8800/82751 cost=$0.4019
2026-10-02 23:50:54.560 | INFO     | __main__:_refresh:188 - jev progress=9200/82751 cost=$0.4191
2026-10-02 23:51:00.480 | INFO     | __main__:_refresh:188 - jev progress=9600/82751 cost=$0.4363
2026-10-02 23:51:06.566 | INFO     | __main__:_refresh:188 - jev progress=10000/82751 cost=$0.4545
2026-10-02 23:51:12.727 | INFO     | __main__:_refresh:188 - jev progress=10400/82751 cost=$0.4731
2026-10-02 23:51:19.550 | INFO     | __main__:_refresh:188 - jev progress=10800/82751 cost=$0.4917
2026-10-02 23:51:25.707 | INFO     | __main__:_refresh:188 - jev progress=11200/82751 cost=$0.5100
2026-10-02 23:51:31.963 | INFO     | __main__:_refresh:188 - jev progress=11600/82751 cost=$0.5284
2026-10-02 23:51:37.970 | INFO     | __main__:_refresh:188 - jev progress=12000/82751 cost=$0.5458
2026-10-02 23:51:44.039 | INFO     | __main__:_refresh:188 - jev progress=12400/82751 cost=$0.5630
2026-10-02 23:51:50.044 | INFO     | __main__:_refresh:188 - jev progress=12800/82751 cost=$0.5803
2026-10-02 23:51:56.083 | INFO     | __main__:_refresh:188 - jev progress=13200/82751 cost=$0.5978
2026-10-02 23:52:02.090 | INFO     | __main__:_refresh:188 - jev progress=13600/82751 cost=$0.6152
2026-10-02 23:52:08.162 | INFO     | __main__:_refresh:188 - jev progress=14000/82751 cost=$0.6334
2026-10-02 23:52:14.236 | INFO     | __main__:_refresh:188 - jev progress=14400/82751 cost=$0.6521
2026-10-02 23:52:20.329 | INFO     | __main__:_refresh:188 - jev progress=14800/82751 cost=$0.6693
2026-10-02 23:52:26.669 | INFO     | __main__:_refresh:188 - jev progress=15200/82751 cost=$0.6865
2026-10-02 23:52:32.973 | INFO     | __main__:_refresh:188 - jev progress=15600/82751 cost=$0.7038
2026-10-02 23:52:39.426 | INFO     | __main__:_refresh:188 - jev progress=16000/82751 cost=$0.7220
2026-10-02 23:52:45.473 | INFO     | __main__:_refresh:188 - jev progress=16400/82751 cost=$0.7404
2026-10-02 23:52:51.581 | INFO     | __main__:_refresh:188 - jev progress=16800/82751 cost=$0.7588
2026-10-02 23:52:57.569 | INFO     | __main__:_refresh:188 - jev progress=17200/82751 cost=$0.7775
2026-10-02 23:53:03.825 | INFO     | __main__:_refresh:188 - jev progress=17600/82751 cost=$0.7961
2026-10-02 23:53:09.815 | INFO     | __main__:_refresh:188 - jev progress=18000/82751 cost=$0.8135
2026-10-02 23:53:16.023 | INFO     | __main__:_refresh:188 - jev progress=18400/82751 cost=$0.8307
2026-10-02 23:53:22.147 | INFO     | __main__:_refresh:188 - jev progress=18800/82751 cost=$0.8479
2026-10-02 23:53:28.457 | INFO     | __main__:_refresh:188 - jev progress=19200/82751 cost=$0.8655
2026-10-02 23:53:34.609 | INFO     | __main__:_refresh:188 - jev progress=19600/82751 cost=$0.8846
2026-10-02 23:53:40.835 | INFO     | __main__:_refresh:188 - jev progress=20000/82751 cost=$0.9044
2026-10-02 23:53:47.310 | INFO     | __main__:_refresh:188 - jev progress=20400/82751 cost=$0.9240
2026-10-02 23:53:53.481 | INFO     | __main__:_refresh:188 - jev progress=20800/82751 cost=$0.9429
2026-10-02 23:53:59.668 | INFO     | __main__:_refresh:188 - jev progress=21200/82751 cost=$0.9608
2026-10-02 23:54:05.990 | INFO     | __main__:_refresh:188 - jev progress=21600/82751 cost=$0.9780
2026-10-02 23:54:12.287 | INFO     | __main__:_refresh:188 - jev progress=22000/82751 cost=$0.9953
2026-10-02 23:54:18.712 | INFO     | __main__:_refresh:188 - jev progress=22400/82751 cost=$1.0126
2026-10-02 23:54:24.915 | INFO     | __main__:_refresh:188 - jev progress=22800/82751 cost=$1.0298
2026-10-02 23:54:31.226 | INFO     | __main__:_refresh:188 - jev progress=23200/82751 cost=$1.0469
2026-10-02 23:54:37.854 | INFO     | __main__:_refresh:188 - jev progress=23600/82751 cost=$1.0640
2026-10-02 23:54:44.028 | INFO     | __main__:_refresh:188 - jev progress=24000/82751 cost=$1.0811
2026-10-02 23:54:50.238 | INFO     | __main__:_refresh:188 - jev progress=24400/82751 cost=$1.0982
2026-10-02 23:54:56.385 | INFO     | __main__:_refresh:188 - jev progress=24800/82751 cost=$1.1153
2026-10-02 23:55:02.779 | INFO     | __main__:_refresh:188 - jev progress=25200/82751 cost=$1.1325
2026-10-02 23:55:09.202 | INFO     | __main__:_refresh:188 - jev progress=25600/82751 cost=$1.1496
2026-10-02 23:55:15.369 | INFO     | __main__:_refresh:188 - jev progress=26000/82751 cost=$1.1669
2026-10-02 23:55:21.525 | INFO     | __main__:_refresh:188 - jev progress=26400/82751 cost=$1.1841
2026-10-02 23:55:27.763 | INFO     | __main__:_refresh:188 - jev progress=26800/82751 cost=$1.2013
2026-10-02 23:55:33.936 | INFO     | __main__:_refresh:188 - jev progress=27200/82751 cost=$1.2185
2026-10-02 23:55:40.104 | INFO     | __main__:_refresh:188 - jev progress=27600/82751 cost=$1.2357
2026-10-02 23:55:46.482 | INFO     | __main__:_refresh:188 - jev progress=28000/82751 cost=$1.2529
2026-10-02 23:55:52.818 | INFO     | __main__:_refresh:188 - jev progress=28400/82751 cost=$1.2701
2026-10-02 23:55:58.985 | INFO     | __main__:_refresh:188 - jev progress=28800/82751 cost=$1.2873
2026-10-02 23:56:05.028 | INFO     | __main__:_refresh:188 - jev progress=29200/82751 cost=$1.3045
2026-10-02 23:56:11.301 | INFO     | __main__:_refresh:188 - jev progress=29600/82751 cost=$1.3217
2026-10-02 23:56:17.480 | INFO     | __main__:_refresh:188 - jev progress=30000/82751 cost=$1.3390
2026-10-02 23:56:23.926 | INFO     | __main__:_refresh:188 - jev progress=30400/82751 cost=$1.3574
2026-10-02 23:56:30.229 | INFO     | __main__:_refresh:188 - jev progress=30800/82751 cost=$1.3760
2026-10-02 23:56:36.427 | INFO     | __main__:_refresh:188 - jev progress=31200/82751 cost=$1.3944
2026-10-02 23:56:42.560 | INFO     | __main__:_refresh:188 - jev progress=31600/82751 cost=$1.4128
2026-10-02 23:56:48.525 | INFO     | __main__:_refresh:188 - jev progress=32000/82751 cost=$1.4312
2026-10-02 23:56:54.707 | INFO     | __main__:_refresh:188 - jev progress=32400/82751 cost=$1.4491
2026-10-02 23:57:01.138 | INFO     | __main__:_refresh:188 - jev progress=32800/82751 cost=$1.4664
2026-10-02 23:57:07.533 | INFO     | __main__:_refresh:188 - jev progress=33200/82751 cost=$1.4836
2026-10-02 23:57:13.708 | INFO     | __main__:_refresh:188 - jev progress=33600/82751 cost=$1.5011
2026-10-02 23:57:19.752 | INFO     | __main__:_refresh:188 - jev progress=34000/82751 cost=$1.5200
2026-10-02 23:57:25.907 | INFO     | __main__:_refresh:188 - jev progress=34400/82751 cost=$1.5388
2026-10-02 23:57:32.189 | INFO     | __main__:_refresh:188 - jev progress=34800/82751 cost=$1.5578
2026-10-02 23:57:38.262 | INFO     | __main__:_refresh:188 - jev progress=35200/82751 cost=$1.5766
2026-10-02 23:57:44.704 | INFO     | __main__:_refresh:188 - jev progress=35600/82751 cost=$1.5951
2026-10-02 23:57:51.084 | INFO     | __main__:_refresh:188 - jev progress=36000/82751 cost=$1.6125
2026-10-02 23:57:57.510 | INFO     | __main__:_refresh:188 - jev progress=36400/82751 cost=$1.6297
2026-10-02 23:58:03.731 | INFO     | __main__:_refresh:188 - jev progress=36800/82751 cost=$1.6469
2026-10-02 23:58:09.880 | INFO     | __main__:_refresh:188 - jev progress=37200/82751 cost=$1.6644
2026-10-02 23:58:16.090 | INFO     | __main__:_refresh:188 - jev progress=37600/82751 cost=$1.6837
2026-10-02 23:58:22.188 | INFO     | __main__:_refresh:188 - jev progress=38000/82751 cost=$1.7033
2026-10-02 23:58:28.433 | INFO     | __main__:_refresh:188 - jev progress=38400/82751 cost=$1.7226
2026-10-02 23:58:34.662 | INFO     | __main__:_refresh:188 - jev progress=38800/82751 cost=$1.7410
2026-10-02 23:58:40.846 | INFO     | __main__:_refresh:188 - jev progress=39200/82751 cost=$1.7587
2026-10-02 23:58:47.384 | INFO     | __main__:_refresh:188 - jev progress=39600/82751 cost=$1.7759
2026-10-02 23:58:53.593 | INFO     | __main__:_refresh:188 - jev progress=40000/82751 cost=$1.7931
2026-10-02 23:58:59.724 | INFO     | __main__:_refresh:188 - jev progress=40400/82751 cost=$1.8107
2026-10-02 23:59:06.140 | INFO     | __main__:_refresh:188 - jev progress=40800/82751 cost=$1.8295
2026-10-02 23:59:12.177 | INFO     | __main__:_refresh:188 - jev progress=41200/82751 cost=$1.8480
2026-10-02 23:59:18.695 | INFO     | __main__:_refresh:188 - jev progress=41600/82751 cost=$1.8669
2026-10-02 23:59:25.096 | INFO     | __main__:_refresh:188 - jev progress=42000/82751 cost=$1.8854
2026-10-02 23:59:31.327 | INFO     | __main__:_refresh:188 - jev progress=42400/82751 cost=$1.9031
2026-10-02 23:59:37.549 | INFO     | __main__:_refresh:188 - jev progress=42800/82751 cost=$1.9204
2026-10-02 23:59:44.391 | INFO     | __main__:_refresh:188 - jev progress=43200/82751 cost=$1.9376
2026-10-02 23:59:50.751 | INFO     | __main__:_refresh:188 - jev progress=43600/82751 cost=$1.9555
2026-10-02 23:59:57.195 | INFO     | __main__:_refresh:188 - jev progress=44000/82751 cost=$1.9750
2026-10-03 00:00:03.681 | INFO     | __main__:_refresh:188 - jev progress=44400/82751 cost=$1.9944
2026-10-03 00:00:09.731 | INFO     | __main__:_refresh:188 - jev progress=44800/82751 cost=$2.0133
2026-10-03 00:00:16.213 | INFO     | __main__:_refresh:188 - jev progress=45200/82751 cost=$2.0320
2026-10-03 00:00:22.746 | INFO     | __main__:_refresh:188 - jev progress=45600/82751 cost=$2.0504
2026-10-03 00:00:28.786 | INFO     | __main__:_refresh:188 - jev progress=46000/82751 cost=$2.0678
2026-10-03 00:00:35.584 | INFO     | __main__:_refresh:188 - jev progress=46400/82751 cost=$2.0850
2026-10-03 00:00:41.912 | INFO     | __main__:_refresh:188 - jev progress=46800/82751 cost=$2.1024
2026-10-03 00:00:48.131 | INFO     | __main__:_refresh:188 - jev progress=47200/82751 cost=$2.1207
2026-10-03 00:00:54.566 | INFO     | __main__:_refresh:188 - jev progress=47600/82751 cost=$2.1396
2026-10-03 00:01:00.719 | INFO     | __main__:_refresh:188 - jev progress=48000/82751 cost=$2.1585
2026-10-03 00:01:07.227 | INFO     | __main__:_refresh:188 - jev progress=48400/82751 cost=$2.1771
2026-10-03 00:01:13.803 | INFO     | __main__:_refresh:188 - jev progress=48800/82751 cost=$2.1954
2026-10-03 00:01:20.084 | INFO     | __main__:_refresh:188 - jev progress=49200/82751 cost=$2.2131
2026-10-03 00:01:26.444 | INFO     | __main__:_refresh:188 - jev progress=49600/82751 cost=$2.2303
2026-10-03 00:01:32.668 | INFO     | __main__:_refresh:188 - jev progress=50000/82751 cost=$2.2475
2026-10-03 00:01:38.939 | INFO     | __main__:_refresh:188 - jev progress=50400/82751 cost=$2.2650
2026-10-03 00:01:45.137 | INFO     | __main__:_refresh:188 - jev progress=50800/82751 cost=$2.2844
2026-10-03 00:01:51.440 | INFO     | __main__:_refresh:188 - jev progress=51200/82751 cost=$2.3039
2026-10-03 00:01:57.571 | INFO     | __main__:_refresh:188 - jev progress=51600/82751 cost=$2.3237
2026-10-03 00:02:03.854 | INFO     | __main__:_refresh:188 - jev progress=52000/82751 cost=$2.3427
2026-10-03 00:02:10.320 | INFO     | __main__:_refresh:188 - jev progress=52400/82751 cost=$2.3610
2026-10-03 00:02:16.286 | INFO     | __main__:_refresh:188 - jev progress=52800/82751 cost=$2.3782
2026-10-03 00:02:22.427 | INFO     | __main__:_refresh:188 - jev progress=53200/82751 cost=$2.3955
2026-10-03 00:02:28.543 | INFO     | __main__:_refresh:188 - jev progress=53600/82751 cost=$2.4136
2026-10-03 00:02:34.781 | INFO     | __main__:_refresh:188 - jev progress=54000/82751 cost=$2.4326
2026-10-03 00:02:40.992 | INFO     | __main__:_refresh:188 - jev progress=54400/82751 cost=$2.4513
2026-10-03 00:02:47.189 | INFO     | __main__:_refresh:188 - jev progress=54800/82751 cost=$2.4701
2026-10-03 00:02:53.540 | INFO     | __main__:_refresh:188 - jev progress=55200/82751 cost=$2.4883
2026-10-03 00:02:59.504 | INFO     | __main__:_refresh:188 - jev progress=55600/82751 cost=$2.5061
2026-10-03 00:03:05.659 | INFO     | __main__:_refresh:188 - jev progress=56000/82751 cost=$2.5233
2026-10-03 00:03:11.723 | INFO     | __main__:_refresh:188 - jev progress=56400/82751 cost=$2.5406
2026-10-03 00:03:18.041 | INFO     | __main__:_refresh:188 - jev progress=56800/82751 cost=$2.5591
2026-10-03 00:03:24.178 | INFO     | __main__:_refresh:188 - jev progress=57200/82751 cost=$2.5792
2026-10-03 00:03:30.280 | INFO     | __main__:_refresh:188 - jev progress=57600/82751 cost=$2.6001
2026-10-03 00:03:36.364 | INFO     | __main__:_refresh:188 - jev progress=58000/82751 cost=$2.6211
2026-10-03 00:03:42.431 | INFO     | __main__:_refresh:188 - jev progress=58400/82751 cost=$2.6415
2026-10-03 00:03:48.814 | INFO     | __main__:_refresh:188 - jev progress=58800/82751 cost=$2.6620
2026-10-03 00:03:54.923 | INFO     | __main__:_refresh:188 - jev progress=59200/82751 cost=$2.6803
2026-10-03 00:04:01.271 | INFO     | __main__:_refresh:188 - jev progress=59600/82751 cost=$2.6975
2026-10-03 00:04:07.529 | INFO     | __main__:_refresh:188 - jev progress=60000/82751 cost=$2.7148
2026-10-03 00:04:13.779 | INFO     | __main__:_refresh:188 - jev progress=60400/82751 cost=$2.7326
2026-10-03 00:04:20.176 | INFO     | __main__:_refresh:188 - jev progress=60800/82751 cost=$2.7515
2026-10-03 00:04:26.294 | INFO     | __main__:_refresh:188 - jev progress=61200/82751 cost=$2.7703
2026-10-03 00:04:32.501 | INFO     | __main__:_refresh:188 - jev progress=61600/82751 cost=$2.7892
2026-10-03 00:04:38.604 | INFO     | __main__:_refresh:188 - jev progress=62000/82751 cost=$2.8079
2026-10-03 00:04:44.698 | INFO     | __main__:_refresh:188 - jev progress=62400/82751 cost=$2.8269
2026-10-03 00:04:50.976 | INFO     | __main__:_refresh:188 - jev progress=62800/82751 cost=$2.8441
2026-10-03 00:04:56.905 | INFO     | __main__:_refresh:188 - jev progress=63200/82751 cost=$2.8613
2026-10-03 00:05:02.802 | INFO     | __main__:_refresh:188 - jev progress=63600/82751 cost=$2.8785
2026-10-03 00:05:08.972 | INFO     | __main__:_refresh:188 - jev progress=64000/82751 cost=$2.8967
2026-10-03 00:05:15.319 | INFO     | __main__:_refresh:188 - jev progress=64400/82751 cost=$2.9157
2026-10-03 00:05:21.311 | INFO     | __main__:_refresh:188 - jev progress=64800/82751 cost=$2.9352
2026-10-03 00:05:27.390 | INFO     | __main__:_refresh:188 - jev progress=65200/82751 cost=$2.9540
2026-10-03 00:05:33.379 | INFO     | __main__:_refresh:188 - jev progress=65600/82751 cost=$2.9727
2026-10-03 00:05:39.441 | INFO     | __main__:_refresh:188 - jev progress=66000/82751 cost=$2.9906
2026-10-03 00:05:45.444 | INFO     | __main__:_refresh:188 - jev progress=66400/82751 cost=$3.0080
2026-10-03 00:05:51.680 | INFO     | __main__:_refresh:188 - jev progress=66800/82751 cost=$3.0259
2026-10-03 00:05:57.801 | INFO     | __main__:_refresh:188 - jev progress=67200/82751 cost=$3.0446
2026-10-03 00:06:03.986 | INFO     | __main__:_refresh:188 - jev progress=67600/82751 cost=$3.0640
2026-10-03 00:06:09.925 | INFO     | __main__:_refresh:188 - jev progress=68000/82751 cost=$3.0825
2026-10-03 00:06:16.200 | INFO     | __main__:_refresh:188 - jev progress=68400/82751 cost=$3.0997
2026-10-03 00:06:22.381 | INFO     | __main__:_refresh:188 - jev progress=68800/82751 cost=$3.1173
2026-10-03 00:06:28.286 | INFO     | __main__:_refresh:188 - jev progress=69200/82751 cost=$3.1379
2026-10-03 00:06:34.532 | INFO     | __main__:_refresh:188 - jev progress=69600/82751 cost=$3.1582
2026-10-03 00:06:40.665 | INFO     | __main__:_refresh:188 - jev progress=70000/82751 cost=$3.1776
2026-10-03 00:06:46.987 | INFO     | __main__:_refresh:188 - jev progress=70400/82751 cost=$3.1971
2026-10-03 00:06:53.042 | INFO     | __main__:_refresh:188 - jev progress=70800/82751 cost=$3.2172
2026-10-03 00:06:59.226 | INFO     | __main__:_refresh:188 - jev progress=71200/82751 cost=$3.2367
2026-10-03 00:07:05.159 | INFO     | __main__:_refresh:188 - jev progress=71600/82751 cost=$3.2548
2026-10-03 00:07:11.221 | INFO     | __main__:_refresh:188 - jev progress=72000/82751 cost=$3.2720
2026-10-03 00:07:17.330 | INFO     | __main__:_refresh:188 - jev progress=72400/82751 cost=$3.2892
2026-10-03 00:07:23.252 | INFO     | __main__:_refresh:188 - jev progress=72800/82751 cost=$3.3071
2026-10-03 00:07:29.386 | INFO     | __main__:_refresh:188 - jev progress=73200/82751 cost=$3.3264
2026-10-03 00:07:35.337 | INFO     | __main__:_refresh:188 - jev progress=73600/82751 cost=$3.3450
2026-10-03 00:07:41.511 | INFO     | __main__:_refresh:188 - jev progress=74000/82751 cost=$3.3635
2026-10-03 00:07:47.529 | INFO     | __main__:_refresh:188 - jev progress=74400/82751 cost=$3.3814
2026-10-03 00:07:53.737 | INFO     | __main__:_refresh:188 - jev progress=74800/82751 cost=$3.3992
2026-10-03 00:07:59.938 | INFO     | __main__:_refresh:188 - jev progress=75200/82751 cost=$3.4164
2026-10-03 00:08:06.250 | INFO     | __main__:_refresh:188 - jev progress=75600/82751 cost=$3.4336
2026-10-03 00:08:12.949 | INFO     | __main__:_refresh:188 - jev progress=76000/82751 cost=$3.4512
2026-10-03 00:08:19.366 | INFO     | __main__:_refresh:188 - jev progress=76400/82751 cost=$3.4694
2026-10-03 00:08:25.363 | INFO     | __main__:_refresh:188 - jev progress=76800/82751 cost=$3.4878
2026-10-03 00:08:31.352 | INFO     | __main__:_refresh:188 - jev progress=77200/82751 cost=$3.5070
2026-10-03 00:08:37.329 | INFO     | __main__:_refresh:188 - jev progress=77600/82751 cost=$3.5252
2026-10-03 00:08:43.570 | INFO     | __main__:_refresh:188 - jev progress=78000/82751 cost=$3.5424
2026-10-03 00:08:49.673 | INFO     | __main__:_refresh:188 - jev progress=78400/82751 cost=$3.5596
2026-10-03 00:08:55.906 | INFO     | __main__:_refresh:188 - jev progress=78800/82751 cost=$3.5767
2026-10-03 00:09:01.897 | INFO     | __main__:_refresh:188 - jev progress=79200/82751 cost=$3.5942
2026-10-03 00:09:07.976 | INFO     | __main__:_refresh:188 - jev progress=79600/82751 cost=$3.6116
2026-10-03 00:09:14.049 | INFO     | __main__:_refresh:188 - jev progress=80000/82751 cost=$3.6293
2026-10-03 00:09:20.209 | INFO     | __main__:_refresh:188 - jev progress=80400/82751 cost=$3.6475
2026-10-03 00:09:26.419 | INFO     | __main__:_refresh:188 - jev progress=80800/82751 cost=$3.6647
2026-10-03 00:09:33.315 | INFO     | __main__:_refresh:188 - jev progress=81200/82751 cost=$3.6821
2026-10-03 00:09:39.557 | INFO     | __main__:_refresh:188 - jev progress=81600/82751 cost=$3.6997
2026-10-03 00:09:45.809 | INFO     | __main__:_refresh:188 - jev progress=82000/82751 cost=$3.7171
2026-10-03 00:09:51.936 | INFO     | __main__:_refresh:188 - jev progress=82400/82751 cost=$3.7355
2026-10-03 00:09:57.574 | INFO     | __main__:_refresh:188 - jev progress=82751/82751 cost=$3.7532
2026-10-03 00:10:11.943 | INFO     | data:walk_certificates:47 - exclude corda_pca_s3_full.json: seed outside published full report
2026-10-03 00:10:11.944 | INFO     | data:walk_certificates:47 - exclude corda_pca_s4_full.json: seed outside published full report
2026-10-03 00:10:11.945 | INFO     | data:walk_certificates:47 - exclude corda_pca_s5_full.json: seed outside published full report
2026-10-03 00:10:12.184 | INFO     | data:walk_certificates:47 - exclude mean_diff_s3_full.json: seed outside published full report
2026-10-03 00:10:12.841 | INFO     | data:walk_certificates:47 - exclude random_s11_full.json: seed outside published full report
2026-10-03 00:10:12.851 | INFO     | data:walk_certificates:47 - exclude random_s12_full.json: seed outside published full report
2026-10-03 00:10:12.918 | INFO     | data:walk_certificates:47 - exclude random_s13_full.json: seed outside published full report
2026-10-03 00:10:12.940 | INFO     | data:walk_certificates:47 - exclude random_s14_full.json: seed outside published full report
2026-10-03 00:10:12.969 | INFO     | data:walk_certificates:47 - exclude random_s15_full.json: seed outside published full report
2026-10-03 00:11:14.986 | INFO     | data:walk_certificates:47 - exclude corda_pca_s3_full.json: seed outside published full report
2026-10-03 00:11:14.987 | INFO     | data:walk_certificates:47 - exclude corda_pca_s4_full.json: seed outside published full report
2026-10-03 00:11:14.987 | INFO     | data:walk_certificates:47 - exclude corda_pca_s5_full.json: seed outside published full report
2026-10-03 00:11:14.989 | INFO     | data:walk_certificates:47 - exclude mean_diff_s3_full.json: seed outside published full report
2026-10-03 00:11:14.992 | INFO     | data:walk_certificates:47 - exclude random_s11_full.json: seed outside published full report
2026-10-03 00:11:14.992 | INFO     | data:walk_certificates:47 - exclude random_s12_full.json: seed outside published full report
2026-10-03 00:11:14.992 | INFO     | data:walk_certificates:47 - exclude random_s13_full.json: seed outside published full report
2026-10-03 00:11:14.992 | INFO     | data:walk_certificates:47 - exclude random_s14_full.json: seed outside published full report
2026-10-03 00:11:14.992 | INFO     | data:walk_certificates:47 - exclude random_s15_full.json: seed outside published full report
2026-10-03 00:11:25.007 | WARNING  | data:walk_certificates:43 - skip random-user_s10_full.json status=RUNNING
2026-10-03 00:11:25.007 | WARNING  | data:walk_certificates:43 - skip random-user_s11_full.json status=RUNNING
2026-10-03 00:11:25.007 | WARNING  | data:walk_certificates:43 - skip random-user_s12_full.json status=RUNNING
2026-10-03 00:11:25.007 | WARNING  | data:walk_certificates:43 - skip random-user_s13_full.json status=RUNNING
2026-10-03 00:11:25.008 | WARNING  | data:walk_certificates:43 - skip random-user_s14_full.json status=RUNNING
2026-10-03 00:11:25.008 | WARNING  | data:walk_certificates:43 - skip random-user_s15_full.json status=RUNNING
2026-10-03 00:11:25.008 | WARNING  | data:walk_certificates:43 - skip random-user_s16_full.json status=RUNNING
2026-10-03 00:11:25.011 | WARNING  | data:walk_certificates:43 - skip random-user_s7_full.json status=RUNNING
2026-10-03 00:11:25.012 | WARNING  | data:walk_certificates:43 - skip random-user_s8_full.json status=RUNNING
2026-10-03 00:11:25.012 | WARNING  | data:walk_certificates:43 - skip random-user_s9_full.json status=RUNNING
2026-10-03 00:11:37.534 | WARNING  | data:walk_certificates:43 - skip random-user_s10_full.json status=RUNNING
2026-10-03 00:11:37.534 | WARNING  | data:walk_certificates:43 - skip random-user_s11_full.json status=RUNNING
2026-10-03 00:11:37.534 | WARNING  | data:walk_certificates:43 - skip random-user_s12_full.json status=RUNNING
2026-10-03 00:11:37.534 | WARNING  | data:walk_certificates:43 - skip random-user_s13_full.json status=RUNNING
2026-10-03 00:11:37.534 | WARNING  | data:walk_certificates:43 - skip random-user_s14_full.json status=RUNNING
2026-10-03 00:11:37.534 | WARNING  | data:walk_certificates:43 - skip random-user_s15_full.json status=RUNNING
2026-10-03 00:11:37.535 | WARNING  | data:walk_certificates:43 - skip random-user_s16_full.json status=RUNNING
2026-10-03 00:11:37.535 | WARNING  | data:walk_certificates:43 - skip random-user_s7_full.json status=RUNNING
2026-10-03 00:11:37.536 | WARNING  | data:walk_certificates:43 - skip random-user_s8_full.json status=RUNNING
2026-10-03 00:11:37.536 | WARNING  | data:walk_certificates:43 - skip random-user_s9_full.json status=RUNNING
2026-10-03 00:11:46.138 | INFO     | __main__:refresh:194 - JUDGE_CACHE_CHECK blind required=17703 cached=11991 missing=5712
2026-10-03 00:11:52.642 | INFO     | __main__:_refresh:188 - jev progress=400/5712 cost=$0.0219
2026-10-03 00:11:58.943 | INFO     | __main__:_refresh:188 - jev progress=800/5712 cost=$0.0439
2026-10-03 00:12:04.971 | INFO     | __main__:_refresh:188 - jev progress=1200/5712 cost=$0.0659
2026-10-03 00:12:11.055 | INFO     | __main__:_refresh:188 - jev progress=1600/5712 cost=$0.0883
2026-10-03 00:12:17.119 | INFO     | __main__:_refresh:188 - jev progress=2000/5712 cost=$0.1104
2026-10-03 00:12:23.584 | INFO     | __main__:_refresh:188 - jev progress=2400/5712 cost=$0.1323
2026-10-03 00:12:29.485 | INFO     | __main__:_refresh:188 - jev progress=2800/5712 cost=$0.1543
2026-10-03 00:12:35.681 | INFO     | __main__:_refresh:188 - jev progress=3200/5712 cost=$0.1762
2026-10-03 00:12:36.359 | WARNING  | __main__:run:172 - jev 429 attempt=1/6
2026-10-03 00:12:36.535 | WARNING  | __main__:run:172 - jev 429 attempt=1/6
2026-10-03 00:12:36.557 | WARNING  | __main__:run:172 - jev 429 attempt=1/6
2026-10-03 00:12:36.561 | WARNING  | __main__:run:172 - jev 429 attempt=1/6
2026-10-03 00:12:36.571 | WARNING  | __main__:run:172 - jev 429 attempt=1/6
2026-10-03 00:12:36.578 | WARNING  | __main__:run:172 - jev 429 attempt=1/6
2026-10-03 00:12:36.592 | WARNING  | __main__:run:172 - jev 429 attempt=1/6
2026-10-03 00:12:36.593 | WARNING  | __main__:run:172 - jev 429 attempt=1/6
2026-10-03 00:12:36.623 | WARNING  | __main__:run:172 - jev 429 attempt=1/6
2026-10-03 00:12:36.639 | WARNING  | __main__:run:172 - jev 429 attempt=1/6
2026-10-03 00:12:36.653 | WARNING  | __main__:run:172 - jev 429 attempt=1/6
2026-10-03 00:12:36.667 | WARNING  | __main__:run:172 - jev 429 attempt=1/6
2026-10-03 00:12:36.679 | WARNING  | __main__:run:172 - jev 429 attempt=1/6
2026-10-03 00:12:36.829 | WARNING  | __main__:run:172 - jev 429 attempt=1/6
2026-10-03 00:12:36.833 | WARNING  | __main__:run:172 - jev 429 attempt=1/6
2026-10-03 00:12:36.920 | WARNING  | __main__:run:172 - jev 429 attempt=1/6
2026-10-03 00:12:37.196 | WARNING  | __main__:run:172 - jev 429 attempt=1/6
2026-10-03 00:12:37.245 | WARNING  | __main__:run:172 - jev 429 attempt=1/6
2026-10-03 00:12:37.643 | WARNING  | __main__:run:172 - jev 429 attempt=1/6
2026-10-03 00:12:38.392 | WARNING  | __main__:run:172 - jev 429 attempt=1/6
2026-10-03 00:12:41.854 | WARNING  | __main__:run:172 - jev 429 attempt=2/6
2026-10-03 00:12:41.883 | WARNING  | __main__:run:172 - jev 429 attempt=1/6
2026-10-03 00:12:41.968 | WARNING  | __main__:run:172 - jev 429 attempt=1/6
2026-10-03 00:12:42.167 | WARNING  | __main__:run:172 - jev 429 attempt=1/6
2026-10-03 00:12:42.182 | WARNING  | __main__:run:172 - jev 429 attempt=1/6
2026-10-03 00:12:42.184 | WARNING  | __main__:run:172 - jev 429 attempt=1/6
2026-10-03 00:12:42.206 | WARNING  | __main__:run:172 - jev 429 attempt=1/6
2026-10-03 00:12:42.208 | WARNING  | __main__:run:172 - jev 429 attempt=1/6
2026-10-03 00:12:42.216 | WARNING  | __main__:run:172 - jev 429 attempt=1/6
2026-10-03 00:12:42.262 | WARNING  | __main__:run:172 - jev 429 attempt=2/6
2026-10-03 00:12:42.270 | WARNING  | __main__:run:172 - jev 429 attempt=1/6
2026-10-03 00:12:42.400 | WARNING  | __main__:run:172 - jev 429 attempt=1/6
2026-10-03 00:12:42.434 | WARNING  | __main__:run:172 - jev 429 attempt=1/6
2026-10-03 00:12:42.486 | WARNING  | __main__:run:172 - jev 429 attempt=1/6
2026-10-03 00:12:42.561 | WARNING  | __main__:run:172 - jev 429 attempt=1/6
2026-10-03 00:12:42.562 | WARNING  | __main__:run:172 - jev 429 attempt=1/6
2026-10-03 00:12:42.663 | WARNING  | __main__:run:172 - jev 429 attempt=2/6
2026-10-03 00:12:42.702 | WARNING  | __main__:run:172 - jev 429 attempt=1/6
2026-10-03 00:12:42.762 | WARNING  | __main__:run:172 - jev 429 attempt=1/6
2026-10-03 00:12:43.728 | WARNING  | __main__:run:172 - jev 429 attempt=1/6
2026-10-03 00:12:47.523 | WARNING  | __main__:run:172 - jev 429 attempt=1/6
2026-10-03 00:12:47.780 | WARNING  | __main__:run:172 - jev 429 attempt=1/6
2026-10-03 00:12:47.785 | WARNING  | __main__:run:172 - jev 429 attempt=2/6
2026-10-03 00:12:47.798 | WARNING  | __main__:run:172 - jev 429 attempt=1/6
2026-10-03 00:12:47.837 | WARNING  | __main__:run:172 - jev 429 attempt=1/6
2026-10-03 00:12:47.849 | WARNING  | __main__:run:172 - jev 429 attempt=1/6
2026-10-03 00:12:47.887 | WARNING  | __main__:run:172 - jev 429 attempt=1/6
2026-10-03 00:12:47.920 | WARNING  | __main__:run:172 - jev 429 attempt=1/6
2026-10-03 00:12:47.987 | WARNING  | __main__:run:172 - jev 429 attempt=1/6
2026-10-03 00:12:48.001 | WARNING  | __main__:run:172 - jev 429 attempt=1/6
2026-10-03 00:12:48.009 | WARNING  | __main__:run:172 - jev 429 attempt=1/6
2026-10-03 00:12:48.045 | WARNING  | __main__:run:172 - jev 429 attempt=1/6
2026-10-03 00:12:48.288 | WARNING  | __main__:run:172 - jev 429 attempt=1/6
2026-10-03 00:12:48.311 | WARNING  | __main__:run:172 - jev 429 attempt=1/6
2026-10-03 00:12:48.364 | WARNING  | __main__:run:172 - jev 429 attempt=1/6
2026-10-03 00:12:48.561 | WARNING  | __main__:run:172 - jev 429 attempt=1/6
2026-10-03 00:12:49.027 | WARNING  | __main__:run:172 - jev 429 attempt=1/6
2026-10-03 00:12:53.497 | WARNING  | __main__:run:172 - jev 429 attempt=1/6
2026-10-03 00:12:53.552 | WARNING  | __main__:run:172 - jev 429 attempt=1/6
2026-10-03 00:12:53.574 | WARNING  | __main__:run:172 - jev 429 attempt=2/6
2026-10-03 00:12:53.593 | WARNING  | __main__:run:172 - jev 429 attempt=1/6
2026-10-03 00:12:53.593 | WARNING  | __main__:run:172 - jev 429 attempt=1/6
2026-10-03 00:12:53.595 | WARNING  | __main__:run:172 - jev 429 attempt=1/6
2026-10-03 00:12:53.606 | WARNING  | __main__:run:172 - jev 429 attempt=1/6
2026-10-03 00:12:53.625 | WARNING  | __main__:run:172 - jev 429 attempt=1/6
2026-10-03 00:12:53.652 | WARNING  | __main__:run:172 - jev 429 attempt=1/6
2026-10-03 00:12:53.700 | WARNING  | __main__:run:172 - jev 429 attempt=1/6
2026-10-03 00:12:53.718 | WARNING  | __main__:run:172 - jev 429 attempt=1/6
2026-10-03 00:12:53.798 | WARNING  | __main__:run:172 - jev 429 attempt=1/6
2026-10-03 00:12:53.840 | WARNING  | __main__:run:172 - jev 429 attempt=1/6
2026-10-03 00:12:53.850 | WARNING  | __main__:run:172 - jev 429 attempt=1/6
2026-10-03 00:12:53.914 | WARNING  | __main__:run:172 - jev 429 attempt=1/6
2026-10-03 00:12:53.935 | WARNING  | __main__:run:172 - jev 429 attempt=1/6
2026-10-03 00:12:54.042 | WARNING  | __main__:run:172 - jev 429 attempt=2/6
2026-10-03 00:12:54.085 | WARNING  | __main__:run:172 - jev 429 attempt=1/6
2026-10-03 00:12:54.142 | WARNING  | __main__:run:172 - jev 429 attempt=1/6
2026-10-03 00:12:58.869 | WARNING  | __main__:run:172 - jev 429 attempt=2/6
2026-10-03 00:12:58.931 | WARNING  | __main__:run:172 - jev 429 attempt=2/6
2026-10-03 00:12:58.933 | WARNING  | __main__:run:172 - jev 429 attempt=1/6
2026-10-03 00:12:59.000 | WARNING  | __main__:run:172 - jev 429 attempt=1/6
2026-10-03 00:12:59.138 | WARNING  | __main__:run:172 - jev 429 attempt=1/6
2026-10-03 00:12:59.232 | WARNING  | __main__:run:172 - jev 429 attempt=1/6
2026-10-03 00:12:59.350 | WARNING  | __main__:run:172 - jev 429 attempt=1/6
2026-10-03 00:12:59.396 | WARNING  | __main__:run:172 - jev 429 attempt=1/6
2026-10-03 00:12:59.424 | WARNING  | __main__:run:172 - jev 429 attempt=1/6
2026-10-03 00:12:59.434 | WARNING  | __main__:run:172 - jev 429 attempt=1/6
2026-10-03 00:12:59.446 | WARNING  | __main__:run:172 - jev 429 attempt=1/6
2026-10-03 00:12:59.456 | WARNING  | __main__:run:172 - jev 429 attempt=1/6
2026-10-03 00:12:59.481 | WARNING  | __main__:run:172 - jev 429 attempt=1/6
2026-10-03 00:12:59.701 | WARNING  | __main__:run:172 - jev 429 attempt=1/6
2026-10-03 00:12:59.702 | WARNING  | __main__:run:172 - jev 429 attempt=1/6
2026-10-03 00:12:59.754 | WARNING  | __main__:run:172 - jev 429 attempt=1/6
2026-10-03 00:12:59.821 | WARNING  | __main__:run:172 - jev 429 attempt=1/6
2026-10-03 00:13:00.012 | WARNING  | __main__:run:172 - jev 429 attempt=1/6
2026-10-03 00:13:09.208 | INFO     | __main__:_refresh:188 - jev progress=3600/5712 cost=$0.1981
2026-10-03 00:13:15.251 | INFO     | __main__:_refresh:188 - jev progress=4000/5712 cost=$0.2208
2026-10-03 00:13:21.129 | INFO     | __main__:_refresh:188 - jev progress=4400/5712 cost=$0.2432
2026-10-03 00:13:27.134 | INFO     | __main__:_refresh:188 - jev progress=4800/5712 cost=$0.2653
2026-10-03 00:13:33.328 | INFO     | __main__:_refresh:188 - jev progress=5200/5712 cost=$0.2872
2026-10-03 00:13:39.432 | INFO     | __main__:_refresh:188 - jev progress=5600/5712 cost=$0.3094
2026-10-03 00:13:41.255 | INFO     | __main__:_refresh:188 - jev progress=5712/5712 cost=$0.3159
2026-10-03 00:13:41.607 | INFO     | __main__:main:252 - JUDGE_COMPLETE missing=0
