2026-09-22 18:55:35.524 | INFO     | steering_lite.data.personas:load_suffixes:47 - Loaded 200 branching suffixes
2026-09-22 18:55:35.530 | INFO     | steering_lite.benchmark.cache:cached:39 - cache miss generation 2f21e0a9abc6
2026-09-22 18:55:35.564 | INFO     | steering_lite.benchmark.cache:cached:39 - cache miss generation-health 815ed6a043fc
2026-09-22 18:55:35.599 | INFO     | steering_lite.data.personas:load_suffixes:47 - Loaded 200 branching suffixes
2026-09-22 18:55:35.607 | INFO     | steering_lite.benchmark.cache:cached:37 - cache hit generation 2f21e0a9abc6
2026-09-22 18:55:35.609 | INFO     | steering_lite.benchmark.cache:cached:39 - cache miss generation e55f66455a3c
2026-09-22 18:55:35.612 | INFO     | steering_lite.benchmark.cache:cached:39 - cache miss generation-health 35ef15c319c1
2026-09-22 18:55:35.616 | INFO     | steering_lite.benchmark.cache:cached:39 - cache miss prompting-judgments 32c8af9e1848
2026-09-22 18:55:35.629 | INFO     | steering_lite.benchmark.cache:cached:39 - cache miss target-aware-requests 8224209ccdf6
2026-09-22 18:55:35.632 | INFO     | steering_lite.benchmark.cache:cached:39 - cache miss blind-requests a6a42f1fba41
2026-09-22 18:55:35.658 | INFO     | steering_lite.benchmark.cache:cached:39 - cache miss persona-validation 75107673cd56
2026-09-22 18:55:35.712 | INFO     | steering_lite.data.personas:load_suffixes:47 - Loaded 200 branching suffixes
2026-09-22 18:55:35.770 | INFO     | steering_lite.benchmark.cache:cached:39 - cache miss calibration-candidates 1c19703d57dd
2026-09-22 18:55:35.773 | INFO     | steering_lite.benchmark.cache:cached:39 - cache miss candidate-judgments 6e693b5db573
2026-09-22 18:55:35.781 | INFO     | steering_lite.benchmark.cache:cached:39 - cache miss candidate-health 911dbaa9651a
2026-09-22 18:55:35.824 | INFO     | steering_lite.benchmark.cache:cached:39 - cache miss candidate-aware 064853627abb
2026-09-22 18:55:35.826 | INFO     | steering_lite.benchmark.cache:cached:39 - cache miss candidate-blind 72ceee485d88
2026-09-22 18:55:35.830 | INFO     | steering_lite.benchmark.cache:cached:39 - cache miss final-generation d25569018b87
2026-09-22 18:55:35.841 | INFO     | steering_lite.benchmark.cache:cached:39 - cache miss final-judgments 8bcd1dbb2a3c
2026-09-22 18:55:35.994 | INFO     | steering_lite.benchmark.cache:cached:39 - cache miss final-health b7a4db682534
2026-09-22 18:55:35.999 | INFO     | steering_lite.benchmark.cache:cached:39 - cache miss final-aware 2c950a0f6443
2026-09-22 18:55:36.006 | INFO     | steering_lite.benchmark.cache:cached:39 - cache miss final-blind 22e9597342cf
2026-09-22 18:55:36.103 | INFO     | steering_lite.data.personas:load_suffixes:47 - Loaded 200 branching suffixes
2026-09-22 18:55:36.108 | INFO     | steering_lite.benchmark.cache:cached:39 - cache miss calibration-candidates e1dd97092d4f
2026-09-22 18:55:36.111 | INFO     | steering_lite.benchmark.cache:cached:39 - cache miss candidate-judgments 5624c57b748a
2026-09-22 18:55:36.121 | INFO     | steering_lite.benchmark.cache:cached:39 - cache miss candidate-health e4e32fa14bec
2026-09-22 18:55:36.124 | INFO     | steering_lite.benchmark.cache:cached:39 - cache miss candidate-aware 4ef963905ec6
2026-09-22 18:55:36.126 | INFO     | steering_lite.benchmark.cache:cached:39 - cache miss candidate-blind 41e1d0920049
2026-09-22 18:55:36.129 | INFO     | steering_lite.benchmark.cache:cached:39 - cache miss final-generation af84b529f6bc
2026-09-22 18:55:36.140 | INFO     | steering_lite.benchmark.cache:cached:39 - cache miss final-judgments 60c08076b0be
2026-09-22 18:55:36.258 | INFO     | steering_lite.benchmark.cache:cached:39 - cache miss final-health aa462e7ea563
2026-09-22 18:55:36.261 | INFO     | steering_lite.benchmark.cache:cached:39 - cache miss final-aware ad474de3d12a
2026-09-22 18:55:36.268 | INFO     | steering_lite.benchmark.cache:cached:39 - cache miss final-blind 9dd3bdf0e806
2026-09-22 18:55:36.504 | INFO     | steering_lite.data.personas:load_suffixes:47 - Loaded 200 branching suffixes
2026-09-22 18:55:36.508 | INFO     | steering_lite.benchmark.cache:cached:39 - cache miss calibration-candidates 582e3747e385
2026-09-22 18:55:36.511 | INFO     | steering_lite.benchmark.cache:cached:39 - cache miss candidate-judgments d6fcd65c9065
2026-09-22 18:55:36.520 | INFO     | steering_lite.benchmark.cache:cached:39 - cache miss candidate-health f1901a938597
2026-09-22 18:55:36.522 | INFO     | steering_lite.benchmark.cache:cached:39 - cache miss candidate-aware b7a3884b2f32
2026-09-22 18:55:36.525 | INFO     | steering_lite.benchmark.cache:cached:39 - cache miss candidate-blind e827d059aed0
2026-09-22 18:55:36.528 | INFO     | steering_lite.benchmark.cache:cached:39 - cache miss final-generation a29de7fb28d2
2026-09-22 18:55:36.537 | INFO     | steering_lite.benchmark.cache:cached:39 - cache miss final-judgments 5b7b8081d358
2026-09-22 18:55:36.628 | INFO     | steering_lite.benchmark.cache:cached:39 - cache miss final-health d887c6fa039c
2026-09-22 18:55:36.632 | INFO     | steering_lite.benchmark.cache:cached:39 - cache miss final-aware fb14eb69f753
2026-09-22 18:55:36.639 | INFO     | steering_lite.benchmark.cache:cached:39 - cache miss final-blind 108b2e346897
2026-09-22 18:55:37.077 | INFO     | steering_lite.data.personas:load_suffixes:47 - Loaded 200 branching suffixes
2026-09-22 18:55:37.082 | INFO     | steering_lite.benchmark.cache:cached:39 - cache miss calibration-candidates dc7fdf2ba3ab
2026-09-22 18:55:37.086 | INFO     | steering_lite.benchmark.cache:cached:39 - cache miss candidate-judgments 5badd1874ac5
2026-09-22 18:55:37.095 | INFO     | steering_lite.benchmark.cache:cached:39 - cache miss candidate-health 18dd93e66c60
2026-09-22 18:55:37.098 | INFO     | steering_lite.benchmark.cache:cached:39 - cache miss candidate-aware 575191800bac
2026-09-22 18:55:37.101 | INFO     | steering_lite.benchmark.cache:cached:39 - cache miss candidate-blind c701fd5dfe01
2026-09-22 18:55:37.105 | INFO     | steering_lite.benchmark.cache:cached:39 - cache miss final-generation 7ca0ee68b853
2026-09-22 18:55:37.116 | INFO     | steering_lite.benchmark.cache:cached:39 - cache miss final-judgments 5811fef64f8b
2026-09-22 18:55:37.220 | INFO     | steering_lite.benchmark.cache:cached:39 - cache miss final-health a590bd2014fb
2026-09-22 18:55:37.224 | INFO     | steering_lite.benchmark.cache:cached:39 - cache miss final-aware 64f5140eb4a1
2026-09-22 18:55:37.231 | INFO     | steering_lite.benchmark.cache:cached:39 - cache miss final-blind d6e9135272f4
2026-09-22 18:55:37.891 | INFO     | steering_lite.data.personas:load_suffixes:47 - Loaded 200 branching suffixes
2026-09-22 18:55:37.895 | INFO     | steering_lite.benchmark.cache:cached:39 - cache miss calibration-candidates e3225bdb0d24
2026-09-22 18:55:37.898 | INFO     | steering_lite.benchmark.cache:cached:39 - cache miss candidate-judgments bf555d055228
2026-09-22 18:55:37.905 | INFO     | steering_lite.benchmark.cache:cached:39 - cache miss candidate-health bd5f3c2f3964
2026-09-22 18:55:37.908 | INFO     | steering_lite.benchmark.cache:cached:39 - cache miss candidate-aware 6af4e0078776
2026-09-22 18:55:37.910 | INFO     | steering_lite.benchmark.cache:cached:39 - cache miss candidate-blind 6c34ce836d86
2026-09-22 18:55:37.912 | INFO     | steering_lite.benchmark.cache:cached:39 - cache miss final-generation 3d72416afcbe
2026-09-22 18:55:37.922 | INFO     | steering_lite.benchmark.cache:cached:39 - cache miss final-judgments 23965f0f569c
2026-09-22 18:55:38.010 | INFO     | steering_lite.benchmark.cache:cached:39 - cache miss final-health 962efd5b5c9d
2026-09-22 18:55:38.014 | INFO     | steering_lite.benchmark.cache:cached:39 - cache miss final-aware 2c30b9e2af79
2026-09-22 18:55:38.020 | INFO     | steering_lite.benchmark.cache:cached:39 - cache miss final-blind 91a599ac2ea6
2026-09-22 18:55:38.570 | INFO     | steering_lite.data.personas:load_suffixes:47 - Loaded 200 branching suffixes
2026-09-22 18:55:38.575 | INFO     | steering_lite.benchmark.cache:cached:39 - cache miss calibration-candidates a835b1989aca
2026-09-22 18:55:38.579 | INFO     | steering_lite.benchmark.cache:cached:39 - cache miss candidate-judgments a60c611f8360
2026-09-22 18:55:38.587 | INFO     | steering_lite.benchmark.cache:cached:39 - cache miss candidate-health 395da25134ce
2026-09-22 18:55:38.590 | INFO     | steering_lite.benchmark.cache:cached:39 - cache miss candidate-aware 4c0007af1b9a
2026-09-22 18:55:38.593 | INFO     | steering_lite.benchmark.cache:cached:39 - cache miss candidate-blind 28eead46222a
2026-09-22 18:55:38.595 | INFO     | steering_lite.benchmark.cache:cached:39 - cache miss final-generation bed3aad8d005
2026-09-22 18:55:38.606 | INFO     | steering_lite.benchmark.cache:cached:39 - cache miss final-judgments 573ceb72b059
2026-09-22 18:55:38.728 | INFO     | steering_lite.benchmark.cache:cached:39 - cache miss final-health fad7562adf92
2026-09-22 18:55:38.734 | INFO     | steering_lite.benchmark.cache:cached:39 - cache miss final-aware f93026111a09
2026-09-22 18:55:38.744 | INFO     | steering_lite.benchmark.cache:cached:39 - cache miss final-blind ff669ae861a2
2026-09-22 18:55:39.477 | INFO     | steering_lite.data.personas:load_suffixes:47 - Loaded 200 branching suffixes
2026-09-22 18:55:39.481 | INFO     | steering_lite.benchmark.cache:cached:39 - cache miss calibration-candidates 72b6303e6463
2026-09-22 18:55:39.484 | INFO     | steering_lite.benchmark.cache:cached:39 - cache miss candidate-judgments 50c2ff6d1939
2026-09-22 18:55:39.492 | INFO     | steering_lite.benchmark.cache:cached:39 - cache miss candidate-health 6433ce0d92fd
2026-09-22 18:55:39.495 | INFO     | steering_lite.benchmark.cache:cached:39 - cache miss candidate-aware a5a13a4bcec7
2026-09-22 18:55:39.497 | INFO     | steering_lite.benchmark.cache:cached:39 - cache miss candidate-blind 53d5563559e3
2026-09-22 18:55:39.500 | INFO     | steering_lite.benchmark.cache:cached:39 - cache miss final-generation 218713c232e3
2026-09-22 18:55:39.509 | INFO     | steering_lite.benchmark.cache:cached:39 - cache miss final-judgments 19439117973e
2026-09-22 18:55:39.612 | INFO     | steering_lite.benchmark.cache:cached:39 - cache miss final-health 877367ca872b
2026-09-22 18:55:39.615 | INFO     | steering_lite.benchmark.cache:cached:39 - cache miss final-aware 4efef8edffff
2026-09-22 18:55:39.621 | INFO     | steering_lite.benchmark.cache:cached:39 - cache miss final-blind 5a05048b4396
2026-09-22 18:55:40.570 | INFO     | steering_lite.data.personas:load_suffixes:47 - Loaded 200 branching suffixes
2026-09-22 18:55:40.575 | INFO     | steering_lite.benchmark.cache:cached:39 - cache miss calibration-candidates a1b21bb42757
2026-09-22 18:55:40.579 | INFO     | steering_lite.benchmark.cache:cached:39 - cache miss candidate-judgments 797d259bd151
2026-09-22 18:55:40.589 | INFO     | steering_lite.benchmark.cache:cached:39 - cache miss candidate-health ede32c22434e
2026-09-22 18:55:40.592 | INFO     | steering_lite.benchmark.cache:cached:39 - cache miss candidate-aware b1e8ca40f2ff
2026-09-22 18:55:40.595 | INFO     | steering_lite.benchmark.cache:cached:39 - cache miss candidate-blind abbf09ab35e7
2026-09-22 18:55:40.598 | INFO     | steering_lite.benchmark.cache:cached:39 - cache miss final-generation 171c025ff1fd
2026-09-22 18:55:40.610 | INFO     | steering_lite.benchmark.cache:cached:39 - cache miss final-judgments 0bca07ef09c2
2026-09-22 18:55:40.690 | INFO     | steering_lite.benchmark.cache:cached:39 - cache miss final-health 844d5645aa45
2026-09-22 18:55:40.693 | INFO     | steering_lite.benchmark.cache:cached:39 - cache miss final-aware 824c6e2bd06c
2026-09-22 18:55:40.699 | INFO     | steering_lite.benchmark.cache:cached:39 - cache miss final-blind 391976ea9480
2026-09-22 18:55:42.070 | INFO     | steering_lite.data.personas:load_suffixes:47 - Loaded 200 branching suffixes
2026-09-22 18:55:42.077 | INFO     | steering_lite.benchmark.cache:cached:39 - cache miss calibration-candidates 166914b73927
2026-09-22 18:55:42.081 | INFO     | steering_lite.benchmark.cache:cached:39 - cache miss candidate-judgments d9708f69ff48
2026-09-22 18:55:42.097 | INFO     | steering_lite.benchmark.cache:cached:39 - cache miss candidate-health f50364e4ba18
2026-09-22 18:55:42.101 | INFO     | steering_lite.benchmark.cache:cached:39 - cache miss candidate-aware cfd99e40c37f
2026-09-22 18:55:42.106 | INFO     | steering_lite.benchmark.cache:cached:39 - cache miss candidate-blind bc05ce40f500
2026-09-22 18:55:42.111 | INFO     | steering_lite.benchmark.cache:cached:39 - cache miss final-generation 0c442bfc5c29
2026-09-22 18:55:42.128 | INFO     | steering_lite.benchmark.cache:cached:39 - cache miss final-judgments 0978538a91ef
2026-09-22 18:55:42.290 | INFO     | steering_lite.benchmark.cache:cached:39 - cache miss final-health bfe9dace55c7
2026-09-22 18:55:42.297 | INFO     | steering_lite.benchmark.cache:cached:39 - cache miss final-aware 4e3749a8f4a2
2026-09-22 18:55:42.307 | INFO     | steering_lite.benchmark.cache:cached:39 - cache miss final-blind 147af7b51ea0
2026-09-22 18:55:43.841 | INFO     | steering_lite.data.personas:load_suffixes:47 - Loaded 200 branching suffixes
2026-09-22 18:55:43.847 | INFO     | steering_lite.benchmark.cache:cached:39 - cache miss calibration-candidates 454c206b16ff
2026-09-22 18:55:43.851 | INFO     | steering_lite.benchmark.cache:cached:39 - cache miss candidate-judgments fa933b00250a
2026-09-22 18:55:43.861 | INFO     | steering_lite.benchmark.cache:cached:39 - cache miss candidate-health db7d9d3b4378
2026-09-22 18:55:43.864 | INFO     | steering_lite.benchmark.cache:cached:39 - cache miss candidate-aware d653cd0b01c7
2026-09-22 18:55:43.867 | INFO     | steering_lite.benchmark.cache:cached:39 - cache miss candidate-blind 073c2c20b58d
2026-09-22 18:55:43.870 | INFO     | steering_lite.benchmark.cache:cached:39 - cache miss final-generation 735a8b0df0a9
2026-09-22 18:55:43.881 | INFO     | steering_lite.benchmark.cache:cached:39 - cache miss final-judgments afda01aff99e
2026-09-22 18:55:44.031 | INFO     | steering_lite.benchmark.cache:cached:39 - cache miss final-health 7f983ca9a63d
2026-09-22 18:55:44.035 | INFO     | steering_lite.benchmark.cache:cached:39 - cache miss final-aware 288ea15d54aa
2026-09-22 18:55:44.045 | INFO     | steering_lite.benchmark.cache:cached:39 - cache miss final-blind d816310d9600
2026-09-22 18:55:47.677 | INFO     | steering_lite.data.personas:load_suffixes:47 - Loaded 200 branching suffixes
2026-09-22 18:55:47.681 | INFO     | steering_lite.benchmark.cache:cached:39 - cache miss calibration-candidates 2bafdbbad217
2026-09-22 18:55:47.684 | INFO     | steering_lite.benchmark.cache:cached:39 - cache miss candidate-judgments d18e01ef6e96
2026-09-22 18:55:47.693 | INFO     | steering_lite.benchmark.cache:cached:39 - cache miss candidate-health 435566d020af
2026-09-22 18:55:47.695 | INFO     | steering_lite.benchmark.cache:cached:39 - cache miss candidate-aware 7ed0c3942673
2026-09-22 18:55:47.697 | INFO     | steering_lite.benchmark.cache:cached:39 - cache miss candidate-blind f71ae13d6993
2026-09-22 18:55:47.700 | INFO     | steering_lite.benchmark.cache:cached:39 - cache miss final-generation 2284351a67a6
2026-09-22 18:55:47.709 | INFO     | steering_lite.benchmark.cache:cached:39 - cache miss final-judgments 4a53b3085f1a
2026-09-22 18:55:47.786 | INFO     | steering_lite.benchmark.cache:cached:39 - cache miss final-health f252894f2f05
2026-09-22 18:55:47.789 | INFO     | steering_lite.benchmark.cache:cached:39 - cache miss final-aware 9575e695ffbd
2026-09-22 18:55:47.795 | INFO     | steering_lite.benchmark.cache:cached:39 - cache miss final-blind a31a6f7122f8
2026-09-22 18:55:50.842 | INFO     | steering_lite.data.personas:load_suffixes:47 - Loaded 200 branching suffixes
2026-09-22 18:55:50.850 | INFO     | steering_lite.benchmark.cache:cached:39 - cache miss calibration-candidates 6d8cc26e205b
2026-09-22 18:55:50.855 | INFO     | steering_lite.benchmark.cache:cached:39 - cache miss candidate-judgments 4c986fd3702c
2026-09-22 18:55:50.870 | INFO     | steering_lite.benchmark.cache:cached:39 - cache miss candidate-health a039b0ff8968
2026-09-22 18:55:50.872 | INFO     | steering_lite.benchmark.cache:cached:39 - cache miss candidate-aware 61c0edcb07fb
2026-09-22 18:55:50.874 | INFO     | steering_lite.benchmark.cache:cached:39 - cache miss candidate-blind 39d32bd157e6
2026-09-22 18:55:50.877 | INFO     | steering_lite.benchmark.cache:cached:39 - cache miss final-generation 706ee0d9d0c3
2026-09-22 18:55:50.886 | INFO     | steering_lite.benchmark.cache:cached:39 - cache miss final-judgments fd1de2225411
2026-09-22 18:55:50.980 | INFO     | steering_lite.benchmark.cache:cached:39 - cache miss final-health 1d1815e4e7da
2026-09-22 18:55:50.983 | INFO     | steering_lite.benchmark.cache:cached:39 - cache miss final-aware 1c4f611173b4
2026-09-22 18:55:50.989 | INFO     | steering_lite.benchmark.cache:cached:39 - cache miss final-blind fca5f9f8c4a5
2026-09-22 18:55:54.028 | INFO     | steering_lite.data.personas:load_suffixes:47 - Loaded 200 branching suffixes
2026-09-22 18:55:54.034 | INFO     | steering_lite.benchmark.cache:cached:39 - cache miss calibration-candidates efdedaffc5b3
2026-09-22 18:55:54.038 | INFO     | steering_lite.benchmark.cache:cached:39 - cache miss candidate-judgments 5d4bf8bcbd42
2026-09-22 18:55:54.048 | INFO     | steering_lite.benchmark.cache:cached:39 - cache miss candidate-health 34e81a8390c3
2026-09-22 18:55:54.051 | INFO     | steering_lite.benchmark.cache:cached:39 - cache miss candidate-aware be97ca002bb2
2026-09-22 18:55:54.055 | INFO     | steering_lite.benchmark.cache:cached:39 - cache miss candidate-blind 8797702d69ca
2026-09-22 18:55:54.057 | INFO     | steering_lite.benchmark.cache:cached:39 - cache miss final-generation caf996bb3a54
2026-09-22 18:55:54.068 | INFO     | steering_lite.benchmark.cache:cached:39 - cache miss final-judgments c13067de40e3
2026-09-22 18:55:54.149 | INFO     | steering_lite.benchmark.cache:cached:39 - cache miss final-health 4e0158b7c8bd
2026-09-22 18:55:54.200 | INFO     | steering_lite.benchmark.cache:cached:39 - cache miss final-aware 6d67f389ca9b
2026-09-22 18:55:54.207 | INFO     | steering_lite.benchmark.cache:cached:39 - cache miss final-blind 3e12de35dae5
2026-09-22 18:55:57.279 | INFO     | steering_lite.data.personas:load_suffixes:47 - Loaded 200 branching suffixes
2026-09-22 18:55:57.284 | INFO     | steering_lite.benchmark.cache:cached:39 - cache miss calibration-candidates 7dc7e69306e2
2026-09-22 18:55:57.287 | INFO     | steering_lite.benchmark.cache:cached:39 - cache miss candidate-judgments 21469df40edd
2026-09-22 18:55:57.294 | INFO     | steering_lite.benchmark.cache:cached:39 - cache miss candidate-health a0a76ad346f1
2026-09-22 18:55:57.296 | INFO     | steering_lite.benchmark.cache:cached:39 - cache miss candidate-aware b64d1cc65022
2026-09-22 18:55:57.300 | INFO     | steering_lite.benchmark.cache:cached:39 - cache miss candidate-blind 674aede17ede
2026-09-22 18:55:57.308 | INFO     | steering_lite.benchmark.cache:cached:39 - cache miss final-generation 585c0d776938
2026-09-22 18:55:57.318 | INFO     | steering_lite.benchmark.cache:cached:39 - cache miss final-judgments b80fcf5cfe49
2026-09-22 18:55:57.418 | INFO     | steering_lite.benchmark.cache:cached:39 - cache miss final-health b97ed139f7b4
2026-09-22 18:55:57.422 | INFO     | steering_lite.benchmark.cache:cached:39 - cache miss final-aware 14d7a9edcbe5
2026-09-22 18:55:57.428 | INFO     | steering_lite.benchmark.cache:cached:39 - cache miss final-blind 1238b3ca9d86
2026-09-22 18:56:01.400 | INFO     | steering_lite.data.personas:load_suffixes:47 - Loaded 200 branching suffixes
2026-09-22 18:56:01.406 | INFO     | steering_lite.benchmark.cache:cached:39 - cache miss calibration-candidates b91c6f9d19e9
2026-09-22 18:56:01.411 | INFO     | steering_lite.benchmark.cache:cached:39 - cache miss candidate-judgments 57d748075cf4
2026-09-22 18:56:01.420 | INFO     | steering_lite.benchmark.cache:cached:39 - cache miss candidate-health 78ec79a7ebde
2026-09-22 18:56:01.423 | INFO     | steering_lite.benchmark.cache:cached:39 - cache miss candidate-aware 039a8eb77627
2026-09-22 18:56:01.426 | INFO     | steering_lite.benchmark.cache:cached:39 - cache miss candidate-blind 823f6d5cc2d2
2026-09-22 18:56:01.429 | INFO     | steering_lite.benchmark.cache:cached:39 - cache miss final-generation b63609b52bc5
2026-09-22 18:56:01.440 | INFO     | steering_lite.benchmark.cache:cached:39 - cache miss final-judgments af74425490e3
2026-09-22 18:56:01.548 | INFO     | steering_lite.benchmark.cache:cached:39 - cache miss final-health 94172800b5d3
2026-09-22 18:56:01.551 | INFO     | steering_lite.benchmark.cache:cached:39 - cache miss final-aware ace461429f2f
2026-09-22 18:56:01.557 | INFO     | steering_lite.benchmark.cache:cached:39 - cache miss final-blind 4b4874fe63a7
2026-09-22 18:56:06.298 | INFO     | steering_lite.data.personas:load_suffixes:47 - Loaded 200 branching suffixes
2026-09-22 18:56:06.352 | INFO     | steering_lite.benchmark.cache:cached:37 - cache hit generation 2f21e0a9abc6
2026-09-22 18:56:06.384 | INFO     | steering_lite.benchmark.cache:cached:37 - cache hit generation-health 815ed6a043fc
2026-09-22 18:56:10.781 | INFO     | steering_lite.data.personas:load_suffixes:47 - Loaded 200 branching suffixes
2026-09-22 18:56:10.788 | INFO     | steering_lite.benchmark.cache:cached:37 - cache hit generation 2f21e0a9abc6
2026-09-22 18:56:10.791 | INFO     | steering_lite.benchmark.cache:cached:37 - cache hit generation e55f66455a3c
2026-09-22 18:56:10.793 | INFO     | steering_lite.benchmark.cache:cached:37 - cache hit generation-health 35ef15c319c1
2026-09-22 18:56:11.049 | INFO     | steering_lite.benchmark.cache:cached:37 - cache hit prompting-judgments 32c8af9e1848
2026-09-22 18:56:11.083 | INFO     | steering_lite.benchmark.cache:cached:37 - cache hit target-aware-requests 8224209ccdf6
2026-09-22 18:56:11.126 | INFO     | steering_lite.benchmark.cache:cached:37 - cache hit blind-requests a6a42f1fba41
2026-09-22 18:56:11.131 | INFO     | steering_lite.benchmark.cache:cached:37 - cache hit persona-validation 75107673cd56
