2026-09-22 19:26:07.672 | INFO     | steering_lite.data.personas:load_suffixes:47 - Loaded 200 branching suffixes
2026-09-22 19:26:07.675 | INFO     | steering_lite.benchmark.cache:cached:39 - cache miss generation 0ed00ba9bd5e
2026-09-22 19:26:07.677 | INFO     | steering_lite.benchmark.cache:cached:39 - cache miss generation-health 772ad614ada6
2026-09-22 19:26:07.680 | INFO     | steering_lite.benchmark.cache:cached:39 - cache miss generation e3b87b1b63e0
2026-09-22 19:26:07.682 | INFO     | steering_lite.benchmark.cache:cached:39 - cache miss generation-health 93e8837caa83
2026-09-22 19:26:07.684 | INFO     | steering_lite.benchmark.cache:cached:39 - cache miss target-aware-requests 3224bcbd82cb
2026-09-22 19:26:07.686 | INFO     | steering_lite.benchmark.cache:cached:39 - cache miss blind-requests 397764dc86c3
2026-09-22 19:26:07.688 | INFO     | steering_lite.benchmark.cache:cached:39 - cache miss persona-validation b4fd6a2eb496
2026-09-22 19:26:07.690 | INFO     | steering_lite.benchmark.cache:cached:39 - cache miss calibration-candidates cc9a8a46d5ac
2026-09-22 19:26:07.692 | INFO     | steering_lite.benchmark.cache:cached:39 - cache miss candidate-health e3b1f9cb09a4
2026-09-22 19:26:07.694 | INFO     | steering_lite.benchmark.cache:cached:39 - cache miss candidate-aware c58b8caddbb2
2026-09-22 19:26:07.696 | INFO     | steering_lite.benchmark.cache:cached:39 - cache miss calibration-candidates b27f87e02b72
2026-09-22 19:26:07.698 | INFO     | steering_lite.benchmark.cache:cached:39 - cache miss candidate-health dfe41e8d8711
2026-09-22 19:26:07.701 | INFO     | steering_lite.benchmark.cache:cached:39 - cache miss candidate-aware dbbada965452
2026-09-22 19:26:07.703 | INFO     | steering_lite.benchmark.cache:cached:39 - cache miss calibration-candidates 7f21a37d7faf
2026-09-22 19:26:07.705 | INFO     | steering_lite.benchmark.cache:cached:39 - cache miss candidate-health 4fcfbc2b60de
2026-09-22 19:26:07.708 | INFO     | steering_lite.benchmark.cache:cached:39 - cache miss candidate-aware 3530692d86ff
2026-09-22 19:26:07.710 | INFO     | steering_lite.benchmark.cache:cached:39 - cache miss calibration-candidates 5d1542bbfec0
2026-09-22 19:26:07.712 | INFO     | steering_lite.benchmark.cache:cached:39 - cache miss candidate-health 4f236d6fb287
2026-09-22 19:26:07.714 | INFO     | steering_lite.benchmark.cache:cached:39 - cache miss candidate-aware b9fe39d0cc4e
2026-09-22 19:26:07.720 | INFO     | steering_lite.benchmark.cache:cached:39 - cache miss calibration-candidates 668b972b469b
2026-09-22 19:26:07.723 | INFO     | steering_lite.benchmark.cache:cached:39 - cache miss candidate-health a2eaac4fa39e
2026-09-22 19:26:07.727 | INFO     | steering_lite.benchmark.cache:cached:39 - cache miss candidate-aware 607fc738b2da
2026-09-22 19:26:07.731 | INFO     | steering_lite.benchmark.cache:cached:39 - cache miss calibration-candidates ec229627f11e
2026-09-22 19:26:07.734 | INFO     | steering_lite.benchmark.cache:cached:39 - cache miss candidate-health b21417c1557e
2026-09-22 19:26:07.738 | INFO     | steering_lite.benchmark.cache:cached:39 - cache miss candidate-aware d289fdea672a
2026-09-22 19:26:07.742 | INFO     | steering_lite.benchmark.cache:cached:39 - cache miss calibration-candidates 3500de009660
2026-09-22 19:26:07.746 | INFO     | steering_lite.benchmark.cache:cached:39 - cache miss candidate-health 63c1331df5cd
2026-09-22 19:26:07.749 | INFO     | steering_lite.benchmark.cache:cached:39 - cache miss candidate-aware bdca7ca8223f
2026-09-22 19:26:07.753 | INFO     | steering_lite.benchmark.cache:cached:39 - cache miss calibration-candidates cc66819e2cad
2026-09-22 19:26:07.757 | INFO     | steering_lite.benchmark.cache:cached:39 - cache miss candidate-health 1c05e2c49298
2026-09-22 19:26:07.761 | INFO     | steering_lite.benchmark.cache:cached:39 - cache miss candidate-aware 7744dcc021fe
2026-09-22 19:26:07.765 | INFO     | steering_lite.benchmark.cache:cached:39 - cache miss calibration-candidates de703b761500
2026-09-22 19:26:07.768 | INFO     | steering_lite.benchmark.cache:cached:39 - cache miss candidate-health 15b96afdee77
2026-09-22 19:26:07.772 | INFO     | steering_lite.benchmark.cache:cached:39 - cache miss candidate-aware 2608810baf4a
2026-09-22 19:26:07.776 | INFO     | steering_lite.benchmark.cache:cached:39 - cache miss calibration-candidates 201821fa264b
2026-09-22 19:26:07.778 | INFO     | steering_lite.benchmark.cache:cached:39 - cache miss candidate-health f4dfca0cebfc
2026-09-22 19:26:07.781 | INFO     | steering_lite.benchmark.cache:cached:39 - cache miss candidate-aware 19ade62d8580
2026-09-22 19:26:07.798 | INFO     | steering_lite.data.personas:load_suffixes:47 - Loaded 200 branching suffixes
2026-09-22 19:26:07.801 | INFO     | steering_lite.data.personas:load_suffixes:47 - Loaded 200 branching suffixes
2026-09-22 19:26:07.804 | INFO     | steering_lite.data.personas:load_suffixes:47 - Loaded 200 branching suffixes
2026-09-22 19:26:07.807 | INFO     | steering_lite.data.personas:load_suffixes:47 - Loaded 200 branching suffixes
2026-09-22 19:26:07.810 | INFO     | steering_lite.data.personas:load_suffixes:47 - Loaded 200 branching suffixes
2026-09-22 19:26:07.813 | INFO     | steering_lite.data.personas:load_suffixes:47 - Loaded 200 branching suffixes
2026-09-22 19:26:07.816 | INFO     | steering_lite.data.personas:load_suffixes:47 - Loaded 200 branching suffixes
2026-09-22 19:26:07.819 | INFO     | steering_lite.data.personas:load_suffixes:47 - Loaded 200 branching suffixes
2026-09-22 19:26:07.823 | INFO     | steering_lite.data.personas:load_suffixes:47 - Loaded 200 branching suffixes
2026-09-22 19:26:07.828 | INFO     | steering_lite.data.personas:load_suffixes:47 - Loaded 200 branching suffixes
