2026-09-22 19:11:06.810 | INFO     | steering_lite.data.personas:load_suffixes:47 - Loaded 200 branching suffixes
2026-09-22 19:11:06.814 | INFO     | steering_lite.benchmark.cache:cached:39 - cache miss calibration-candidates fd2df377a314
2026-09-22 19:11:06.836 | INFO     | steering_lite.benchmark.cache:cached:39 - cache miss candidate-judgments dca774bcc91a
2026-09-22 19:11:06.844 | INFO     | steering_lite.benchmark.cache:cached:39 - cache miss candidate-health d6d76ce7e4d6
2026-09-22 19:11:06.846 | INFO     | steering_lite.benchmark.cache:cached:39 - cache miss candidate-aware e9e9c21c22e4
2026-09-22 19:11:06.848 | INFO     | steering_lite.benchmark.cache:cached:39 - cache miss candidate-blind 147ed97a35ae
2026-09-22 19:11:06.851 | INFO     | steering_lite.benchmark.cache:cached:39 - cache miss final-generation dc78f8b12beb
2026-09-22 19:11:06.860 | INFO     | steering_lite.benchmark.cache:cached:39 - cache miss final-judgments ca1d66b558f0
2026-09-22 19:11:06.937 | INFO     | steering_lite.benchmark.cache:cached:39 - cache miss final-health 98de95f29153
2026-09-22 19:11:06.942 | INFO     | steering_lite.benchmark.cache:cached:39 - cache miss final-aware fcb9a9e03ab3
2026-09-22 19:11:06.947 | INFO     | steering_lite.benchmark.cache:cached:39 - cache miss final-blind 219864f5a02b
2026-09-22 19:11:07.173 | INFO     | steering_lite.data.personas:load_suffixes:47 - Loaded 200 branching suffixes
2026-09-22 19:11:07.177 | INFO     | steering_lite.benchmark.cache:cached:37 - cache hit calibration-candidates fd2df377a314
2026-09-22 19:11:07.181 | INFO     | steering_lite.benchmark.cache:cached:37 - cache hit candidate-judgments dca774bcc91a
2026-09-22 19:11:07.184 | INFO     | steering_lite.benchmark.cache:cached:37 - cache hit candidate-health d6d76ce7e4d6
2026-09-22 19:11:07.186 | INFO     | steering_lite.benchmark.cache:cached:37 - cache hit candidate-aware e9e9c21c22e4
2026-09-22 19:11:07.188 | INFO     | steering_lite.benchmark.cache:cached:37 - cache hit candidate-blind 147ed97a35ae
2026-09-22 19:11:07.194 | INFO     | steering_lite.benchmark.cache:cached:37 - cache hit final-generation dc78f8b12beb
2026-09-22 19:11:07.233 | INFO     | steering_lite.benchmark.cache:cached:37 - cache hit final-judgments ca1d66b558f0
2026-09-22 19:11:07.255 | INFO     | steering_lite.benchmark.cache:cached:37 - cache hit final-health 98de95f29153
2026-09-22 19:11:07.260 | INFO     | steering_lite.benchmark.cache:cached:37 - cache hit final-aware fcb9a9e03ab3
2026-09-22 19:11:07.264 | INFO     | steering_lite.benchmark.cache:cached:37 - cache hit final-blind 219864f5a02b
2026-09-22 19:11:07.501 | INFO     | steering_lite.data.personas:load_suffixes:47 - Loaded 200 branching suffixes
