Traceback (most recent call last):
  File "/workspace/2026/lite/steering-lite-bsbench/.venv/lib/python3.13/site-packages/modal/volume.py", line 860, in read_file
    response = await self.client.stub.VolumeGetFile2(req)
               ^^^^^^^^^^^^^^^^^^^^^^^^^^^^^^^^^^^^^^^^^^
modal.exception.NotFoundError: path "/5537b67a394a456251a1f52d10bc6d815ec8e702cbc5c5f05fe94540f9b0a679.json" does not exist

During handling of the above exception, another exception occurred:

Traceback (most recent call last):
  File "/workspace/2026/lite/steering-lite-bsbench/slop/verification/20260923_run_persona_direct_diagnostic.py", line 163, in run
    recovered = b''.join(callback.diagnostics.read_file(f"{spec['diagnostic_id']}.json"))
  File "/workspace/2026/lite/steering-lite-bsbench/.venv/lib/python3.13/site-packages/modal/_object.py", line 56, in wrapped
    async for item in stream:
        yield item
  File "/workspace/2026/lite/steering-lite-bsbench/.venv/lib/python3.13/site-packages/modal/volume.py", line 862, in read_file
    raise FileNotFoundError(exc.args[0])
FileNotFoundError: path "/5537b67a394a456251a1f52d10bc6d815ec8e702cbc5c5f05fe94540f9b0a679.json" does not exist

During handling of the above exception, another exception occurred:

Traceback (most recent call last):
  File "/workspace/2026/lite/steering-lite-bsbench/slop/verification/20260923_run_persona_direct_diagnostic.py", line 215, in <module>
    main()
    ~~~~^^
  File "/workspace/2026/lite/steering-lite-bsbench/slop/verification/20260923_run_persona_direct_diagnostic.py", line 211, in main
    run(spec, budget, args.approved_id)
    ~~~^^^^^^^^^^^^^^^^^^^^^^^^^^^^^^^^
  File "/workspace/2026/lite/steering-lite-bsbench/slop/verification/20260923_run_persona_direct_diagnostic.py", line 173, in run
    with callback.app.run():
         ~~~~~~~~~~~~~~~~^^
  File "/home/code/.local/share/uv/python/cpython-3.13.12-linux-x86_64-gnu/lib/python3.13/contextlib.py", line 214, in __aenter__
    return await anext(self.gen)
           ^^^^^^^^^^^^^^^^^^^^^
  File "/workspace/2026/lite/steering-lite-bsbench/.venv/lib/python3.13/site-packages/modal/app.py", line 507, in run
    async with _run_app(
               ~~~~~~~~^
        self, name=name, client=client, detach=detach, interactive=interactive, environment_name=environment_name
        ^^^^^^^^^^^^^^^^^^^^^^^^^^^^^^^^^^^^^^^^^^^^^^^^^^^^^^^^^^^^^^^^^^^^^^^^^^^^^^^^^^^^^^^^^^^^^^^^^^^^^^^^^
    ):
    ^
  File "/home/code/.local/share/uv/python/cpython-3.13.12-linux-x86_64-gnu/lib/python3.13/contextlib.py", line 214, in __aenter__
    return await anext(self.gen)
           ^^^^^^^^^^^^^^^^^^^^^
  File "/workspace/2026/lite/steering-lite-bsbench/.venv/lib/python3.13/site-packages/modal/runner.py", line 451, in _run_app
    await _create_all_objects(running_app, local_app_state, load_context)
  File "/workspace/2026/lite/steering-lite-bsbench/.venv/lib/python3.13/site-packages/modal/runner.py", line 203, in _create_all_objects
    await asyncio.gather(*[tc.create_task(_load(tag, obj)) for tag, obj in indexed_objects.items()])
  File "/workspace/2026/lite/steering-lite-bsbench/.venv/lib/python3.13/site-packages/modal/runner.py", line 194, in _load
    await resolver.load(obj, load_context, existing_object_id=existing_object_id)
  File "/workspace/2026/lite/steering-lite-bsbench/.venv/lib/python3.13/site-packages/modal/_image.py", line 647, in _load
    image._assert_no_mount_layers()
    ~~~~~~~~~~~~~~~~~~~~~~~~~~~~~^^
  File "/workspace/2026/lite/steering-lite-bsbench/.venv/lib/python3.13/site-packages/modal/_image.py", line 574, in _assert_no_mount_layers
    raise InvalidError(
    ...<14 lines>...
    )
modal.exception.InvalidError: An image tried to run a build step after using `image.add_local_*` to include local files.

Run `image.add_local_*` commands last in your image build to avoid rebuilding images with every local file change. Modal will then add these files to containers on startup instead, saving build time.
If you need to run other build steps after adding local files, set `copy=True` to copy the files directly into the image, at the expense of some added build time.

Example:

my_image = (
    Image.debian_slim()
    .add_local_file("data.json", copy=True)
    .run_commands("python -m mypak")  # this now works!
)

