2026-09-23 11:02:02.245 | INFO     | steering_lite.data.personas:load_suffixes:47 - Loaded 200 branching suffixes
2026-09-23 11:02:02.249 | INFO     | steering_lite.benchmark.cache:cached:37 - cache hit calibration-candidates dfe2b83feea5
2026-09-23 11:02:02.261 | INFO     | steering_lite.benchmark.cache:cached:37 - cache hit candidate-judgments 5564f755b584
2026-09-23 11:02:02.264 | INFO     | steering_lite.benchmark.cache:cached:37 - cache hit candidate-health a227aca11473
2026-09-23 11:02:02.268 | INFO     | steering_lite.benchmark.cache:cached:37 - cache hit candidate-aware 72b182f43563
2026-09-23 11:02:02.271 | INFO     | steering_lite.benchmark.cache:cached:37 - cache hit candidate-blind 3b9324072ca3
2026-09-23 11:02:02.284 | INFO     | steering_lite.benchmark.cache:cached:37 - cache hit final-generation 1b451bf52fe3
2026-09-23 11:02:02.311 | INFO     | steering_lite.benchmark.cache:cached:39 - cache miss final-judgments 556d2ed14bb4
2026-09-23 11:02:02.528 | INFO     | steering_lite.benchmark.cache:cached:37 - cache hit judge-request 1daddf9731cf
2026-09-23 11:02:02.529 | INFO     | steering_lite.benchmark.cache:cached:37 - cache hit judge-request ae1d59286b8e
2026-09-23 11:02:02.530 | INFO     | steering_lite.benchmark.cache:cached:37 - cache hit judge-request 8ae792d17cdf
2026-09-23 11:02:02.530 | INFO     | steering_lite.benchmark.cache:cached:37 - cache hit judge-request b517113f58be
2026-09-23 11:02:02.537 | INFO     | steering_lite.benchmark.cache:cached:37 - cache hit judge-request 964ce4b6daa7
2026-09-23 11:02:02.538 | INFO     | steering_lite.benchmark.cache:cached:37 - cache hit judge-request 144b7d02d254
2026-09-23 11:02:02.538 | INFO     | steering_lite.benchmark.cache:cached:37 - cache hit judge-request 00e1083a028f
2026-09-23 11:02:02.538 | INFO     | steering_lite.benchmark.cache:cached:37 - cache hit judge-request ed192832ab3c
2026-09-23 11:02:02.539 | INFO     | steering_lite.benchmark.cache:cached:37 - cache hit judge-request 298e80fa4dca
2026-09-23 11:02:02.539 | INFO     | steering_lite.benchmark.cache:cached:37 - cache hit judge-request 68a1044afad7
2026-09-23 11:02:02.539 | INFO     | steering_lite.benchmark.cache:cached:37 - cache hit judge-request 5a75b364874d
2026-09-23 11:02:02.541 | INFO     | steering_lite.benchmark.cache:cached:37 - cache hit judge-request 0d38ecae2bba
2026-09-23 11:02:02.540 | INFO     | steering_lite.benchmark.cache:cached:37 - cache hit judge-request c224b2885f7f
2026-09-23 11:02:02.542 | INFO     | steering_lite.benchmark.cache:cached:37 - cache hit judge-request c608b5123a0e
2026-09-23 11:02:02.542 | INFO     | steering_lite.benchmark.cache:cached:37 - cache hit judge-request a63f377b033b
2026-09-23 11:02:02.540 | INFO     | steering_lite.benchmark.cache:cached:37 - cache hit judge-request 6351d4b003c2
2026-09-23 11:02:02.541 | INFO     | steering_lite.benchmark.cache:cached:37 - cache hit judge-request f33644edeccd
2026-09-23 11:02:02.542 | INFO     | steering_lite.benchmark.cache:cached:37 - cache hit judge-request e85dc9135cad
2026-09-23 11:02:02.543 | INFO     | steering_lite.benchmark.cache:cached:37 - cache hit judge-request fda35d5592f2
2026-09-23 11:02:02.541 | INFO     | steering_lite.benchmark.cache:cached:37 - cache hit judge-request df0ba2421461
2026-09-23 11:02:02.545 | INFO     | steering_lite.benchmark.cache:cached:37 - cache hit judge-request 5a9533fc22ba
2026-09-23 11:02:02.544 | INFO     | steering_lite.benchmark.cache:cached:37 - cache hit judge-request b1b1853679f7
2026-09-23 11:02:02.545 | INFO     | steering_lite.benchmark.cache:cached:37 - cache hit judge-request cd25e132d468
2026-09-23 11:02:02.545 | INFO     | steering_lite.benchmark.cache:cached:37 - cache hit judge-request b446c97c53de
2026-09-23 11:02:02.546 | INFO     | steering_lite.benchmark.cache:cached:37 - cache hit judge-request 3566ab379cb8
2026-09-23 11:02:02.546 | INFO     | steering_lite.benchmark.cache:cached:37 - cache hit judge-request aa5330bd77f9
2026-09-23 11:02:02.547 | INFO     | steering_lite.benchmark.cache:cached:37 - cache hit judge-request cddbcfc8126c
2026-09-23 11:02:02.551 | INFO     | steering_lite.benchmark.cache:cached:37 - cache hit judge-request 395593d3165b
2026-09-23 11:02:02.551 | INFO     | steering_lite.benchmark.cache:cached:37 - cache hit judge-request f53c7e30a807
2026-09-23 11:02:02.552 | INFO     | steering_lite.benchmark.cache:cached:37 - cache hit judge-request bafc8f57edb6
2026-09-23 11:02:02.548 | INFO     | steering_lite.benchmark.cache:cached:37 - cache hit judge-request 2c28830a23d5
2026-09-23 11:02:02.556 | INFO     | steering_lite.benchmark.cache:cached:37 - cache hit judge-request 4ea7c8efe388
2026-09-23 11:02:02.556 | INFO     | steering_lite.benchmark.cache:cached:37 - cache hit judge-request 0dd1fdfcf09c
2026-09-23 11:02:02.556 | INFO     | steering_lite.benchmark.cache:cached:37 - cache hit judge-request c9249e7a8784
2026-09-23 11:02:02.556 | INFO     | steering_lite.benchmark.cache:cached:37 - cache hit judge-request 92aaa8577368
2026-09-23 11:02:02.557 | INFO     | steering_lite.benchmark.cache:cached:37 - cache hit judge-request 959edf0d999a
2026-09-23 11:02:02.559 | INFO     | steering_lite.benchmark.cache:cached:37 - cache hit judge-request d9d9d0a9aa2c
2026-09-23 11:02:02.560 | INFO     | steering_lite.benchmark.cache:cached:37 - cache hit judge-request 43a56b10e639
2026-09-23 11:02:02.559 | INFO     | steering_lite.benchmark.cache:cached:37 - cache hit judge-request 21225a4654d9
2026-09-23 11:02:02.558 | INFO     | steering_lite.benchmark.cache:cached:37 - cache hit judge-request a219b6d62835
2026-09-23 11:02:02.561 | INFO     | steering_lite.benchmark.cache:cached:37 - cache hit judge-request b03b4def740c
2026-09-23 11:02:02.561 | INFO     | steering_lite.benchmark.cache:cached:37 - cache hit judge-request 2fca324b4203
2026-09-23 11:02:02.561 | INFO     | steering_lite.benchmark.cache:cached:37 - cache hit judge-request 086de44654fb
2026-09-23 11:02:02.562 | INFO     | steering_lite.benchmark.cache:cached:37 - cache hit judge-request c52cd1d58ce2
2026-09-23 11:02:02.563 | INFO     | steering_lite.benchmark.cache:cached:37 - cache hit judge-request 4468996256e5
2026-09-23 11:02:02.566 | INFO     | steering_lite.benchmark.cache:cached:37 - cache hit judge-request 3337d1a3a21a
2026-09-23 11:02:02.568 | INFO     | steering_lite.benchmark.cache:cached:37 - cache hit judge-request eaec82e6367e
2026-09-23 11:02:02.569 | INFO     | steering_lite.benchmark.cache:cached:37 - cache hit judge-request e5cb687d4912
2026-09-23 11:02:02.560 | INFO     | steering_lite.benchmark.cache:cached:37 - cache hit judge-request 6afa31ea30f3
2026-09-23 11:02:02.569 | INFO     | steering_lite.benchmark.cache:cached:37 - cache hit judge-request 96077aa527f8
2026-09-23 11:02:02.570 | INFO     | steering_lite.benchmark.cache:cached:37 - cache hit judge-request 827315c8eb83
2026-09-23 11:02:02.570 | INFO     | steering_lite.benchmark.cache:cached:37 - cache hit judge-request 8a927ae6f46c
2026-09-23 11:02:02.576 | INFO     | steering_lite.benchmark.cache:cached:37 - cache hit judge-request ef558f115e25
2026-09-23 11:02:02.576 | INFO     | steering_lite.benchmark.cache:cached:37 - cache hit judge-request 1b08f5a06823
2026-09-23 11:02:02.577 | INFO     | steering_lite.benchmark.cache:cached:37 - cache hit judge-request 4299016ffb7d
2026-09-23 11:02:02.577 | INFO     | steering_lite.benchmark.cache:cached:37 - cache hit judge-request 2f774836d40b
2026-09-23 11:02:02.579 | INFO     | steering_lite.benchmark.cache:cached:37 - cache hit judge-request a5d60faab1a4
2026-09-23 11:02:02.582 | INFO     | steering_lite.benchmark.cache:cached:37 - cache hit judge-request e9979783ebc2
2026-09-23 11:02:02.583 | INFO     | steering_lite.benchmark.cache:cached:37 - cache hit judge-request 49367d71bd33
2026-09-23 11:02:02.583 | INFO     | steering_lite.benchmark.cache:cached:37 - cache hit judge-request de9435f7a335
2026-09-23 11:02:02.586 | INFO     | steering_lite.benchmark.cache:cached:37 - cache hit judge-request e20a57ba334d
2026-09-23 11:02:02.584 | INFO     | steering_lite.benchmark.cache:cached:37 - cache hit judge-request bb8adb5c3c50
2026-09-23 11:02:02.586 | INFO     | steering_lite.benchmark.cache:cached:37 - cache hit judge-request 0e582a4974c3
2026-09-23 11:02:02.587 | INFO     | steering_lite.benchmark.cache:cached:37 - cache hit judge-request d17f52b070e5
2026-09-23 11:02:02.587 | INFO     | steering_lite.benchmark.cache:cached:37 - cache hit judge-request 25e5255e9829
2026-09-23 11:02:02.593 | INFO     | steering_lite.benchmark.cache:cached:37 - cache hit judge-request fb4be40c7d99
2026-09-23 11:02:02.595 | INFO     | steering_lite.benchmark.cache:cached:37 - cache hit judge-request d1dd9be517c9
2026-09-23 11:02:02.594 | INFO     | steering_lite.benchmark.cache:cached:37 - cache hit judge-request 3fb3f2e50f14
2026-09-23 11:02:02.595 | INFO     | steering_lite.benchmark.cache:cached:37 - cache hit judge-request 323ec1da4e68
2026-09-23 11:02:02.599 | INFO     | steering_lite.benchmark.cache:cached:37 - cache hit judge-request 9b48c4f36b91
2026-09-23 11:02:02.598 | INFO     | steering_lite.benchmark.cache:cached:37 - cache hit judge-request bdd8c551749e
2026-09-23 11:02:02.600 | INFO     | steering_lite.benchmark.cache:cached:37 - cache hit judge-request bee94e7bb9d8
2026-09-23 11:02:02.600 | INFO     | steering_lite.benchmark.cache:cached:37 - cache hit judge-request 4be36bc09f7c
2026-09-23 11:02:02.600 | INFO     | steering_lite.benchmark.cache:cached:37 - cache hit judge-request 5dad7f1a5e3b
2026-09-23 11:02:02.600 | INFO     | steering_lite.benchmark.cache:cached:37 - cache hit judge-request 6885bfb0692c
2026-09-23 11:02:02.601 | INFO     | steering_lite.benchmark.cache:cached:37 - cache hit judge-request 8b996670c6a9
2026-09-23 11:02:02.601 | INFO     | steering_lite.benchmark.cache:cached:37 - cache hit judge-request 843e98526b6c
2026-09-23 11:02:02.602 | INFO     | steering_lite.benchmark.cache:cached:37 - cache hit judge-request dd1cc0e3edb3
2026-09-23 11:02:02.602 | INFO     | steering_lite.benchmark.cache:cached:37 - cache hit judge-request 675c6c8e17cd
2026-09-23 11:02:02.604 | INFO     | steering_lite.benchmark.cache:cached:37 - cache hit judge-request 86cab89b4d12
2026-09-23 11:02:02.603 | INFO     | steering_lite.benchmark.cache:cached:37 - cache hit judge-request 7e0cdc978aa8
2026-09-23 11:02:02.603 | INFO     | steering_lite.benchmark.cache:cached:37 - cache hit judge-request 4fc1f9aa75da
2026-09-23 11:02:02.605 | INFO     | steering_lite.benchmark.cache:cached:37 - cache hit judge-request b3f302bdd0a9
2026-09-23 11:02:02.608 | INFO     | steering_lite.benchmark.cache:cached:37 - cache hit judge-request e8d0a705431a
2026-09-23 11:02:02.609 | INFO     | steering_lite.benchmark.cache:cached:37 - cache hit judge-request cb4d2e05bfc6
2026-09-23 11:02:02.609 | INFO     | steering_lite.benchmark.cache:cached:37 - cache hit judge-request d23900301360
2026-09-23 11:02:02.609 | INFO     | steering_lite.benchmark.cache:cached:37 - cache hit judge-request 03b6071ed994
2026-09-23 11:02:02.610 | INFO     | steering_lite.benchmark.cache:cached:37 - cache hit judge-request c0ca18d3a4ea
2026-09-23 11:02:02.612 | INFO     | steering_lite.benchmark.cache:cached:37 - cache hit judge-request b26c6d5be7ad
2026-09-23 11:02:02.612 | INFO     | steering_lite.benchmark.cache:cached:37 - cache hit judge-request 1588edbfd97b
2026-09-23 11:02:02.613 | INFO     | steering_lite.benchmark.cache:cached:37 - cache hit judge-request 0d7d39a69856
2026-09-23 11:02:02.613 | INFO     | steering_lite.benchmark.cache:cached:37 - cache hit judge-request 56e8de262096
2026-09-23 11:02:02.613 | INFO     | steering_lite.benchmark.cache:cached:37 - cache hit judge-request f7cd2d55da2d
2026-09-23 11:02:02.616 | INFO     | steering_lite.benchmark.cache:cached:37 - cache hit judge-request 73b5bced97f6
2026-09-23 11:02:02.617 | INFO     | steering_lite.benchmark.cache:cached:37 - cache hit judge-request e87768e3270d
2026-09-23 11:02:02.618 | INFO     | steering_lite.benchmark.cache:cached:37 - cache hit judge-request 3d6f6c4f8b65
2026-09-23 11:02:02.618 | INFO     | steering_lite.benchmark.cache:cached:37 - cache hit judge-request 5d8021e71fde
2026-09-23 11:02:02.617 | INFO     | steering_lite.benchmark.cache:cached:37 - cache hit judge-request 792c104176a4
2026-09-23 11:02:02.618 | INFO     | steering_lite.benchmark.cache:cached:37 - cache hit judge-request 538df8a7bb5a
2026-09-23 11:02:02.618 | INFO     | steering_lite.benchmark.cache:cached:37 - cache hit judge-request eef89df23619
2026-09-23 11:02:02.619 | INFO     | steering_lite.benchmark.cache:cached:37 - cache hit judge-request bef4c834ccde
2026-09-23 11:02:02.621 | INFO     | steering_lite.benchmark.cache:cached:37 - cache hit judge-request d439ec7fa726
2026-09-23 11:02:02.622 | INFO     | steering_lite.benchmark.cache:cached:37 - cache hit judge-request 8cfe66827905
2026-09-23 11:02:02.622 | INFO     | steering_lite.benchmark.cache:cached:37 - cache hit judge-request 283a70936866
2026-09-23 11:02:02.623 | INFO     | steering_lite.benchmark.cache:cached:37 - cache hit judge-request ef018e22b8b1
2026-09-23 11:02:02.623 | INFO     | steering_lite.benchmark.cache:cached:37 - cache hit judge-request d36223587049
2026-09-23 11:02:02.627 | INFO     | steering_lite.benchmark.cache:cached:37 - cache hit judge-request 96af62423da1
2026-09-23 11:02:02.627 | INFO     | steering_lite.benchmark.cache:cached:37 - cache hit judge-request bdcb03fab2d5
2026-09-23 11:02:02.629 | INFO     | steering_lite.benchmark.cache:cached:37 - cache hit judge-request 06ff5cb73e19
2026-09-23 11:02:02.628 | INFO     | steering_lite.benchmark.cache:cached:37 - cache hit judge-request be32ab7b1d71
2026-09-23 11:02:02.629 | INFO     | steering_lite.benchmark.cache:cached:37 - cache hit judge-request 7866e8c170dd
2026-09-23 11:02:02.630 | INFO     | steering_lite.benchmark.cache:cached:37 - cache hit judge-request 7709470230c1
2026-09-23 11:02:02.630 | INFO     | steering_lite.benchmark.cache:cached:37 - cache hit judge-request b9111e886e1e
2026-09-23 11:02:02.630 | INFO     | steering_lite.benchmark.cache:cached:37 - cache hit judge-request afd8b02d953c
2026-09-23 11:02:02.630 | INFO     | steering_lite.benchmark.cache:cached:37 - cache hit judge-request 808251c088e5
2026-09-23 11:02:02.631 | INFO     | steering_lite.benchmark.cache:cached:37 - cache hit judge-request 78541f6a85a5
2026-09-23 11:02:02.631 | INFO     | steering_lite.benchmark.cache:cached:37 - cache hit judge-request 207e01ed907f
2026-09-23 11:02:02.632 | INFO     | steering_lite.benchmark.cache:cached:37 - cache hit judge-request 73b5e76cac0e
2026-09-23 11:02:02.632 | INFO     | steering_lite.benchmark.cache:cached:37 - cache hit judge-request 901cf6cb4379
2026-09-23 11:02:02.633 | INFO     | steering_lite.benchmark.cache:cached:37 - cache hit judge-request 0f104fd4bcf6
2026-09-23 11:02:02.637 | INFO     | steering_lite.benchmark.cache:cached:37 - cache hit judge-request 3b6d0ae4353a
2026-09-23 11:02:02.633 | INFO     | steering_lite.benchmark.cache:cached:37 - cache hit judge-request 73e20947aec5
2026-09-23 11:02:02.637 | INFO     | steering_lite.benchmark.cache:cached:37 - cache hit judge-request f3699f5c0f32
2026-09-23 11:02:02.633 | INFO     | steering_lite.benchmark.cache:cached:37 - cache hit judge-request ea70dfce4e1d
2026-09-23 11:02:02.637 | INFO     | steering_lite.benchmark.cache:cached:37 - cache hit judge-request e123b1d7c317
2026-09-23 11:02:02.638 | INFO     | steering_lite.benchmark.cache:cached:37 - cache hit judge-request c10d51d9d671
2026-09-23 11:02:02.638 | INFO     | steering_lite.benchmark.cache:cached:37 - cache hit judge-request 2580f6c2449d
2026-09-23 11:02:02.644 | INFO     | steering_lite.benchmark.cache:cached:37 - cache hit judge-request 4c7d7888b93b
2026-09-23 11:02:02.649 | INFO     | steering_lite.benchmark.cache:cached:37 - cache hit judge-request c156c43b5398
2026-09-23 11:02:02.645 | INFO     | steering_lite.benchmark.cache:cached:37 - cache hit judge-request 56bc34e8e0e5
2026-09-23 11:02:02.645 | INFO     | steering_lite.benchmark.cache:cached:37 - cache hit judge-request e47fc1e34961
2026-09-23 11:02:02.644 | INFO     | steering_lite.benchmark.cache:cached:37 - cache hit judge-request bc5e38bbbafa
2026-09-23 11:02:02.649 | INFO     | steering_lite.benchmark.cache:cached:37 - cache hit judge-request 3e7d9a276dde
2026-09-23 11:02:02.651 | INFO     | steering_lite.benchmark.cache:cached:37 - cache hit judge-request 15e5c61d2148
2026-09-23 11:02:02.651 | INFO     | steering_lite.benchmark.cache:cached:37 - cache hit judge-request c2e046a71028
2026-09-23 11:02:02.651 | INFO     | steering_lite.benchmark.cache:cached:37 - cache hit judge-request 7a53c909b504
2026-09-23 11:02:02.650 | INFO     | steering_lite.benchmark.cache:cached:37 - cache hit judge-request d5147969dfb0
2026-09-23 11:02:02.652 | INFO     | steering_lite.benchmark.cache:cached:37 - cache hit judge-request a8db44c36ef5
2026-09-23 11:02:02.652 | INFO     | steering_lite.benchmark.cache:cached:37 - cache hit judge-request 49699ff408de
2026-09-23 11:02:02.652 | INFO     | steering_lite.benchmark.cache:cached:37 - cache hit judge-request 131d71366784
2026-09-23 11:02:02.652 | INFO     | steering_lite.benchmark.cache:cached:37 - cache hit judge-request caee12d7842f
2026-09-23 11:02:02.652 | INFO     | steering_lite.benchmark.cache:cached:37 - cache hit judge-request d8e4d5da3b30
2026-09-23 11:02:02.653 | INFO     | steering_lite.benchmark.cache:cached:37 - cache hit judge-request bedba37f4074
2026-09-23 11:02:02.653 | INFO     | steering_lite.benchmark.cache:cached:37 - cache hit judge-request 43fe2b7e1781
2026-09-23 11:02:02.655 | INFO     | steering_lite.benchmark.cache:cached:37 - cache hit judge-request 64b9add0a306
2026-09-23 11:02:02.656 | INFO     | steering_lite.benchmark.cache:cached:37 - cache hit judge-request 4edbaf99b51c
2026-09-23 11:02:02.656 | INFO     | steering_lite.benchmark.cache:cached:37 - cache hit judge-request c2b1a4b96b6c
2026-09-23 11:02:02.656 | INFO     | steering_lite.benchmark.cache:cached:37 - cache hit judge-request 55ed2d505f29
2026-09-23 11:02:02.656 | INFO     | steering_lite.benchmark.cache:cached:37 - cache hit judge-request c1050c3ab8c8
2026-09-23 11:02:02.657 | INFO     | steering_lite.benchmark.cache:cached:37 - cache hit judge-request b762bb1bfed2
2026-09-23 11:02:02.658 | INFO     | steering_lite.benchmark.cache:cached:37 - cache hit judge-request ff9a13032c3c
2026-09-23 11:02:02.657 | INFO     | steering_lite.benchmark.cache:cached:37 - cache hit judge-request 74f486f01a00
2026-09-23 11:02:02.658 | INFO     | steering_lite.benchmark.cache:cached:37 - cache hit judge-request 42329cc02290
2026-09-23 11:02:02.659 | INFO     | steering_lite.benchmark.cache:cached:37 - cache hit judge-request e912879dd82f
2026-09-23 11:02:02.659 | INFO     | steering_lite.benchmark.cache:cached:37 - cache hit judge-request 977fb1fcd46c
2026-09-23 11:02:02.662 | INFO     | steering_lite.benchmark.cache:cached:37 - cache hit judge-request f137c740e4c7
2026-09-23 11:02:02.664 | INFO     | steering_lite.benchmark.cache:cached:37 - cache hit judge-request 1994b5b3df08
2026-09-23 11:02:02.665 | INFO     | steering_lite.benchmark.cache:cached:37 - cache hit judge-request 07183340c84d
2026-09-23 11:02:02.666 | INFO     | steering_lite.benchmark.cache:cached:37 - cache hit judge-request 963e2b15fd3a
2026-09-23 11:02:02.666 | INFO     | steering_lite.benchmark.cache:cached:37 - cache hit judge-request 2b275f003df8
2026-09-23 11:02:02.666 | INFO     | steering_lite.benchmark.cache:cached:37 - cache hit judge-request 42f3cf713507
2026-09-23 11:02:02.668 | INFO     | steering_lite.benchmark.cache:cached:37 - cache hit judge-request 29c9724edb61
2026-09-23 11:02:02.668 | INFO     | steering_lite.benchmark.cache:cached:37 - cache hit judge-request d5dfae7afbed
2026-09-23 11:02:02.669 | INFO     | steering_lite.benchmark.cache:cached:37 - cache hit judge-request 9bcb9b252983
2026-09-23 11:02:02.668 | INFO     | steering_lite.benchmark.cache:cached:37 - cache hit judge-request e996ee6254ac
2026-09-23 11:02:02.669 | INFO     | steering_lite.benchmark.cache:cached:37 - cache hit judge-request 7f5f7420e5ea
2026-09-23 11:02:02.670 | INFO     | steering_lite.benchmark.cache:cached:37 - cache hit judge-request fa5c81ab2371
2026-09-23 11:02:02.670 | INFO     | steering_lite.benchmark.cache:cached:37 - cache hit judge-request d0990e802a26
2026-09-23 11:02:02.671 | INFO     | steering_lite.benchmark.cache:cached:37 - cache hit judge-request 8772aabad654
2026-09-23 11:02:02.671 | INFO     | steering_lite.benchmark.cache:cached:37 - cache hit judge-request 1ac76a1d8eb8
2026-09-23 11:02:02.672 | INFO     | steering_lite.benchmark.cache:cached:37 - cache hit judge-request 765d08f19c98
2026-09-23 11:02:02.672 | INFO     | steering_lite.benchmark.cache:cached:37 - cache hit judge-request 2e62ac124dce
2026-09-23 11:02:02.673 | INFO     | steering_lite.benchmark.cache:cached:37 - cache hit judge-request 600ed9b39276
2026-09-23 11:02:02.673 | INFO     | steering_lite.benchmark.cache:cached:37 - cache hit judge-request 109c89489263
2026-09-23 11:02:02.673 | INFO     | steering_lite.benchmark.cache:cached:37 - cache hit judge-request af1687ea0138
2026-09-23 11:02:02.673 | INFO     | steering_lite.benchmark.cache:cached:37 - cache hit judge-request 7f3a8a8a2963
2026-09-23 11:02:02.674 | INFO     | steering_lite.benchmark.cache:cached:37 - cache hit judge-request b3fb85276a5d
2026-09-23 11:02:02.674 | INFO     | steering_lite.benchmark.cache:cached:37 - cache hit judge-request ecf42edf0fb6
2026-09-23 11:02:02.675 | INFO     | steering_lite.benchmark.cache:cached:37 - cache hit judge-request 5c612153732f
2026-09-23 11:02:02.675 | INFO     | steering_lite.benchmark.cache:cached:37 - cache hit judge-request 3da97eccffae
2026-09-23 11:02:02.675 | INFO     | steering_lite.benchmark.cache:cached:37 - cache hit judge-request 295218b0dbd5
2026-09-23 11:02:02.675 | INFO     | steering_lite.benchmark.cache:cached:37 - cache hit judge-request 7595e228bd84
2026-09-23 11:02:02.676 | INFO     | steering_lite.benchmark.cache:cached:37 - cache hit judge-request e9ae8cc94669
2026-09-23 11:02:02.676 | INFO     | steering_lite.benchmark.cache:cached:37 - cache hit judge-request 1ca12714df45
2026-09-23 11:02:02.677 | INFO     | steering_lite.benchmark.cache:cached:37 - cache hit judge-request 62bee71cf106
2026-09-23 11:02:02.677 | INFO     | steering_lite.benchmark.cache:cached:37 - cache hit judge-request 09c3b5a85ec1
2026-09-23 11:02:02.678 | INFO     | steering_lite.benchmark.cache:cached:37 - cache hit judge-request 52e0f85f2bd3
2026-09-23 11:02:02.679 | INFO     | steering_lite.benchmark.cache:cached:37 - cache hit judge-request 0b3edd86ce2e
2026-09-23 11:02:02.679 | INFO     | steering_lite.benchmark.cache:cached:37 - cache hit judge-request af49c18b94ce
2026-09-23 11:02:02.680 | INFO     | steering_lite.benchmark.cache:cached:37 - cache hit judge-request 2dcc70f3a84f
2026-09-23 11:02:02.680 | INFO     | steering_lite.benchmark.cache:cached:37 - cache hit judge-request b0fdae9b882d
2026-09-23 11:02:02.684 | INFO     | steering_lite.benchmark.cache:cached:37 - cache hit judge-request 8ebbd4ec78b0
2026-09-23 11:02:02.681 | INFO     | steering_lite.benchmark.cache:cached:37 - cache hit judge-request d26fa2ad7bd8
2026-09-23 11:02:02.681 | INFO     | steering_lite.benchmark.cache:cached:37 - cache hit judge-request a4fb49cc8505
2026-09-23 11:02:02.685 | INFO     | steering_lite.benchmark.cache:cached:37 - cache hit judge-request ef476cc19e81
2026-09-23 11:02:02.685 | INFO     | steering_lite.benchmark.cache:cached:37 - cache hit judge-request 2c559c0ca487
2026-09-23 11:02:02.686 | INFO     | steering_lite.benchmark.cache:cached:37 - cache hit judge-request b99efa5deff6
2026-09-23 11:02:02.687 | INFO     | steering_lite.benchmark.cache:cached:37 - cache hit judge-request 75b5a6e47dda
2026-09-23 11:02:02.686 | INFO     | steering_lite.benchmark.cache:cached:37 - cache hit judge-request 4a9a9bca5a2c
2026-09-23 11:02:02.686 | INFO     | steering_lite.benchmark.cache:cached:37 - cache hit judge-request 36a62e346981
2026-09-23 11:02:02.687 | INFO     | steering_lite.benchmark.cache:cached:37 - cache hit judge-request 8937e8e65415
2026-09-23 11:02:02.691 | INFO     | steering_lite.benchmark.cache:cached:37 - cache hit judge-request 0c8a279cb334
2026-09-23 11:02:02.687 | INFO     | steering_lite.benchmark.cache:cached:37 - cache hit judge-request 9ab49147f17e
2026-09-23 11:02:02.687 | INFO     | steering_lite.benchmark.cache:cached:37 - cache hit judge-request a328b6922cb6
2026-09-23 11:02:02.692 | INFO     | steering_lite.benchmark.cache:cached:37 - cache hit judge-request a8f3a0337f2b
2026-09-23 11:02:02.692 | INFO     | steering_lite.benchmark.cache:cached:37 - cache hit judge-request 4ab7897d40d8
2026-09-23 11:02:02.692 | INFO     | steering_lite.benchmark.cache:cached:37 - cache hit judge-request aa1ae698b289
2026-09-23 11:02:02.692 | INFO     | steering_lite.benchmark.cache:cached:37 - cache hit judge-request c017f05e6695
2026-09-23 11:02:02.693 | INFO     | steering_lite.benchmark.cache:cached:37 - cache hit judge-request 96047b8320a5
2026-09-23 11:02:02.694 | INFO     | steering_lite.benchmark.cache:cached:37 - cache hit judge-request 3b12018cb77a
2026-09-23 11:02:02.694 | INFO     | steering_lite.benchmark.cache:cached:37 - cache hit judge-request d521e0dfa47e
2026-09-23 11:02:02.695 | INFO     | steering_lite.benchmark.cache:cached:37 - cache hit judge-request aa9d86f9eb3c
2026-09-23 11:02:02.695 | INFO     | steering_lite.benchmark.cache:cached:37 - cache hit judge-request 05b0d7d09d96
2026-09-23 11:02:02.695 | INFO     | steering_lite.benchmark.cache:cached:37 - cache hit judge-request 53cc14f620f7
2026-09-23 11:02:02.695 | INFO     | steering_lite.benchmark.cache:cached:37 - cache hit judge-request cc9b83e67ad2
2026-09-23 11:02:02.697 | INFO     | steering_lite.benchmark.cache:cached:37 - cache hit judge-request 5f298aa5b860
2026-09-23 11:02:02.695 | INFO     | steering_lite.benchmark.cache:cached:37 - cache hit judge-request c8295033abc7
2026-09-23 11:02:02.697 | INFO     | steering_lite.benchmark.cache:cached:37 - cache hit judge-request b3bb840f71f6
2026-09-23 11:02:02.697 | INFO     | steering_lite.benchmark.cache:cached:37 - cache hit judge-request 42535d870e2a
2026-09-23 11:02:02.698 | INFO     | steering_lite.benchmark.cache:cached:37 - cache hit judge-request f7468129ee72
2026-09-23 11:02:02.698 | INFO     | steering_lite.benchmark.cache:cached:37 - cache hit judge-request 61e302f3c5ae
2026-09-23 11:02:02.699 | INFO     | steering_lite.benchmark.cache:cached:37 - cache hit judge-request 38dc11d171c3
2026-09-23 11:02:02.699 | INFO     | steering_lite.benchmark.cache:cached:37 - cache hit judge-request 9de18cfa076d
2026-09-23 11:02:02.700 | INFO     | steering_lite.benchmark.cache:cached:37 - cache hit judge-request 8d1cab45b3ea
2026-09-23 11:02:02.700 | INFO     | steering_lite.benchmark.cache:cached:37 - cache hit judge-request d8f59842c8b4
2026-09-23 11:02:02.700 | INFO     | steering_lite.benchmark.cache:cached:37 - cache hit judge-request a5b68f4eb76c
2026-09-23 11:02:02.701 | INFO     | steering_lite.benchmark.cache:cached:37 - cache hit judge-request 060624ab066c
2026-09-23 11:02:02.701 | INFO     | steering_lite.benchmark.cache:cached:37 - cache hit judge-request 84c09aa07e6e
2026-09-23 11:02:02.703 | INFO     | steering_lite.benchmark.cache:cached:37 - cache hit judge-request e051c9940be0
2026-09-23 11:02:02.702 | INFO     | steering_lite.benchmark.cache:cached:37 - cache hit judge-request 3108d32f6264
2026-09-23 11:02:02.703 | INFO     | steering_lite.benchmark.cache:cached:37 - cache hit judge-request 9a73a03cd532
2026-09-23 11:02:02.702 | INFO     | steering_lite.benchmark.cache:cached:37 - cache hit judge-request 45cf97dd21ca
2026-09-23 11:02:02.701 | INFO     | steering_lite.benchmark.cache:cached:37 - cache hit judge-request 9c06d2d2c1a5
2026-09-23 11:02:02.704 | INFO     | steering_lite.benchmark.cache:cached:37 - cache hit judge-request d481ab13cb53
2026-09-23 11:02:02.702 | INFO     | steering_lite.benchmark.cache:cached:37 - cache hit judge-request 0d1595620ab8
2026-09-23 11:02:02.704 | INFO     | steering_lite.benchmark.cache:cached:37 - cache hit judge-request 7e0982a12880
2026-09-23 11:02:02.706 | INFO     | steering_lite.benchmark.cache:cached:37 - cache hit judge-request 9b24ede3f7a6
2026-09-23 11:02:02.705 | INFO     | steering_lite.benchmark.cache:cached:37 - cache hit judge-request 9bce0ded673b
2026-09-23 11:02:02.705 | INFO     | steering_lite.benchmark.cache:cached:37 - cache hit judge-request 608b7eaed74c
2026-09-23 11:02:02.707 | INFO     | steering_lite.benchmark.cache:cached:37 - cache hit judge-request 2db0df245aee
2026-09-23 11:02:02.707 | INFO     | steering_lite.benchmark.cache:cached:37 - cache hit judge-request dee541215ad7
2026-09-23 11:02:02.706 | INFO     | steering_lite.benchmark.cache:cached:37 - cache hit judge-request 6fb3457c6edc
2026-09-23 11:02:02.708 | INFO     | steering_lite.benchmark.cache:cached:37 - cache hit judge-request 937e0fb9d4fa
2026-09-23 11:02:02.708 | INFO     | steering_lite.benchmark.cache:cached:37 - cache hit judge-request c5827593c66a
2026-09-23 11:02:02.709 | INFO     | steering_lite.benchmark.cache:cached:37 - cache hit judge-request 4ed3aaf9fe07
2026-09-23 11:02:02.708 | INFO     | steering_lite.benchmark.cache:cached:37 - cache hit judge-request 29e1b13a3115
2026-09-23 11:02:02.709 | INFO     | steering_lite.benchmark.cache:cached:37 - cache hit judge-request 00b06c4a4a6c
2026-09-23 11:02:02.708 | INFO     | steering_lite.benchmark.cache:cached:37 - cache hit judge-request 412b6feefdb9
2026-09-23 11:02:02.710 | INFO     | steering_lite.benchmark.cache:cached:37 - cache hit judge-request 24646435ce76
2026-09-23 11:02:02.710 | INFO     | steering_lite.benchmark.cache:cached:37 - cache hit judge-request 1a8d6f891a92
2026-09-23 11:02:02.711 | INFO     | steering_lite.benchmark.cache:cached:37 - cache hit judge-request c5b053ff2a2f
2026-09-23 11:02:02.711 | INFO     | steering_lite.benchmark.cache:cached:37 - cache hit judge-request 140917c527ad
2026-09-23 11:02:02.711 | INFO     | steering_lite.benchmark.cache:cached:37 - cache hit judge-request 5f6843f34626
2026-09-23 11:02:02.711 | INFO     | steering_lite.benchmark.cache:cached:37 - cache hit judge-request 68c8f1cbb42e
2026-09-23 11:02:02.712 | INFO     | steering_lite.benchmark.cache:cached:37 - cache hit judge-request 26523e09d55c
2026-09-23 11:02:02.713 | INFO     | steering_lite.benchmark.cache:cached:37 - cache hit judge-request b368f7f5c416
2026-09-23 11:02:02.713 | INFO     | steering_lite.benchmark.cache:cached:37 - cache hit judge-request 242c1f1cc743
2026-09-23 11:02:02.714 | INFO     | steering_lite.benchmark.cache:cached:37 - cache hit judge-request 4bfe776a3c90
2026-09-23 11:02:02.714 | INFO     | steering_lite.benchmark.cache:cached:37 - cache hit judge-request 72c99aa74d3c
2026-09-23 11:02:02.714 | INFO     | steering_lite.benchmark.cache:cached:37 - cache hit judge-request 62931b9c3d3b
2026-09-23 11:02:02.715 | INFO     | steering_lite.benchmark.cache:cached:37 - cache hit judge-request 13a320ecbce0
2026-09-23 11:02:02.715 | INFO     | steering_lite.benchmark.cache:cached:37 - cache hit judge-request 59a8673d121f
2026-09-23 11:02:02.715 | INFO     | steering_lite.benchmark.cache:cached:37 - cache hit judge-request 5a10af93052a
2026-09-23 11:02:02.716 | INFO     | steering_lite.benchmark.cache:cached:37 - cache hit judge-request 44f819650c82
2026-09-23 11:02:02.717 | INFO     | steering_lite.benchmark.cache:cached:37 - cache hit judge-request 4075c079aa00
2026-09-23 11:02:02.717 | INFO     | steering_lite.benchmark.cache:cached:37 - cache hit judge-request 806ce0ef234e
2026-09-23 11:02:02.717 | INFO     | steering_lite.benchmark.cache:cached:37 - cache hit judge-request 5c8675c77d79
2026-09-23 11:02:02.718 | INFO     | steering_lite.benchmark.cache:cached:37 - cache hit judge-request f60112fe058c
2026-09-23 11:02:02.718 | INFO     | steering_lite.benchmark.cache:cached:37 - cache hit judge-request 1b07801c9bc6
2026-09-23 11:02:02.718 | INFO     | steering_lite.benchmark.cache:cached:37 - cache hit judge-request ed40552a16cc
2026-09-23 11:02:02.717 | INFO     | steering_lite.benchmark.cache:cached:37 - cache hit judge-request 7afd8fcea8f7
2026-09-23 11:02:02.719 | INFO     | steering_lite.benchmark.cache:cached:37 - cache hit judge-request e390514d66ec
2026-09-23 11:02:02.719 | INFO     | steering_lite.benchmark.cache:cached:37 - cache hit judge-request 8c7aa63263ef
2026-09-23 11:02:02.720 | INFO     | steering_lite.benchmark.cache:cached:37 - cache hit judge-request 2457632fcfd8
2026-09-23 11:02:02.720 | INFO     | steering_lite.benchmark.cache:cached:37 - cache hit judge-request fe5aa902d0d7
2026-09-23 11:02:02.720 | INFO     | steering_lite.benchmark.cache:cached:37 - cache hit judge-request 3168955219fe
2026-09-23 11:02:02.722 | INFO     | steering_lite.benchmark.cache:cached:37 - cache hit judge-request 88aa9028fe4a
2026-09-23 11:02:02.721 | INFO     | steering_lite.benchmark.cache:cached:37 - cache hit judge-request a809303756fd
2026-09-23 11:02:02.721 | INFO     | steering_lite.benchmark.cache:cached:37 - cache hit judge-request b1a76903c842
2026-09-23 11:02:02.722 | INFO     | steering_lite.benchmark.cache:cached:37 - cache hit judge-request bb79a0c3095c
2026-09-23 11:02:02.723 | INFO     | steering_lite.benchmark.cache:cached:37 - cache hit judge-request dbfe82805428
2026-09-23 11:02:02.724 | INFO     | steering_lite.benchmark.cache:cached:37 - cache hit judge-request 17f78ed61185
2026-09-23 11:02:02.724 | INFO     | steering_lite.benchmark.cache:cached:37 - cache hit judge-request 0e7d45bffb3c
2026-09-23 11:02:02.725 | INFO     | steering_lite.benchmark.cache:cached:37 - cache hit judge-request 1b50bbdf195a
2026-09-23 11:02:02.725 | INFO     | steering_lite.benchmark.cache:cached:37 - cache hit judge-request c63197cafe28
2026-09-23 11:02:02.724 | INFO     | steering_lite.benchmark.cache:cached:37 - cache hit judge-request 68c06994b1f4
2026-09-23 11:02:02.723 | INFO     | steering_lite.benchmark.cache:cached:37 - cache hit judge-request db330ca198c7
2026-09-23 11:02:02.726 | INFO     | steering_lite.benchmark.cache:cached:37 - cache hit judge-request 53e416c5fad0
2026-09-23 11:02:02.727 | INFO     | steering_lite.benchmark.cache:cached:37 - cache hit judge-request e078b13e6001
2026-09-23 11:02:02.726 | INFO     | steering_lite.benchmark.cache:cached:37 - cache hit judge-request f9471b6ec71a
2026-09-23 11:02:02.727 | INFO     | steering_lite.benchmark.cache:cached:37 - cache hit judge-request 903e321f1ed9
2026-09-23 11:02:02.727 | INFO     | steering_lite.benchmark.cache:cached:37 - cache hit judge-request e9ee1516642e
2026-09-23 11:02:02.728 | INFO     | steering_lite.benchmark.cache:cached:37 - cache hit judge-request 37553e414440
2026-09-23 11:02:02.728 | INFO     | steering_lite.benchmark.cache:cached:37 - cache hit judge-request 4632b307278f
2026-09-23 11:02:02.729 | INFO     | steering_lite.benchmark.cache:cached:37 - cache hit judge-request fa4881215a9b
2026-09-23 11:02:02.729 | INFO     | steering_lite.benchmark.cache:cached:37 - cache hit judge-request 29ac0dd84da4
2026-09-23 11:02:02.729 | INFO     | steering_lite.benchmark.cache:cached:37 - cache hit judge-request 2f181538d594
2026-09-23 11:02:02.730 | INFO     | steering_lite.benchmark.cache:cached:37 - cache hit judge-request 2175d1314cd0
2026-09-23 11:02:02.730 | INFO     | steering_lite.benchmark.cache:cached:37 - cache hit judge-request e4d75926e7f3
2026-09-23 11:02:02.731 | INFO     | steering_lite.benchmark.cache:cached:37 - cache hit judge-request 06c10e5ad509
2026-09-23 11:02:02.731 | INFO     | steering_lite.benchmark.cache:cached:37 - cache hit judge-request 61517a0230e4
2026-09-23 11:02:02.731 | INFO     | steering_lite.benchmark.cache:cached:37 - cache hit judge-request 64e663861570
2026-09-23 11:02:02.732 | INFO     | steering_lite.benchmark.cache:cached:37 - cache hit judge-request f8921e442638
2026-09-23 11:02:02.731 | INFO     | steering_lite.benchmark.cache:cached:37 - cache hit judge-request caaece375036
2026-09-23 11:02:02.732 | INFO     | steering_lite.benchmark.cache:cached:37 - cache hit judge-request 2a2ebfe67821
2026-09-23 11:02:02.733 | INFO     | steering_lite.benchmark.cache:cached:37 - cache hit judge-request aa728a3e2011
2026-09-23 11:02:02.734 | INFO     | steering_lite.benchmark.cache:cached:37 - cache hit judge-request d6560246d9e0
2026-09-23 11:02:02.734 | INFO     | steering_lite.benchmark.cache:cached:37 - cache hit judge-request 04760934a148
2026-09-23 11:02:02.734 | INFO     | steering_lite.benchmark.cache:cached:37 - cache hit judge-request 923cce94de60
2026-09-23 11:02:02.733 | INFO     | steering_lite.benchmark.cache:cached:37 - cache hit judge-request 518228455a38
2026-09-23 11:02:02.733 | INFO     | steering_lite.benchmark.cache:cached:37 - cache hit judge-request 79d4573f44fd
2026-09-23 11:02:02.735 | INFO     | steering_lite.benchmark.cache:cached:37 - cache hit judge-request 684956a85c0e
2026-09-23 11:02:02.736 | INFO     | steering_lite.benchmark.cache:cached:37 - cache hit judge-request af1d675b9e99
2026-09-23 11:02:02.736 | INFO     | steering_lite.benchmark.cache:cached:37 - cache hit judge-request 0ae01862dcca
2026-09-23 11:02:02.735 | INFO     | steering_lite.benchmark.cache:cached:37 - cache hit judge-request 01c8de757b58
2026-09-23 11:02:02.736 | INFO     | steering_lite.benchmark.cache:cached:37 - cache hit judge-request 04d11359ee27
2026-09-23 11:02:02.737 | INFO     | steering_lite.benchmark.cache:cached:37 - cache hit judge-request dfc2665ee366
2026-09-23 11:02:02.738 | INFO     | steering_lite.benchmark.cache:cached:37 - cache hit judge-request 1c7c778b95bb
2026-09-23 11:02:02.738 | INFO     | steering_lite.benchmark.cache:cached:37 - cache hit judge-request 4e442fb587a0
2026-09-23 11:02:02.738 | INFO     | steering_lite.benchmark.cache:cached:37 - cache hit judge-request a08787be1201
2026-09-23 11:02:02.737 | INFO     | steering_lite.benchmark.cache:cached:37 - cache hit judge-request c8f02019477a
2026-09-23 11:02:02.739 | INFO     | steering_lite.benchmark.cache:cached:37 - cache hit judge-request 707fe498a703
2026-09-23 11:02:02.740 | INFO     | steering_lite.benchmark.cache:cached:37 - cache hit judge-request dfbe584278cc
2026-09-23 11:02:02.739 | INFO     | steering_lite.benchmark.cache:cached:37 - cache hit judge-request dc1cab0aa086
2026-09-23 11:02:02.739 | INFO     | steering_lite.benchmark.cache:cached:37 - cache hit judge-request 5d3fc036d7a1
2026-09-23 11:02:02.740 | INFO     | steering_lite.benchmark.cache:cached:37 - cache hit judge-request de299859f726
2026-09-23 11:02:02.741 | INFO     | steering_lite.benchmark.cache:cached:37 - cache hit judge-request f28afe39aaf2
2026-09-23 11:02:02.742 | INFO     | steering_lite.benchmark.cache:cached:37 - cache hit judge-request c743fd2d920c
2026-09-23 11:02:02.742 | INFO     | steering_lite.benchmark.cache:cached:37 - cache hit judge-request b766efc74fe9
2026-09-23 11:02:02.742 | INFO     | steering_lite.benchmark.cache:cached:37 - cache hit judge-request b49661abb595
2026-09-23 11:02:02.741 | INFO     | steering_lite.benchmark.cache:cached:37 - cache hit judge-request 0984744089f5
2026-09-23 11:02:02.744 | INFO     | steering_lite.benchmark.cache:cached:37 - cache hit judge-request dd7c7dfb231a
2026-09-23 11:02:02.743 | INFO     | steering_lite.benchmark.cache:cached:37 - cache hit judge-request da5ffff77e6e
2026-09-23 11:02:02.743 | INFO     | steering_lite.benchmark.cache:cached:37 - cache hit judge-request 37fd3e93070a
2026-09-23 11:02:02.743 | INFO     | steering_lite.benchmark.cache:cached:37 - cache hit judge-request e56db13b934c
2026-09-23 11:02:02.743 | INFO     | steering_lite.benchmark.cache:cached:37 - cache hit judge-request abee5bb101f9
2026-09-23 11:02:02.744 | INFO     | steering_lite.benchmark.cache:cached:37 - cache hit judge-request 0b61deb9e9f5
2026-09-23 11:02:02.745 | INFO     | steering_lite.benchmark.cache:cached:37 - cache hit judge-request 0faccfdb64e1
2026-09-23 11:02:02.745 | INFO     | steering_lite.benchmark.cache:cached:37 - cache hit judge-request b76fde2dfd41
2026-09-23 11:02:02.746 | INFO     | steering_lite.benchmark.cache:cached:37 - cache hit judge-request ee7df093016c
2026-09-23 11:02:02.746 | INFO     | steering_lite.benchmark.cache:cached:37 - cache hit judge-request f3f67bed75bc
2026-09-23 11:02:02.747 | INFO     | steering_lite.benchmark.cache:cached:37 - cache hit judge-request bf977957f8bd
2026-09-23 11:02:02.747 | INFO     | steering_lite.benchmark.cache:cached:37 - cache hit judge-request 6120810d2b8b
2026-09-23 11:02:02.748 | INFO     | steering_lite.benchmark.cache:cached:37 - cache hit judge-request f87244fa1f8d
2026-09-23 11:02:02.748 | INFO     | steering_lite.benchmark.cache:cached:37 - cache hit judge-request 0d01e0790161
2026-09-23 11:02:02.747 | INFO     | steering_lite.benchmark.cache:cached:37 - cache hit judge-request 62ebbcefeec2
2026-09-23 11:02:02.747 | INFO     | steering_lite.benchmark.cache:cached:37 - cache hit judge-request 48ea393a21cf
2026-09-23 11:02:02.747 | INFO     | steering_lite.benchmark.cache:cached:37 - cache hit judge-request 546572a65dfe
2026-09-23 11:02:02.749 | INFO     | steering_lite.benchmark.cache:cached:37 - cache hit judge-request 1e0f64d08d01
2026-09-23 11:02:02.749 | INFO     | steering_lite.benchmark.cache:cached:37 - cache hit judge-request 23267fba02f1
2026-09-23 11:02:02.750 | INFO     | steering_lite.benchmark.cache:cached:37 - cache hit judge-request 16f5438d9926
2026-09-23 11:02:02.750 | INFO     | steering_lite.benchmark.cache:cached:37 - cache hit judge-request 06a5c9e49923
2026-09-23 11:02:02.750 | INFO     | steering_lite.benchmark.cache:cached:37 - cache hit judge-request 49f213b124e8
2026-09-23 11:02:02.753 | INFO     | steering_lite.benchmark.cache:cached:37 - cache hit judge-request bb48e0da95af
2026-09-23 11:02:02.753 | INFO     | steering_lite.benchmark.cache:cached:37 - cache hit judge-request f56701a8994f
2026-09-23 11:02:02.754 | INFO     | steering_lite.benchmark.cache:cached:37 - cache hit judge-request 7def18faebe3
2026-09-23 11:02:02.754 | INFO     | steering_lite.benchmark.cache:cached:37 - cache hit judge-request 64334378d699
2026-09-23 11:02:02.754 | INFO     | steering_lite.benchmark.cache:cached:37 - cache hit judge-request 0b26d2271a7e
2026-09-23 11:02:02.755 | INFO     | steering_lite.benchmark.cache:cached:37 - cache hit judge-request c3efd9f4ce55
2026-09-23 11:02:02.756 | INFO     | steering_lite.benchmark.cache:cached:37 - cache hit judge-request 9b685bd66f93
2026-09-23 11:02:02.756 | INFO     | steering_lite.benchmark.cache:cached:37 - cache hit judge-request 2ebba42723fc
2026-09-23 11:02:02.760 | INFO     | steering_lite.benchmark.cache:cached:37 - cache hit judge-request 03102c71fe62
2026-09-23 11:02:02.760 | INFO     | steering_lite.benchmark.cache:cached:37 - cache hit judge-request 1a7396d90e8d
2026-09-23 11:02:02.760 | INFO     | steering_lite.benchmark.cache:cached:37 - cache hit judge-request b73f39ecb789
2026-09-23 11:02:02.764 | INFO     | steering_lite.benchmark.cache:cached:37 - cache hit judge-request 98ce70f97945
2026-09-23 11:02:02.763 | INFO     | steering_lite.benchmark.cache:cached:37 - cache hit judge-request 0b677c9b1f2c
2026-09-23 11:02:02.763 | INFO     | steering_lite.benchmark.cache:cached:37 - cache hit judge-request 2dfea2112c65
2026-09-23 11:02:02.764 | INFO     | steering_lite.benchmark.cache:cached:37 - cache hit judge-request 78182426b0cb
2026-09-23 11:02:02.765 | INFO     | steering_lite.benchmark.cache:cached:37 - cache hit judge-request 1d34ff21a5ff
2026-09-23 11:02:02.763 | INFO     | steering_lite.benchmark.cache:cached:37 - cache hit judge-request 6a054c4d84d4
2026-09-23 11:02:02.766 | INFO     | steering_lite.benchmark.cache:cached:37 - cache hit judge-request 542bec7866e2
2026-09-23 11:02:02.766 | INFO     | steering_lite.benchmark.cache:cached:37 - cache hit judge-request 9a2b88798899
2026-09-23 11:02:02.767 | INFO     | steering_lite.benchmark.cache:cached:37 - cache hit judge-request bee3b3344104
2026-09-23 11:02:02.767 | INFO     | steering_lite.benchmark.cache:cached:37 - cache hit judge-request 711ac3c15ba3
2026-09-23 11:02:02.768 | INFO     | steering_lite.benchmark.cache:cached:37 - cache hit judge-request f7b7911c190b
2026-09-23 11:02:02.768 | INFO     | steering_lite.benchmark.cache:cached:39 - cache miss judge-request 4a7553156402
2026-09-23 11:02:02.768 | INFO     | steering_lite.benchmark.cache:cached:37 - cache hit judge-request 4f61f352e814
2026-09-23 11:02:02.769 | INFO     | steering_lite.benchmark.cache:cached:37 - cache hit judge-request 3bc8e6d1d6f5
2026-09-23 11:02:02.769 | INFO     | steering_lite.benchmark.cache:cached:37 - cache hit judge-request 195b1c74f508
2026-09-23 11:02:02.770 | INFO     | steering_lite.benchmark.cache:cached:37 - cache hit judge-request f1235ff080f3
2026-09-23 11:02:02.772 | INFO     | steering_lite.benchmark.cache:cached:37 - cache hit judge-request d6b37a1f0c28
2026-09-23 11:02:02.772 | INFO     | steering_lite.benchmark.cache:cached:37 - cache hit judge-request 292dfb2143d4
2026-09-23 11:02:02.772 | INFO     | steering_lite.benchmark.cache:cached:37 - cache hit judge-request cbff3c3e08d3
2026-09-23 11:02:02.773 | INFO     | steering_lite.benchmark.cache:cached:37 - cache hit judge-request 429503ce6444
{"budget_including_ancillary_usd": "45.34490948803333", "cached": 387, "denied_reservations": 1, "dry_probe": "denied_before_first_judge_reservation", "ledger_unchanged": true, "outputs_unchanged": true, "uncached": 333, "validated_requests": 720}
