2026-09-22 19:53:35.908 | INFO     | steering_lite.data.personas:load_suffixes:47 - Loaded 200 branching suffixes
2026-09-22 19:53:35.912 | INFO     | steering_lite.benchmark.cache:cached:39 - cache miss generation 3eaa2939ffe8
2026-09-22 19:53:35.915 | INFO     | steering_lite.benchmark.cache:cached:39 - cache miss generation-health aad5a350a851
2026-09-22 19:53:35.919 | INFO     | steering_lite.benchmark.cache:cached:39 - cache miss generation 092933cc9185
2026-09-22 19:53:35.921 | INFO     | steering_lite.benchmark.cache:cached:39 - cache miss generation-health 9440ec3d54d7
2026-09-22 19:53:35.923 | INFO     | steering_lite.benchmark.cache:cached:39 - cache miss target-aware-requests bf2a378686b6
2026-09-22 19:53:35.926 | INFO     | steering_lite.benchmark.cache:cached:39 - cache miss blind-requests ce3ffb906e43
2026-09-22 19:53:35.930 | INFO     | steering_lite.benchmark.cache:cached:39 - cache miss persona-validation 8743c13be419
2026-09-22 19:53:35.933 | INFO     | steering_lite.benchmark.cache:cached:39 - cache miss calibration-candidates 660d64c0fc59
2026-09-22 19:53:35.936 | INFO     | steering_lite.benchmark.cache:cached:39 - cache miss candidate-health bc776ca79b16
2026-09-22 19:53:35.938 | INFO     | steering_lite.benchmark.cache:cached:39 - cache miss candidate-aware b35edbcc7862
2026-09-22 19:53:35.941 | INFO     | steering_lite.benchmark.cache:cached:39 - cache miss calibration-candidates 5fcddad82c05
2026-09-22 19:53:35.944 | INFO     | steering_lite.benchmark.cache:cached:39 - cache miss candidate-health 0804dba2e291
2026-09-22 19:53:35.948 | INFO     | steering_lite.benchmark.cache:cached:39 - cache miss candidate-aware da5eccc80b93
2026-09-22 19:53:35.951 | INFO     | steering_lite.benchmark.cache:cached:39 - cache miss calibration-candidates 2383b62fb8aa
2026-09-22 19:53:35.953 | INFO     | steering_lite.benchmark.cache:cached:39 - cache miss candidate-health 847626795800
2026-09-22 19:53:35.955 | INFO     | steering_lite.benchmark.cache:cached:39 - cache miss candidate-aware 5836d7e255dc
2026-09-22 19:53:35.958 | INFO     | steering_lite.benchmark.cache:cached:39 - cache miss calibration-candidates 009649154210
2026-09-22 19:53:35.960 | INFO     | steering_lite.benchmark.cache:cached:39 - cache miss candidate-health 5fd1cee72fa0
2026-09-22 19:53:35.962 | INFO     | steering_lite.benchmark.cache:cached:39 - cache miss candidate-aware ffb36012dca3
2026-09-22 19:53:35.966 | INFO     | steering_lite.benchmark.cache:cached:39 - cache miss calibration-candidates 06da4c5ecbdb
2026-09-22 19:53:35.969 | INFO     | steering_lite.benchmark.cache:cached:39 - cache miss candidate-health 3f2c82a72602
2026-09-22 19:53:35.972 | INFO     | steering_lite.benchmark.cache:cached:39 - cache miss candidate-aware 04c801121ee5
2026-09-22 19:53:35.976 | INFO     | steering_lite.benchmark.cache:cached:39 - cache miss calibration-candidates 17b5a17c1f7a
2026-09-22 19:53:35.979 | INFO     | steering_lite.benchmark.cache:cached:39 - cache miss candidate-health 023d162585a0
2026-09-22 19:53:35.982 | INFO     | steering_lite.benchmark.cache:cached:39 - cache miss candidate-aware b88cf9baa306
2026-09-22 19:53:35.985 | INFO     | steering_lite.benchmark.cache:cached:39 - cache miss calibration-candidates dff79cbb8c61
2026-09-22 19:53:35.987 | INFO     | steering_lite.benchmark.cache:cached:39 - cache miss candidate-health a4b89fa78a93
2026-09-22 19:53:35.994 | INFO     | steering_lite.benchmark.cache:cached:39 - cache miss candidate-aware a7ab786d0130
2026-09-22 19:53:35.997 | INFO     | steering_lite.benchmark.cache:cached:39 - cache miss calibration-candidates 10388a154b34
2026-09-22 19:53:36.000 | INFO     | steering_lite.benchmark.cache:cached:39 - cache miss candidate-health 3a616a139bdc
2026-09-22 19:53:36.002 | INFO     | steering_lite.benchmark.cache:cached:39 - cache miss candidate-aware d6e18ddb7a7b
2026-09-22 19:53:36.006 | INFO     | steering_lite.benchmark.cache:cached:39 - cache miss calibration-candidates 198b46960a01
2026-09-22 19:53:36.010 | INFO     | steering_lite.benchmark.cache:cached:39 - cache miss candidate-health 6dd6314dfeba
2026-09-22 19:53:36.012 | INFO     | steering_lite.benchmark.cache:cached:39 - cache miss candidate-aware 0db2f496a5ba
2026-09-22 19:53:36.017 | INFO     | steering_lite.benchmark.cache:cached:39 - cache miss calibration-candidates d605130acabd
2026-09-22 19:53:36.022 | INFO     | steering_lite.benchmark.cache:cached:39 - cache miss candidate-health c494b0c5f87a
2026-09-22 19:53:36.024 | INFO     | steering_lite.benchmark.cache:cached:39 - cache miss candidate-aware 041223681fe5
2026-09-22 19:53:36.182 | INFO     | steering_lite.data.personas:load_suffixes:47 - Loaded 200 branching suffixes
2026-09-22 19:53:36.191 | INFO     | steering_lite.data.personas:load_suffixes:47 - Loaded 200 branching suffixes
2026-09-22 19:53:36.196 | INFO     | steering_lite.data.personas:load_suffixes:47 - Loaded 200 branching suffixes
2026-09-22 19:53:36.235 | INFO     | steering_lite.data.personas:load_suffixes:47 - Loaded 200 branching suffixes
2026-09-22 19:53:36.240 | INFO     | steering_lite.data.personas:load_suffixes:47 - Loaded 200 branching suffixes
2026-09-22 19:53:36.244 | INFO     | steering_lite.data.personas:load_suffixes:47 - Loaded 200 branching suffixes
2026-09-22 19:53:36.248 | INFO     | steering_lite.data.personas:load_suffixes:47 - Loaded 200 branching suffixes
2026-09-22 19:53:36.252 | INFO     | steering_lite.data.personas:load_suffixes:47 - Loaded 200 branching suffixes
2026-09-22 19:53:36.257 | INFO     | steering_lite.data.personas:load_suffixes:47 - Loaded 200 branching suffixes
2026-09-22 19:53:36.260 | INFO     | steering_lite.data.personas:load_suffixes:47 - Loaded 200 branching suffixes
