captured_at=2026-09-20T07:26:27Z
ledger_sha256=246e8e5a854363ea02636929cf25e4fd6b2741e719cd094cbf12e7443fed2321  outputs/bsbench-v2/costs.jsonl
ledger_lines=1576
provider_file_count=359
provider_file_set_sha256=ca1965797466c8ebacc782375a9497f28630ec50861b93b0c1455ee19bf3ba7f  -
active_sweep_processes=0
modal_apps_json=
[
  {
    "app_id": "ap-wBLaZaZYj8Bn24P58OPyi6",
    "description": "steering-lite-bsbench",
    "state": "stopped",
    "tasks": "0",
    "created_at": "2026-09-20 15:26:13+08:00",
    "stopped_at": "2026-09-20 15:26:16+08:00"
  },
  {
    "app_id": "ap-sRHlZ7TxbgHmVAmqoeF6xS",
    "description": "steering-lite-bsbench",
    "state": "stopped",
    "tasks": "0",
    "created_at": "2026-09-20 15:09:14+08:00",
    "stopped_at": "2026-09-20 15:14:21+08:00"
  },
  {
    "app_id": "ap-2ImYkqIjksdYBymvFwWcea",
    "description": "steering-lite-bsbench",
    "state": "stopped",
    "tasks": "0",
    "created_at": "2026-09-20 14:17:09+08:00",
    "stopped_at": "2026-09-20 15:00:53+08:00"
  },
  {
    "app_id": "ap-DtsbAEMYHVUDS63rq0kNsJ",
    "description": "steering-lite-bsbench",
    "state": "stopped",
    "tasks": "0",
    "created_at": "2026-09-20 13:48:00+08:00",
    "stopped_at": "2026-09-20 14:10:40+08:00"
  },
  {
    "app_id": "ap-thdTtolDeUvqR8U3OgbIds",
    "description": "steering-lite-bsbench",
    "state": "stopped",
    "tasks": "0",
    "created_at": "2026-09-20 13:24:22+08:00",
    "stopped_at": "2026-09-20 13:33:13+08:00"
  }
]
