{
  "final": {
    "all-healthy": 13,
    "bracketed": 5,
    "nonmonotonic": 2
  },
  "transfer": {
    "all-healthy": 71,
    "bracketed": 9
  },
  "kl_final": {
    "true": 20
  },
  "kl_transfer": {
    "true": 69,
    "false": 11
  },
  "failed_1x_final": 1,
  "failed_1x_transfer": 0,
  "regret_final": [
    [
      "kv_cache_gram",
      0,
      "+C",
      0.65,
      0.8
    ],
    [
      "kv_cache_gram",
      0,
      "-C",
      1.189,
      0.8
    ],
    [
      "mean_diff",
      0,
      "+C",
      0.0,
      1.0
    ],
    [
      "mean_diff",
      0,
      "-C",
      0.615,
      0.8
    ],
    [
      "pca",
      0,
      "+C",
      0.191,
      1.2
    ],
    [
      "pca",
      0,
      "-C",
      0.56,
      0.8
    ],
    [
      "random",
      0,
      "+C",
      0.0,
      1.0
    ],
    [
      "random",
      0,
      "-C",
      0.0,
      1.0
    ],
    [
      "random",
      1,
      "+C",
      0.0,
      1.0
    ],
    [
      "random",
      1,
      "-C",
      0.701,
      0.8
    ],
    [
      "random",
      2,
      "+C",
      0.0,
      1.0
    ],
    [
      "random",
      2,
      "-C",
      0.289,
      0.8
    ],
    [
      "random",
      3,
      "+C",
      1.051,
      1.2
    ],
    [
      "random",
      3,
      "-C",
      0.681,
      0.8
    ],
    [
      "random",
      4,
      "+C",
      0.272,
      0.8
    ],
    [
      "random",
      4,
      "-C",
      null,
      0.8
    ],
    [
      "vjp_cache",
      0,
      "+C",
      0.019,
      1.2
    ],
    [
      "vjp_cache",
      0,
      "-C",
      0.0,
      1.0
    ],
    [
      "vjp_delta",
      0,
      "+C",
      0.257,
      1.2
    ],
    [
      "vjp_delta",
      0,
      "-C",
      0.94,
      0.8
    ]
  ]
}
