2026-09-19 22:58:18.331 | INFO     | steering_lite.data.personas:load_suffixes:47 - Loaded 200 branching suffixes
2026-09-19 22:58:18.333 | INFO     | steering_lite.benchmark.cache:cached:35 - cache hit generation 1fbfd4291b70
2026-09-19 22:58:18.336 | INFO     | steering_lite.benchmark.cache:cached:35 - cache hit generation-health d09bc962eb53
2026-09-19 22:58:18.338 | INFO     | steering_lite.benchmark.cache:cached:35 - cache hit generation 3f5718d408ff
2026-09-19 22:58:18.340 | INFO     | steering_lite.benchmark.cache:cached:35 - cache hit generation-health 148e3a7a0a19
2026-09-19 22:58:18.342 | INFO     | steering_lite.benchmark.cache:cached:35 - cache hit target-aware-requests 666f1181ca9e
2026-09-19 22:58:18.344 | INFO     | steering_lite.benchmark.cache:cached:35 - cache hit blind-requests 17a240c17136
2026-09-19 22:58:18.346 | INFO     | steering_lite.benchmark.cache:cached:35 - cache hit calibration-candidates 754b64a58a1e
2026-09-19 22:58:18.348 | INFO     | steering_lite.benchmark.cache:cached:35 - cache hit candidate-health 8d5e926bf5e5
2026-09-19 22:58:18.349 | INFO     | steering_lite.benchmark.cache:cached:35 - cache hit candidate-aware fadf3563e645
2026-09-19 22:58:18.351 | INFO     | steering_lite.benchmark.cache:cached:35 - cache hit candidate-blind 1b2890db5db8
2026-09-19 22:58:18.353 | INFO     | steering_lite.benchmark.cache:cached:35 - cache hit calibration-candidates 31c0cece9a09
2026-09-19 22:58:18.355 | INFO     | steering_lite.benchmark.cache:cached:35 - cache hit candidate-health 0656f7452596
2026-09-19 22:58:18.357 | INFO     | steering_lite.benchmark.cache:cached:35 - cache hit candidate-aware eaac3cb8d5ae
2026-09-19 22:58:18.359 | INFO     | steering_lite.benchmark.cache:cached:35 - cache hit candidate-blind 27af6549ff06
2026-09-19 22:58:18.361 | INFO     | steering_lite.benchmark.cache:cached:35 - cache hit calibration-candidates 0ca59db6295a
2026-09-19 22:58:18.363 | INFO     | steering_lite.benchmark.cache:cached:35 - cache hit candidate-health 57d96624b472
2026-09-19 22:58:18.364 | INFO     | steering_lite.benchmark.cache:cached:35 - cache hit candidate-aware d65f7eec8fae
2026-09-19 22:58:18.366 | INFO     | steering_lite.benchmark.cache:cached:35 - cache hit candidate-blind 56f635b8352e
2026-09-19 22:58:18.368 | INFO     | steering_lite.benchmark.cache:cached:35 - cache hit calibration-candidates 31640fa71b7a
2026-09-19 22:58:18.370 | INFO     | steering_lite.benchmark.cache:cached:35 - cache hit candidate-health c9f03cadb050
2026-09-19 22:58:18.372 | INFO     | steering_lite.benchmark.cache:cached:35 - cache hit candidate-aware 7a23af9341df
2026-09-19 22:58:18.374 | INFO     | steering_lite.benchmark.cache:cached:35 - cache hit candidate-blind 48ecea21e458
2026-09-19 22:58:18.376 | INFO     | steering_lite.benchmark.cache:cached:35 - cache hit calibration-candidates 7201d2077f55
2026-09-19 22:58:18.378 | INFO     | steering_lite.benchmark.cache:cached:35 - cache hit candidate-health ee94b3228d11
2026-09-19 22:58:18.380 | INFO     | steering_lite.benchmark.cache:cached:35 - cache hit candidate-aware a3edc1a1e597
2026-09-19 22:58:18.382 | INFO     | steering_lite.benchmark.cache:cached:35 - cache hit candidate-blind bf5e38a927ef
2026-09-19 22:58:18.384 | INFO     | steering_lite.benchmark.cache:cached:35 - cache hit calibration-candidates 0eba4a2debf2
2026-09-19 22:58:18.385 | INFO     | steering_lite.benchmark.cache:cached:35 - cache hit candidate-health c68ebe72ed49
2026-09-19 22:58:18.387 | INFO     | steering_lite.benchmark.cache:cached:35 - cache hit candidate-aware 0ef5db4417a1
2026-09-19 22:58:18.389 | INFO     | steering_lite.benchmark.cache:cached:35 - cache hit candidate-blind f0523f3b5c56
