2026-09-22 19:11:04.162 | INFO     | steering_lite.data.personas:load_suffixes:47 - Loaded 200 branching suffixes
2026-09-22 19:11:04.164 | INFO     | steering_lite.benchmark.cache:cached:39 - cache miss generation 0be045b888e8
2026-09-22 19:11:04.167 | INFO     | steering_lite.benchmark.cache:cached:39 - cache miss generation-health 77d568a12f0e
2026-09-22 19:11:04.169 | INFO     | steering_lite.benchmark.cache:cached:39 - cache miss generation c1381b800868
2026-09-22 19:11:04.171 | INFO     | steering_lite.benchmark.cache:cached:39 - cache miss generation-health 21d352aca977
2026-09-22 19:11:04.174 | INFO     | steering_lite.benchmark.cache:cached:39 - cache miss target-aware-requests 04f3970684fb
2026-09-22 19:11:04.176 | INFO     | steering_lite.benchmark.cache:cached:39 - cache miss blind-requests b43fd665ab8c
2026-09-22 19:11:04.179 | INFO     | steering_lite.benchmark.cache:cached:39 - cache miss persona-validation 5c739be07938
2026-09-22 19:11:04.181 | INFO     | steering_lite.benchmark.cache:cached:39 - cache miss calibration-candidates dc5073de942c
2026-09-22 19:11:04.184 | INFO     | steering_lite.benchmark.cache:cached:39 - cache miss candidate-health 21ead5b07642
2026-09-22 19:11:04.186 | INFO     | steering_lite.benchmark.cache:cached:39 - cache miss candidate-aware 525a068ba850
2026-09-22 19:11:04.188 | INFO     | steering_lite.benchmark.cache:cached:39 - cache miss calibration-candidates 7f960802c3b8
2026-09-22 19:11:04.190 | INFO     | steering_lite.benchmark.cache:cached:39 - cache miss candidate-health acec759f9da5
2026-09-22 19:11:04.192 | INFO     | steering_lite.benchmark.cache:cached:39 - cache miss candidate-aware f243f35b42ed
2026-09-22 19:11:04.195 | INFO     | steering_lite.benchmark.cache:cached:39 - cache miss calibration-candidates b928e0ec4372
2026-09-22 19:11:04.197 | INFO     | steering_lite.benchmark.cache:cached:39 - cache miss candidate-health 294412247f72
2026-09-22 19:11:04.199 | INFO     | steering_lite.benchmark.cache:cached:39 - cache miss candidate-aware 155148d7cf74
2026-09-22 19:11:04.201 | INFO     | steering_lite.benchmark.cache:cached:39 - cache miss calibration-candidates 111ed7bbe3fa
2026-09-22 19:11:04.203 | INFO     | steering_lite.benchmark.cache:cached:39 - cache miss candidate-health b046a6070c58
2026-09-22 19:11:04.205 | INFO     | steering_lite.benchmark.cache:cached:39 - cache miss candidate-aware 614bafd4809a
2026-09-22 19:11:04.208 | INFO     | steering_lite.benchmark.cache:cached:39 - cache miss calibration-candidates b0439c908646
2026-09-22 19:11:04.210 | INFO     | steering_lite.benchmark.cache:cached:39 - cache miss candidate-health a44e3d8c68e6
2026-09-22 19:11:04.212 | INFO     | steering_lite.benchmark.cache:cached:39 - cache miss candidate-aware fd9243bd1867
2026-09-22 19:11:04.214 | INFO     | steering_lite.benchmark.cache:cached:39 - cache miss calibration-candidates ff07faf030e4
2026-09-22 19:11:04.216 | INFO     | steering_lite.benchmark.cache:cached:39 - cache miss candidate-health fec1ffe55322
2026-09-22 19:11:04.218 | INFO     | steering_lite.benchmark.cache:cached:39 - cache miss candidate-aware d9579a67340f
2026-09-22 19:11:04.221 | INFO     | steering_lite.benchmark.cache:cached:39 - cache miss calibration-candidates 54fe33139fca
2026-09-22 19:11:04.223 | INFO     | steering_lite.benchmark.cache:cached:39 - cache miss candidate-health 9366e9521373
2026-09-22 19:11:04.225 | INFO     | steering_lite.benchmark.cache:cached:39 - cache miss candidate-aware 6ee29ad65b60
2026-09-22 19:11:04.229 | INFO     | steering_lite.benchmark.cache:cached:39 - cache miss calibration-candidates 5caedbd981cd
2026-09-22 19:11:04.231 | INFO     | steering_lite.benchmark.cache:cached:39 - cache miss candidate-health 26a6c46b3fbd
2026-09-22 19:11:04.233 | INFO     | steering_lite.benchmark.cache:cached:39 - cache miss candidate-aware 0110d564242c
2026-09-22 19:11:04.235 | INFO     | steering_lite.benchmark.cache:cached:39 - cache miss calibration-candidates 32e48322a745
2026-09-22 19:11:04.237 | INFO     | steering_lite.benchmark.cache:cached:39 - cache miss candidate-health d78d4dec4e14
2026-09-22 19:11:04.239 | INFO     | steering_lite.benchmark.cache:cached:39 - cache miss candidate-aware 3cdf0050dc85
2026-09-22 19:11:04.242 | INFO     | steering_lite.benchmark.cache:cached:39 - cache miss calibration-candidates a908e07dea67
2026-09-22 19:11:04.244 | INFO     | steering_lite.benchmark.cache:cached:39 - cache miss candidate-health 1d3f3df61ffe
2026-09-22 19:11:04.246 | INFO     | steering_lite.benchmark.cache:cached:39 - cache miss candidate-aware 1f1213a96a87
2026-09-22 19:11:04.376 | INFO     | steering_lite.data.personas:load_suffixes:47 - Loaded 200 branching suffixes
2026-09-22 19:11:04.396 | INFO     | steering_lite.data.personas:load_suffixes:47 - Loaded 200 branching suffixes
2026-09-22 19:11:04.399 | INFO     | steering_lite.data.personas:load_suffixes:47 - Loaded 200 branching suffixes
2026-09-22 19:11:04.402 | INFO     | steering_lite.data.personas:load_suffixes:47 - Loaded 200 branching suffixes
2026-09-22 19:11:04.405 | INFO     | steering_lite.data.personas:load_suffixes:47 - Loaded 200 branching suffixes
2026-09-22 19:11:04.409 | INFO     | steering_lite.data.personas:load_suffixes:47 - Loaded 200 branching suffixes
2026-09-22 19:11:04.413 | INFO     | steering_lite.data.personas:load_suffixes:47 - Loaded 200 branching suffixes
2026-09-22 19:11:04.417 | INFO     | steering_lite.data.personas:load_suffixes:47 - Loaded 200 branching suffixes
2026-09-22 19:11:04.419 | INFO     | steering_lite.data.personas:load_suffixes:47 - Loaded 200 branching suffixes
2026-09-22 19:11:04.422 | INFO     | steering_lite.data.personas:load_suffixes:47 - Loaded 200 branching suffixes
