2026-09-23 11:03:19.042 | INFO     | steering_lite.data.personas:load_suffixes:47 - Loaded 200 branching suffixes
2026-09-23 11:03:19.062 | INFO     | steering_lite.benchmark.cache:cached:37 - cache hit calibration-candidates dfe2b83feea5
2026-09-23 11:03:19.081 | INFO     | steering_lite.benchmark.cache:cached:37 - cache hit candidate-judgments 5564f755b584
2026-09-23 11:03:19.102 | INFO     | steering_lite.benchmark.cache:cached:37 - cache hit candidate-health a227aca11473
2026-09-23 11:03:19.108 | INFO     | steering_lite.benchmark.cache:cached:37 - cache hit candidate-aware 72b182f43563
2026-09-23 11:03:19.113 | INFO     | steering_lite.benchmark.cache:cached:37 - cache hit candidate-blind 3b9324072ca3
2026-09-23 11:03:19.130 | INFO     | steering_lite.benchmark.cache:cached:37 - cache hit final-generation 1b451bf52fe3
2026-09-23 11:03:19.160 | INFO     | steering_lite.benchmark.cache:cached:39 - cache miss final-judgments 556d2ed14bb4
2026-09-23 11:03:19.331 | INFO     | steering_lite.benchmark.cache:cached:37 - cache hit judge-request ae1d59286b8e
2026-09-23 11:03:19.331 | INFO     | steering_lite.benchmark.cache:cached:37 - cache hit judge-request 1daddf9731cf
2026-09-23 11:03:19.335 | INFO     | steering_lite.benchmark.cache:cached:37 - cache hit judge-request 8ae792d17cdf
2026-09-23 11:03:19.343 | INFO     | steering_lite.benchmark.cache:cached:37 - cache hit judge-request 144b7d02d254
2026-09-23 11:03:19.336 | INFO     | steering_lite.benchmark.cache:cached:37 - cache hit judge-request 298e80fa4dca
2026-09-23 11:03:19.349 | INFO     | steering_lite.benchmark.cache:cached:37 - cache hit judge-request b517113f58be
2026-09-23 11:03:19.350 | INFO     | steering_lite.benchmark.cache:cached:37 - cache hit judge-request ed192832ab3c
2026-09-23 11:03:19.350 | INFO     | steering_lite.benchmark.cache:cached:37 - cache hit judge-request 00e1083a028f
2026-09-23 11:03:19.351 | INFO     | steering_lite.benchmark.cache:cached:37 - cache hit judge-request 964ce4b6daa7
2026-09-23 11:03:19.352 | INFO     | steering_lite.benchmark.cache:cached:37 - cache hit judge-request 5a75b364874d
2026-09-23 11:03:19.352 | INFO     | steering_lite.benchmark.cache:cached:37 - cache hit judge-request 6351d4b003c2
2026-09-23 11:03:19.353 | INFO     | steering_lite.benchmark.cache:cached:37 - cache hit judge-request 68a1044afad7
2026-09-23 11:03:19.353 | INFO     | steering_lite.benchmark.cache:cached:37 - cache hit judge-request df0ba2421461
2026-09-23 11:03:19.353 | INFO     | steering_lite.benchmark.cache:cached:37 - cache hit judge-request c224b2885f7f
2026-09-23 11:03:19.353 | INFO     | steering_lite.benchmark.cache:cached:37 - cache hit judge-request f33644edeccd
2026-09-23 11:03:19.354 | INFO     | steering_lite.benchmark.cache:cached:37 - cache hit judge-request 0d38ecae2bba
2026-09-23 11:03:19.354 | INFO     | steering_lite.benchmark.cache:cached:37 - cache hit judge-request e85dc9135cad
2026-09-23 11:03:19.357 | INFO     | steering_lite.benchmark.cache:cached:37 - cache hit judge-request fda35d5592f2
2026-09-23 11:03:19.358 | INFO     | steering_lite.benchmark.cache:cached:37 - cache hit judge-request 5a9533fc22ba
2026-09-23 11:03:19.358 | INFO     | steering_lite.benchmark.cache:cached:37 - cache hit judge-request a63f377b033b
2026-09-23 11:03:19.358 | INFO     | steering_lite.benchmark.cache:cached:37 - cache hit judge-request cd25e132d468
2026-09-23 11:03:19.359 | INFO     | steering_lite.benchmark.cache:cached:37 - cache hit judge-request b1b1853679f7
2026-09-23 11:03:19.359 | INFO     | steering_lite.benchmark.cache:cached:37 - cache hit judge-request aa5330bd77f9
2026-09-23 11:03:19.359 | INFO     | steering_lite.benchmark.cache:cached:37 - cache hit judge-request cddbcfc8126c
2026-09-23 11:03:19.360 | INFO     | steering_lite.benchmark.cache:cached:37 - cache hit judge-request bafc8f57edb6
2026-09-23 11:03:19.360 | INFO     | steering_lite.benchmark.cache:cached:37 - cache hit judge-request f53c7e30a807
2026-09-23 11:03:19.361 | INFO     | steering_lite.benchmark.cache:cached:37 - cache hit judge-request b446c97c53de
2026-09-23 11:03:19.361 | INFO     | steering_lite.benchmark.cache:cached:37 - cache hit judge-request 2c28830a23d5
2026-09-23 11:03:19.361 | INFO     | steering_lite.benchmark.cache:cached:37 - cache hit judge-request 0dd1fdfcf09c
2026-09-23 11:03:19.362 | INFO     | steering_lite.benchmark.cache:cached:37 - cache hit judge-request c608b5123a0e
2026-09-23 11:03:19.362 | INFO     | steering_lite.benchmark.cache:cached:37 - cache hit judge-request 4ea7c8efe388
2026-09-23 11:03:19.362 | INFO     | steering_lite.benchmark.cache:cached:37 - cache hit judge-request 395593d3165b
2026-09-23 11:03:19.363 | INFO     | steering_lite.benchmark.cache:cached:37 - cache hit judge-request c9249e7a8784
2026-09-23 11:03:19.363 | INFO     | steering_lite.benchmark.cache:cached:37 - cache hit judge-request 3566ab379cb8
2026-09-23 11:03:19.364 | INFO     | steering_lite.benchmark.cache:cached:37 - cache hit judge-request a219b6d62835
2026-09-23 11:03:19.364 | INFO     | steering_lite.benchmark.cache:cached:37 - cache hit judge-request 92aaa8577368
2026-09-23 11:03:19.364 | INFO     | steering_lite.benchmark.cache:cached:37 - cache hit judge-request 21225a4654d9
2026-09-23 11:03:19.365 | INFO     | steering_lite.benchmark.cache:cached:37 - cache hit judge-request 6afa31ea30f3
2026-09-23 11:03:19.365 | INFO     | steering_lite.benchmark.cache:cached:37 - cache hit judge-request d9d9d0a9aa2c
2026-09-23 11:03:19.365 | INFO     | steering_lite.benchmark.cache:cached:37 - cache hit judge-request 2fca324b4203
2026-09-23 11:03:19.366 | INFO     | steering_lite.benchmark.cache:cached:37 - cache hit judge-request 43a56b10e639
2026-09-23 11:03:19.366 | INFO     | steering_lite.benchmark.cache:cached:37 - cache hit judge-request 959edf0d999a
2026-09-23 11:03:19.367 | INFO     | steering_lite.benchmark.cache:cached:37 - cache hit judge-request c52cd1d58ce2
2026-09-23 11:03:19.367 | INFO     | steering_lite.benchmark.cache:cached:37 - cache hit judge-request b03b4def740c
2026-09-23 11:03:19.370 | INFO     | steering_lite.benchmark.cache:cached:37 - cache hit judge-request 086de44654fb
2026-09-23 11:03:19.370 | INFO     | steering_lite.benchmark.cache:cached:37 - cache hit judge-request eaec82e6367e
2026-09-23 11:03:19.371 | INFO     | steering_lite.benchmark.cache:cached:37 - cache hit judge-request 3337d1a3a21a
2026-09-23 11:03:19.371 | INFO     | steering_lite.benchmark.cache:cached:37 - cache hit judge-request 96077aa527f8
2026-09-23 11:03:19.371 | INFO     | steering_lite.benchmark.cache:cached:37 - cache hit judge-request ef558f115e25
2026-09-23 11:03:19.372 | INFO     | steering_lite.benchmark.cache:cached:37 - cache hit judge-request 1b08f5a06823
2026-09-23 11:03:19.372 | INFO     | steering_lite.benchmark.cache:cached:37 - cache hit judge-request 827315c8eb83
2026-09-23 11:03:19.373 | INFO     | steering_lite.benchmark.cache:cached:37 - cache hit judge-request 4299016ffb7d
2026-09-23 11:03:19.373 | INFO     | steering_lite.benchmark.cache:cached:37 - cache hit judge-request e5cb687d4912
2026-09-23 11:03:19.374 | INFO     | steering_lite.benchmark.cache:cached:37 - cache hit judge-request 8a927ae6f46c
2026-09-23 11:03:19.375 | INFO     | steering_lite.benchmark.cache:cached:37 - cache hit judge-request e9979783ebc2
2026-09-23 11:03:19.375 | INFO     | steering_lite.benchmark.cache:cached:37 - cache hit judge-request 2f774836d40b
2026-09-23 11:03:19.376 | INFO     | steering_lite.benchmark.cache:cached:37 - cache hit judge-request a5d60faab1a4
2026-09-23 11:03:19.376 | INFO     | steering_lite.benchmark.cache:cached:37 - cache hit judge-request fb4be40c7d99
2026-09-23 11:03:19.377 | INFO     | steering_lite.benchmark.cache:cached:37 - cache hit judge-request de9435f7a335
2026-09-23 11:03:19.377 | INFO     | steering_lite.benchmark.cache:cached:37 - cache hit judge-request 4468996256e5
2026-09-23 11:03:19.378 | INFO     | steering_lite.benchmark.cache:cached:37 - cache hit judge-request bb8adb5c3c50
2026-09-23 11:03:19.379 | INFO     | steering_lite.benchmark.cache:cached:37 - cache hit judge-request 25e5255e9829
2026-09-23 11:03:19.379 | INFO     | steering_lite.benchmark.cache:cached:37 - cache hit judge-request 49367d71bd33
2026-09-23 11:03:19.380 | INFO     | steering_lite.benchmark.cache:cached:37 - cache hit judge-request 0e582a4974c3
2026-09-23 11:03:19.380 | INFO     | steering_lite.benchmark.cache:cached:37 - cache hit judge-request e20a57ba334d
2026-09-23 11:03:19.380 | INFO     | steering_lite.benchmark.cache:cached:37 - cache hit judge-request d17f52b070e5
2026-09-23 11:03:19.381 | INFO     | steering_lite.benchmark.cache:cached:37 - cache hit judge-request d1dd9be517c9
2026-09-23 11:03:19.383 | INFO     | steering_lite.benchmark.cache:cached:37 - cache hit judge-request 3fb3f2e50f14
2026-09-23 11:03:19.384 | INFO     | steering_lite.benchmark.cache:cached:37 - cache hit judge-request bee94e7bb9d8
2026-09-23 11:03:19.384 | INFO     | steering_lite.benchmark.cache:cached:37 - cache hit judge-request bdd8c551749e
2026-09-23 11:03:19.387 | INFO     | steering_lite.benchmark.cache:cached:37 - cache hit judge-request 323ec1da4e68
2026-09-23 11:03:19.388 | INFO     | steering_lite.benchmark.cache:cached:37 - cache hit judge-request 8b996670c6a9
2026-09-23 11:03:19.388 | INFO     | steering_lite.benchmark.cache:cached:37 - cache hit judge-request 4be36bc09f7c
2026-09-23 11:03:19.389 | INFO     | steering_lite.benchmark.cache:cached:37 - cache hit judge-request 9b48c4f36b91
2026-09-23 11:03:19.392 | INFO     | steering_lite.benchmark.cache:cached:37 - cache hit judge-request 7e0cdc978aa8
2026-09-23 11:03:19.393 | INFO     | steering_lite.benchmark.cache:cached:37 - cache hit judge-request dd1cc0e3edb3
2026-09-23 11:03:19.393 | INFO     | steering_lite.benchmark.cache:cached:37 - cache hit judge-request 843e98526b6c
2026-09-23 11:03:19.394 | INFO     | steering_lite.benchmark.cache:cached:37 - cache hit judge-request 675c6c8e17cd
2026-09-23 11:03:19.394 | INFO     | steering_lite.benchmark.cache:cached:37 - cache hit judge-request 5dad7f1a5e3b
2026-09-23 11:03:19.395 | INFO     | steering_lite.benchmark.cache:cached:37 - cache hit judge-request 86cab89b4d12
2026-09-23 11:03:19.395 | INFO     | steering_lite.benchmark.cache:cached:37 - cache hit judge-request 4fc1f9aa75da
2026-09-23 11:03:19.398 | INFO     | steering_lite.benchmark.cache:cached:37 - cache hit judge-request e8d0a705431a
2026-09-23 11:03:19.398 | INFO     | steering_lite.benchmark.cache:cached:37 - cache hit judge-request b3f302bdd0a9
2026-09-23 11:03:19.399 | INFO     | steering_lite.benchmark.cache:cached:37 - cache hit judge-request 03b6071ed994
2026-09-23 11:03:19.400 | INFO     | steering_lite.benchmark.cache:cached:37 - cache hit judge-request b26c6d5be7ad
2026-09-23 11:03:19.400 | INFO     | steering_lite.benchmark.cache:cached:37 - cache hit judge-request 6885bfb0692c
2026-09-23 11:03:19.400 | INFO     | steering_lite.benchmark.cache:cached:37 - cache hit judge-request d23900301360
2026-09-23 11:03:19.401 | INFO     | steering_lite.benchmark.cache:cached:37 - cache hit judge-request cb4d2e05bfc6
2026-09-23 11:03:19.406 | INFO     | steering_lite.benchmark.cache:cached:37 - cache hit judge-request c0ca18d3a4ea
2026-09-23 11:03:19.409 | INFO     | steering_lite.benchmark.cache:cached:37 - cache hit judge-request 56e8de262096
2026-09-23 11:03:19.410 | INFO     | steering_lite.benchmark.cache:cached:37 - cache hit judge-request 1588edbfd97b
2026-09-23 11:03:19.410 | INFO     | steering_lite.benchmark.cache:cached:37 - cache hit judge-request 0d7d39a69856
2026-09-23 11:03:19.410 | INFO     | steering_lite.benchmark.cache:cached:37 - cache hit judge-request 73b5bced97f6
2026-09-23 11:03:19.411 | INFO     | steering_lite.benchmark.cache:cached:37 - cache hit judge-request 5d8021e71fde
2026-09-23 11:03:19.411 | INFO     | steering_lite.benchmark.cache:cached:37 - cache hit judge-request eef89df23619
2026-09-23 11:03:19.412 | INFO     | steering_lite.benchmark.cache:cached:37 - cache hit judge-request e87768e3270d
2026-09-23 11:03:19.412 | INFO     | steering_lite.benchmark.cache:cached:37 - cache hit judge-request bef4c834ccde
2026-09-23 11:03:19.413 | INFO     | steering_lite.benchmark.cache:cached:37 - cache hit judge-request 538df8a7bb5a
2026-09-23 11:03:19.413 | INFO     | steering_lite.benchmark.cache:cached:37 - cache hit judge-request 792c104176a4
2026-09-23 11:03:19.416 | INFO     | steering_lite.benchmark.cache:cached:37 - cache hit judge-request d439ec7fa726
2026-09-23 11:03:19.417 | INFO     | steering_lite.benchmark.cache:cached:37 - cache hit judge-request 06ff5cb73e19
2026-09-23 11:03:19.417 | INFO     | steering_lite.benchmark.cache:cached:37 - cache hit judge-request 8cfe66827905
2026-09-23 11:03:19.418 | INFO     | steering_lite.benchmark.cache:cached:37 - cache hit judge-request 3d6f6c4f8b65
2026-09-23 11:03:19.418 | INFO     | steering_lite.benchmark.cache:cached:37 - cache hit judge-request 283a70936866
2026-09-23 11:03:19.418 | INFO     | steering_lite.benchmark.cache:cached:37 - cache hit judge-request d36223587049
2026-09-23 11:03:19.419 | INFO     | steering_lite.benchmark.cache:cached:37 - cache hit judge-request bdcb03fab2d5
2026-09-23 11:03:19.422 | INFO     | steering_lite.benchmark.cache:cached:37 - cache hit judge-request be32ab7b1d71
2026-09-23 11:03:19.423 | INFO     | steering_lite.benchmark.cache:cached:37 - cache hit judge-request 7866e8c170dd
2026-09-23 11:03:19.423 | INFO     | steering_lite.benchmark.cache:cached:37 - cache hit judge-request ef018e22b8b1
2026-09-23 11:03:19.423 | INFO     | steering_lite.benchmark.cache:cached:37 - cache hit judge-request 78541f6a85a5
2026-09-23 11:03:19.424 | INFO     | steering_lite.benchmark.cache:cached:37 - cache hit judge-request 808251c088e5
2026-09-23 11:03:19.424 | INFO     | steering_lite.benchmark.cache:cached:37 - cache hit judge-request 96af62423da1
2026-09-23 11:03:19.424 | INFO     | steering_lite.benchmark.cache:cached:37 - cache hit judge-request afd8b02d953c
2026-09-23 11:03:19.425 | INFO     | steering_lite.benchmark.cache:cached:37 - cache hit judge-request f3699f5c0f32
2026-09-23 11:03:19.425 | INFO     | steering_lite.benchmark.cache:cached:37 - cache hit judge-request b9111e886e1e
2026-09-23 11:03:19.425 | INFO     | steering_lite.benchmark.cache:cached:37 - cache hit judge-request 7709470230c1
2026-09-23 11:03:19.426 | INFO     | steering_lite.benchmark.cache:cached:37 - cache hit judge-request 901cf6cb4379
2026-09-23 11:03:19.426 | INFO     | steering_lite.benchmark.cache:cached:37 - cache hit judge-request 73b5e76cac0e
2026-09-23 11:03:19.427 | INFO     | steering_lite.benchmark.cache:cached:37 - cache hit judge-request 0f104fd4bcf6
2026-09-23 11:03:19.428 | INFO     | steering_lite.benchmark.cache:cached:37 - cache hit judge-request 73e20947aec5
2026-09-23 11:03:19.428 | INFO     | steering_lite.benchmark.cache:cached:37 - cache hit judge-request ea70dfce4e1d
2026-09-23 11:03:19.428 | INFO     | steering_lite.benchmark.cache:cached:37 - cache hit judge-request 3b6d0ae4353a
2026-09-23 11:03:19.429 | INFO     | steering_lite.benchmark.cache:cached:37 - cache hit judge-request f7cd2d55da2d
2026-09-23 11:03:19.427 | INFO     | steering_lite.benchmark.cache:cached:37 - cache hit judge-request 207e01ed907f
2026-09-23 11:03:19.432 | INFO     | steering_lite.benchmark.cache:cached:37 - cache hit judge-request e123b1d7c317
2026-09-23 11:03:19.432 | INFO     | steering_lite.benchmark.cache:cached:37 - cache hit judge-request c10d51d9d671
2026-09-23 11:03:19.433 | INFO     | steering_lite.benchmark.cache:cached:37 - cache hit judge-request 2580f6c2449d
2026-09-23 11:03:19.433 | INFO     | steering_lite.benchmark.cache:cached:37 - cache hit judge-request c156c43b5398
2026-09-23 11:03:19.434 | INFO     | steering_lite.benchmark.cache:cached:37 - cache hit judge-request bc5e38bbbafa
2026-09-23 11:03:19.435 | INFO     | steering_lite.benchmark.cache:cached:37 - cache hit judge-request 3e7d9a276dde
2026-09-23 11:03:19.435 | INFO     | steering_lite.benchmark.cache:cached:37 - cache hit judge-request d5147969dfb0
2026-09-23 11:03:19.435 | INFO     | steering_lite.benchmark.cache:cached:37 - cache hit judge-request e47fc1e34961
2026-09-23 11:03:19.436 | INFO     | steering_lite.benchmark.cache:cached:37 - cache hit judge-request c2e046a71028
2026-09-23 11:03:19.436 | INFO     | steering_lite.benchmark.cache:cached:37 - cache hit judge-request 56bc34e8e0e5
2026-09-23 11:03:19.436 | INFO     | steering_lite.benchmark.cache:cached:37 - cache hit judge-request a8db44c36ef5
2026-09-23 11:03:19.437 | INFO     | steering_lite.benchmark.cache:cached:37 - cache hit judge-request 49699ff408de
2026-09-23 11:03:19.438 | INFO     | steering_lite.benchmark.cache:cached:37 - cache hit judge-request 7a53c909b504
2026-09-23 11:03:19.438 | INFO     | steering_lite.benchmark.cache:cached:37 - cache hit judge-request 15e5c61d2148
2026-09-23 11:03:19.439 | INFO     | steering_lite.benchmark.cache:cached:37 - cache hit judge-request 43fe2b7e1781
2026-09-23 11:03:19.439 | INFO     | steering_lite.benchmark.cache:cached:37 - cache hit judge-request caee12d7842f
2026-09-23 11:03:19.440 | INFO     | steering_lite.benchmark.cache:cached:37 - cache hit judge-request bedba37f4074
2026-09-23 11:03:19.442 | INFO     | steering_lite.benchmark.cache:cached:37 - cache hit judge-request 131d71366784
2026-09-23 11:03:19.443 | INFO     | steering_lite.benchmark.cache:cached:37 - cache hit judge-request 4c7d7888b93b
2026-09-23 11:03:19.443 | INFO     | steering_lite.benchmark.cache:cached:37 - cache hit judge-request c2b1a4b96b6c
2026-09-23 11:03:19.446 | INFO     | steering_lite.benchmark.cache:cached:37 - cache hit judge-request c1050c3ab8c8
2026-09-23 11:03:19.449 | INFO     | steering_lite.benchmark.cache:cached:37 - cache hit judge-request d8e4d5da3b30
2026-09-23 11:03:19.452 | INFO     | steering_lite.benchmark.cache:cached:37 - cache hit judge-request 64b9add0a306
2026-09-23 11:03:19.454 | INFO     | steering_lite.benchmark.cache:cached:37 - cache hit judge-request 4edbaf99b51c
2026-09-23 11:03:19.454 | INFO     | steering_lite.benchmark.cache:cached:37 - cache hit judge-request 55ed2d505f29
2026-09-23 11:03:19.455 | INFO     | steering_lite.benchmark.cache:cached:37 - cache hit judge-request ff9a13032c3c
2026-09-23 11:03:19.455 | INFO     | steering_lite.benchmark.cache:cached:37 - cache hit judge-request 74f486f01a00
2026-09-23 11:03:19.456 | INFO     | steering_lite.benchmark.cache:cached:37 - cache hit judge-request 977fb1fcd46c
2026-09-23 11:03:19.456 | INFO     | steering_lite.benchmark.cache:cached:37 - cache hit judge-request 42329cc02290
2026-09-23 11:03:19.457 | INFO     | steering_lite.benchmark.cache:cached:37 - cache hit judge-request b762bb1bfed2
2026-09-23 11:03:19.457 | INFO     | steering_lite.benchmark.cache:cached:37 - cache hit judge-request e912879dd82f
2026-09-23 11:03:19.458 | INFO     | steering_lite.benchmark.cache:cached:37 - cache hit judge-request f137c740e4c7
2026-09-23 11:03:19.458 | INFO     | steering_lite.benchmark.cache:cached:37 - cache hit judge-request 07183340c84d
2026-09-23 11:03:19.459 | INFO     | steering_lite.benchmark.cache:cached:37 - cache hit judge-request 1994b5b3df08
2026-09-23 11:03:19.459 | INFO     | steering_lite.benchmark.cache:cached:37 - cache hit judge-request 29c9724edb61
2026-09-23 11:03:19.459 | INFO     | steering_lite.benchmark.cache:cached:37 - cache hit judge-request 2b275f003df8
2026-09-23 11:03:19.460 | INFO     | steering_lite.benchmark.cache:cached:37 - cache hit judge-request 7f5f7420e5ea
2026-09-23 11:03:19.460 | INFO     | steering_lite.benchmark.cache:cached:37 - cache hit judge-request 42f3cf713507
2026-09-23 11:03:19.460 | INFO     | steering_lite.benchmark.cache:cached:37 - cache hit judge-request 9bcb9b252983
2026-09-23 11:03:19.461 | INFO     | steering_lite.benchmark.cache:cached:37 - cache hit judge-request d5dfae7afbed
2026-09-23 11:03:19.461 | INFO     | steering_lite.benchmark.cache:cached:37 - cache hit judge-request e996ee6254ac
2026-09-23 11:03:19.462 | INFO     | steering_lite.benchmark.cache:cached:37 - cache hit judge-request 600ed9b39276
2026-09-23 11:03:19.477 | INFO     | steering_lite.benchmark.cache:cached:37 - cache hit judge-request 2e62ac124dce
2026-09-23 11:03:19.478 | INFO     | steering_lite.benchmark.cache:cached:37 - cache hit judge-request 963e2b15fd3a
2026-09-23 11:03:19.478 | INFO     | steering_lite.benchmark.cache:cached:37 - cache hit judge-request fa5c81ab2371
2026-09-23 11:03:19.479 | INFO     | steering_lite.benchmark.cache:cached:37 - cache hit judge-request af1687ea0138
2026-09-23 11:03:19.480 | INFO     | steering_lite.benchmark.cache:cached:37 - cache hit judge-request d0990e802a26
2026-09-23 11:03:19.480 | INFO     | steering_lite.benchmark.cache:cached:37 - cache hit judge-request 1ac76a1d8eb8
2026-09-23 11:03:19.481 | INFO     | steering_lite.benchmark.cache:cached:37 - cache hit judge-request ecf42edf0fb6
2026-09-23 11:03:19.480 | INFO     | steering_lite.benchmark.cache:cached:37 - cache hit judge-request 765d08f19c98
2026-09-23 11:03:19.481 | INFO     | steering_lite.benchmark.cache:cached:37 - cache hit judge-request 8772aabad654
2026-09-23 11:03:19.482 | INFO     | steering_lite.benchmark.cache:cached:37 - cache hit judge-request b3fb85276a5d
2026-09-23 11:03:19.482 | INFO     | steering_lite.benchmark.cache:cached:37 - cache hit judge-request 295218b0dbd5
2026-09-23 11:03:19.483 | INFO     | steering_lite.benchmark.cache:cached:37 - cache hit judge-request 7595e228bd84
2026-09-23 11:03:19.483 | INFO     | steering_lite.benchmark.cache:cached:37 - cache hit judge-request 7f3a8a8a2963
2026-09-23 11:03:19.483 | INFO     | steering_lite.benchmark.cache:cached:37 - cache hit judge-request 109c89489263
2026-09-23 11:03:19.484 | INFO     | steering_lite.benchmark.cache:cached:37 - cache hit judge-request 5c612153732f
2026-09-23 11:03:19.484 | INFO     | steering_lite.benchmark.cache:cached:37 - cache hit judge-request 3da97eccffae
2026-09-23 11:03:19.485 | INFO     | steering_lite.benchmark.cache:cached:37 - cache hit judge-request 62bee71cf106
2026-09-23 11:03:19.485 | INFO     | steering_lite.benchmark.cache:cached:37 - cache hit judge-request 0b3edd86ce2e
2026-09-23 11:03:19.486 | INFO     | steering_lite.benchmark.cache:cached:37 - cache hit judge-request 09c3b5a85ec1
2026-09-23 11:03:19.486 | INFO     | steering_lite.benchmark.cache:cached:37 - cache hit judge-request 1ca12714df45
2026-09-23 11:03:19.486 | INFO     | steering_lite.benchmark.cache:cached:37 - cache hit judge-request e9ae8cc94669
2026-09-23 11:03:19.487 | INFO     | steering_lite.benchmark.cache:cached:37 - cache hit judge-request 2dcc70f3a84f
2026-09-23 11:03:19.487 | INFO     | steering_lite.benchmark.cache:cached:37 - cache hit judge-request 52e0f85f2bd3
2026-09-23 11:03:19.488 | INFO     | steering_lite.benchmark.cache:cached:37 - cache hit judge-request af49c18b94ce
2026-09-23 11:03:19.491 | INFO     | steering_lite.benchmark.cache:cached:37 - cache hit judge-request a4fb49cc8505
2026-09-23 11:03:19.492 | INFO     | steering_lite.benchmark.cache:cached:37 - cache hit judge-request d26fa2ad7bd8
2026-09-23 11:03:19.492 | INFO     | steering_lite.benchmark.cache:cached:37 - cache hit judge-request 8ebbd4ec78b0
2026-09-23 11:03:19.494 | INFO     | steering_lite.benchmark.cache:cached:37 - cache hit judge-request b0fdae9b882d
2026-09-23 11:03:19.495 | INFO     | steering_lite.benchmark.cache:cached:37 - cache hit judge-request 36a62e346981
2026-09-23 11:03:19.496 | INFO     | steering_lite.benchmark.cache:cached:37 - cache hit judge-request ef476cc19e81
2026-09-23 11:03:19.496 | INFO     | steering_lite.benchmark.cache:cached:37 - cache hit judge-request b99efa5deff6
2026-09-23 11:03:19.495 | INFO     | steering_lite.benchmark.cache:cached:37 - cache hit judge-request 2c559c0ca487
2026-09-23 11:03:19.497 | INFO     | steering_lite.benchmark.cache:cached:37 - cache hit judge-request 4a9a9bca5a2c
2026-09-23 11:03:19.497 | INFO     | steering_lite.benchmark.cache:cached:37 - cache hit judge-request 8937e8e65415
2026-09-23 11:03:19.498 | INFO     | steering_lite.benchmark.cache:cached:37 - cache hit judge-request a328b6922cb6
2026-09-23 11:03:19.498 | INFO     | steering_lite.benchmark.cache:cached:37 - cache hit judge-request 75b5a6e47dda
2026-09-23 11:03:19.499 | INFO     | steering_lite.benchmark.cache:cached:37 - cache hit judge-request aa1ae698b289
2026-09-23 11:03:19.499 | INFO     | steering_lite.benchmark.cache:cached:37 - cache hit judge-request 9ab49147f17e
2026-09-23 11:03:19.500 | INFO     | steering_lite.benchmark.cache:cached:37 - cache hit judge-request c017f05e6695
2026-09-23 11:03:19.500 | INFO     | steering_lite.benchmark.cache:cached:37 - cache hit judge-request 3b12018cb77a
2026-09-23 11:03:19.501 | INFO     | steering_lite.benchmark.cache:cached:37 - cache hit judge-request a8f3a0337f2b
2026-09-23 11:03:19.501 | INFO     | steering_lite.benchmark.cache:cached:37 - cache hit judge-request 0c8a279cb334
2026-09-23 11:03:19.501 | INFO     | steering_lite.benchmark.cache:cached:37 - cache hit judge-request c8295033abc7
2026-09-23 11:03:19.502 | INFO     | steering_lite.benchmark.cache:cached:37 - cache hit judge-request d521e0dfa47e
2026-09-23 11:03:19.502 | INFO     | steering_lite.benchmark.cache:cached:37 - cache hit judge-request 4ab7897d40d8
2026-09-23 11:03:19.503 | INFO     | steering_lite.benchmark.cache:cached:37 - cache hit judge-request 96047b8320a5
2026-09-23 11:03:19.503 | INFO     | steering_lite.benchmark.cache:cached:37 - cache hit judge-request 05b0d7d09d96
2026-09-23 11:03:19.504 | INFO     | steering_lite.benchmark.cache:cached:37 - cache hit judge-request aa9d86f9eb3c
2026-09-23 11:03:19.504 | INFO     | steering_lite.benchmark.cache:cached:37 - cache hit judge-request cc9b83e67ad2
2026-09-23 11:03:19.504 | INFO     | steering_lite.benchmark.cache:cached:37 - cache hit judge-request b3bb840f71f6
2026-09-23 11:03:19.507 | INFO     | steering_lite.benchmark.cache:cached:37 - cache hit judge-request 42535d870e2a
2026-09-23 11:03:19.512 | INFO     | steering_lite.benchmark.cache:cached:37 - cache hit judge-request f7468129ee72
2026-09-23 11:03:19.513 | INFO     | steering_lite.benchmark.cache:cached:37 - cache hit judge-request 53cc14f620f7
2026-09-23 11:03:19.513 | INFO     | steering_lite.benchmark.cache:cached:37 - cache hit judge-request 38dc11d171c3
2026-09-23 11:03:19.514 | INFO     | steering_lite.benchmark.cache:cached:37 - cache hit judge-request a5b68f4eb76c
2026-09-23 11:03:19.514 | INFO     | steering_lite.benchmark.cache:cached:37 - cache hit judge-request 8d1cab45b3ea
2026-09-23 11:03:19.514 | INFO     | steering_lite.benchmark.cache:cached:37 - cache hit judge-request 5f298aa5b860
2026-09-23 11:03:19.515 | INFO     | steering_lite.benchmark.cache:cached:37 - cache hit judge-request 84c09aa07e6e
2026-09-23 11:03:19.515 | INFO     | steering_lite.benchmark.cache:cached:37 - cache hit judge-request 9c06d2d2c1a5
2026-09-23 11:03:19.516 | INFO     | steering_lite.benchmark.cache:cached:37 - cache hit judge-request 0d1595620ab8
2026-09-23 11:03:19.516 | INFO     | steering_lite.benchmark.cache:cached:37 - cache hit judge-request d8f59842c8b4
2026-09-23 11:03:19.517 | INFO     | steering_lite.benchmark.cache:cached:37 - cache hit judge-request 61e302f3c5ae
2026-09-23 11:03:19.517 | INFO     | steering_lite.benchmark.cache:cached:37 - cache hit judge-request 9a73a03cd532
2026-09-23 11:03:19.517 | INFO     | steering_lite.benchmark.cache:cached:37 - cache hit judge-request 3108d32f6264
2026-09-23 11:03:19.518 | INFO     | steering_lite.benchmark.cache:cached:37 - cache hit judge-request e051c9940be0
2026-09-23 11:03:19.518 | INFO     | steering_lite.benchmark.cache:cached:37 - cache hit judge-request 9de18cfa076d
2026-09-23 11:03:19.519 | INFO     | steering_lite.benchmark.cache:cached:37 - cache hit judge-request 608b7eaed74c
2026-09-23 11:03:19.521 | INFO     | steering_lite.benchmark.cache:cached:37 - cache hit judge-request 060624ab066c
2026-09-23 11:03:19.522 | INFO     | steering_lite.benchmark.cache:cached:37 - cache hit judge-request 45cf97dd21ca
2026-09-23 11:03:19.524 | INFO     | steering_lite.benchmark.cache:cached:37 - cache hit judge-request d481ab13cb53
2026-09-23 11:03:19.525 | INFO     | steering_lite.benchmark.cache:cached:37 - cache hit judge-request 9b24ede3f7a6
2026-09-23 11:03:19.525 | INFO     | steering_lite.benchmark.cache:cached:37 - cache hit judge-request 9bce0ded673b
2026-09-23 11:03:19.525 | INFO     | steering_lite.benchmark.cache:cached:37 - cache hit judge-request 4ed3aaf9fe07
2026-09-23 11:03:19.526 | INFO     | steering_lite.benchmark.cache:cached:37 - cache hit judge-request dee541215ad7
2026-09-23 11:03:19.526 | INFO     | steering_lite.benchmark.cache:cached:37 - cache hit judge-request 7e0982a12880
2026-09-23 11:03:19.527 | INFO     | steering_lite.benchmark.cache:cached:37 - cache hit judge-request c5827593c66a
2026-09-23 11:03:19.527 | INFO     | steering_lite.benchmark.cache:cached:37 - cache hit judge-request 29e1b13a3115
2026-09-23 11:03:19.528 | INFO     | steering_lite.benchmark.cache:cached:37 - cache hit judge-request 412b6feefdb9
2026-09-23 11:03:19.528 | INFO     | steering_lite.benchmark.cache:cached:37 - cache hit judge-request 6fb3457c6edc
2026-09-23 11:03:19.528 | INFO     | steering_lite.benchmark.cache:cached:37 - cache hit judge-request 24646435ce76
2026-09-23 11:03:19.529 | INFO     | steering_lite.benchmark.cache:cached:37 - cache hit judge-request 937e0fb9d4fa
2026-09-23 11:03:19.529 | INFO     | steering_lite.benchmark.cache:cached:37 - cache hit judge-request 2db0df245aee
2026-09-23 11:03:19.530 | INFO     | steering_lite.benchmark.cache:cached:37 - cache hit judge-request 5f6843f34626
2026-09-23 11:03:19.530 | INFO     | steering_lite.benchmark.cache:cached:37 - cache hit judge-request 1a8d6f891a92
2026-09-23 11:03:19.531 | INFO     | steering_lite.benchmark.cache:cached:37 - cache hit judge-request 68c8f1cbb42e
2026-09-23 11:03:19.531 | INFO     | steering_lite.benchmark.cache:cached:37 - cache hit judge-request 00b06c4a4a6c
2026-09-23 11:03:19.531 | INFO     | steering_lite.benchmark.cache:cached:37 - cache hit judge-request c5b053ff2a2f
2026-09-23 11:03:19.532 | INFO     | steering_lite.benchmark.cache:cached:37 - cache hit judge-request 140917c527ad
2026-09-23 11:03:19.532 | INFO     | steering_lite.benchmark.cache:cached:37 - cache hit judge-request 5a10af93052a
2026-09-23 11:03:19.533 | INFO     | steering_lite.benchmark.cache:cached:37 - cache hit judge-request 62931b9c3d3b
2026-09-23 11:03:19.533 | INFO     | steering_lite.benchmark.cache:cached:37 - cache hit judge-request 242c1f1cc743
2026-09-23 11:03:19.534 | INFO     | steering_lite.benchmark.cache:cached:37 - cache hit judge-request 72c99aa74d3c
2026-09-23 11:03:19.534 | INFO     | steering_lite.benchmark.cache:cached:37 - cache hit judge-request 4bfe776a3c90
2026-09-23 11:03:19.534 | INFO     | steering_lite.benchmark.cache:cached:37 - cache hit judge-request 13a320ecbce0
2026-09-23 11:03:19.535 | INFO     | steering_lite.benchmark.cache:cached:37 - cache hit judge-request b368f7f5c416
2026-09-23 11:03:19.535 | INFO     | steering_lite.benchmark.cache:cached:37 - cache hit judge-request 26523e09d55c
2026-09-23 11:03:19.535 | INFO     | steering_lite.benchmark.cache:cached:37 - cache hit judge-request 44f819650c82
2026-09-23 11:03:19.536 | INFO     | steering_lite.benchmark.cache:cached:37 - cache hit judge-request 4075c079aa00
2026-09-23 11:03:19.536 | INFO     | steering_lite.benchmark.cache:cached:37 - cache hit judge-request f60112fe058c
2026-09-23 11:03:19.537 | INFO     | steering_lite.benchmark.cache:cached:37 - cache hit judge-request 5c8675c77d79
2026-09-23 11:03:19.537 | INFO     | steering_lite.benchmark.cache:cached:37 - cache hit judge-request 59a8673d121f
2026-09-23 11:03:19.538 | INFO     | steering_lite.benchmark.cache:cached:37 - cache hit judge-request 2457632fcfd8
2026-09-23 11:03:19.538 | INFO     | steering_lite.benchmark.cache:cached:37 - cache hit judge-request 806ce0ef234e
2026-09-23 11:03:19.538 | INFO     | steering_lite.benchmark.cache:cached:37 - cache hit judge-request 7afd8fcea8f7
2026-09-23 11:03:19.539 | INFO     | steering_lite.benchmark.cache:cached:37 - cache hit judge-request 1b07801c9bc6
2026-09-23 11:03:19.539 | INFO     | steering_lite.benchmark.cache:cached:37 - cache hit judge-request 3168955219fe
2026-09-23 11:03:19.540 | INFO     | steering_lite.benchmark.cache:cached:37 - cache hit judge-request ed40552a16cc
2026-09-23 11:03:19.540 | INFO     | steering_lite.benchmark.cache:cached:37 - cache hit judge-request e390514d66ec
2026-09-23 11:03:19.541 | INFO     | steering_lite.benchmark.cache:cached:37 - cache hit judge-request a809303756fd
2026-09-23 11:03:19.541 | INFO     | steering_lite.benchmark.cache:cached:37 - cache hit judge-request 8c7aa63263ef
2026-09-23 11:03:19.545 | INFO     | steering_lite.benchmark.cache:cached:37 - cache hit judge-request fe5aa902d0d7
2026-09-23 11:03:19.546 | INFO     | steering_lite.benchmark.cache:cached:37 - cache hit judge-request 88aa9028fe4a
2026-09-23 11:03:19.546 | INFO     | steering_lite.benchmark.cache:cached:37 - cache hit judge-request bb79a0c3095c
2026-09-23 11:03:19.546 | INFO     | steering_lite.benchmark.cache:cached:37 - cache hit judge-request b1a76903c842
2026-09-23 11:03:19.547 | INFO     | steering_lite.benchmark.cache:cached:37 - cache hit judge-request dbfe82805428
2026-09-23 11:03:19.547 | INFO     | steering_lite.benchmark.cache:cached:37 - cache hit judge-request db330ca198c7
2026-09-23 11:03:19.549 | INFO     | steering_lite.benchmark.cache:cached:37 - cache hit judge-request c63197cafe28
2026-09-23 11:03:19.550 | INFO     | steering_lite.benchmark.cache:cached:37 - cache hit judge-request 0e7d45bffb3c
2026-09-23 11:03:19.550 | INFO     | steering_lite.benchmark.cache:cached:37 - cache hit judge-request 53e416c5fad0
2026-09-23 11:03:19.550 | INFO     | steering_lite.benchmark.cache:cached:37 - cache hit judge-request 68c06994b1f4
2026-09-23 11:03:19.551 | INFO     | steering_lite.benchmark.cache:cached:37 - cache hit judge-request 17f78ed61185
2026-09-23 11:03:19.551 | INFO     | steering_lite.benchmark.cache:cached:37 - cache hit judge-request f9471b6ec71a
2026-09-23 11:03:19.552 | INFO     | steering_lite.benchmark.cache:cached:37 - cache hit judge-request e078b13e6001
2026-09-23 11:03:19.552 | INFO     | steering_lite.benchmark.cache:cached:37 - cache hit judge-request 37553e414440
2026-09-23 11:03:19.552 | INFO     | steering_lite.benchmark.cache:cached:37 - cache hit judge-request 903e321f1ed9
2026-09-23 11:03:19.553 | INFO     | steering_lite.benchmark.cache:cached:37 - cache hit judge-request e9ee1516642e
2026-09-23 11:03:19.553 | INFO     | steering_lite.benchmark.cache:cached:37 - cache hit judge-request 4632b307278f
2026-09-23 11:03:19.553 | INFO     | steering_lite.benchmark.cache:cached:37 - cache hit judge-request 2f181538d594
2026-09-23 11:03:19.554 | INFO     | steering_lite.benchmark.cache:cached:37 - cache hit judge-request 06c10e5ad509
2026-09-23 11:03:19.554 | INFO     | steering_lite.benchmark.cache:cached:37 - cache hit judge-request 64e663861570
2026-09-23 11:03:19.554 | INFO     | steering_lite.benchmark.cache:cached:37 - cache hit judge-request 61517a0230e4
2026-09-23 11:03:19.555 | INFO     | steering_lite.benchmark.cache:cached:37 - cache hit judge-request 29ac0dd84da4
2026-09-23 11:03:19.555 | INFO     | steering_lite.benchmark.cache:cached:37 - cache hit judge-request 1b50bbdf195a
2026-09-23 11:03:19.555 | INFO     | steering_lite.benchmark.cache:cached:37 - cache hit judge-request 2175d1314cd0
2026-09-23 11:03:19.556 | INFO     | steering_lite.benchmark.cache:cached:37 - cache hit judge-request fa4881215a9b
2026-09-23 11:03:19.556 | INFO     | steering_lite.benchmark.cache:cached:37 - cache hit judge-request caaece375036
2026-09-23 11:03:19.557 | INFO     | steering_lite.benchmark.cache:cached:37 - cache hit judge-request e4d75926e7f3
2026-09-23 11:03:19.557 | INFO     | steering_lite.benchmark.cache:cached:37 - cache hit judge-request aa728a3e2011
2026-09-23 11:03:19.557 | INFO     | steering_lite.benchmark.cache:cached:37 - cache hit judge-request f8921e442638
2026-09-23 11:03:19.558 | INFO     | steering_lite.benchmark.cache:cached:37 - cache hit judge-request 79d4573f44fd
2026-09-23 11:03:19.558 | INFO     | steering_lite.benchmark.cache:cached:37 - cache hit judge-request 923cce94de60
2026-09-23 11:03:19.559 | INFO     | steering_lite.benchmark.cache:cached:37 - cache hit judge-request 01c8de757b58
2026-09-23 11:03:19.559 | INFO     | steering_lite.benchmark.cache:cached:37 - cache hit judge-request d6560246d9e0
2026-09-23 11:03:19.560 | INFO     | steering_lite.benchmark.cache:cached:37 - cache hit judge-request 684956a85c0e
2026-09-23 11:03:19.560 | INFO     | steering_lite.benchmark.cache:cached:37 - cache hit judge-request 2a2ebfe67821
2026-09-23 11:03:19.560 | INFO     | steering_lite.benchmark.cache:cached:37 - cache hit judge-request 518228455a38
2026-09-23 11:03:19.561 | INFO     | steering_lite.benchmark.cache:cached:37 - cache hit judge-request 04d11359ee27
2026-09-23 11:03:19.562 | INFO     | steering_lite.benchmark.cache:cached:37 - cache hit judge-request 0ae01862dcca
2026-09-23 11:03:19.562 | INFO     | steering_lite.benchmark.cache:cached:37 - cache hit judge-request 04760934a148
2026-09-23 11:03:19.563 | INFO     | steering_lite.benchmark.cache:cached:37 - cache hit judge-request af1d675b9e99
2026-09-23 11:03:19.563 | INFO     | steering_lite.benchmark.cache:cached:37 - cache hit judge-request a08787be1201
2026-09-23 11:03:19.563 | INFO     | steering_lite.benchmark.cache:cached:37 - cache hit judge-request 4e442fb587a0
2026-09-23 11:03:19.564 | INFO     | steering_lite.benchmark.cache:cached:37 - cache hit judge-request dfc2665ee366
2026-09-23 11:03:19.564 | INFO     | steering_lite.benchmark.cache:cached:37 - cache hit judge-request c8f02019477a
2026-09-23 11:03:19.564 | INFO     | steering_lite.benchmark.cache:cached:37 - cache hit judge-request 707fe498a703
2026-09-23 11:03:19.565 | INFO     | steering_lite.benchmark.cache:cached:37 - cache hit judge-request dc1cab0aa086
2026-09-23 11:03:19.565 | INFO     | steering_lite.benchmark.cache:cached:37 - cache hit judge-request 5d3fc036d7a1
2026-09-23 11:03:19.566 | INFO     | steering_lite.benchmark.cache:cached:37 - cache hit judge-request 1c7c778b95bb
2026-09-23 11:03:19.566 | INFO     | steering_lite.benchmark.cache:cached:37 - cache hit judge-request f28afe39aaf2
2026-09-23 11:03:19.567 | INFO     | steering_lite.benchmark.cache:cached:37 - cache hit judge-request de299859f726
2026-09-23 11:03:19.567 | INFO     | steering_lite.benchmark.cache:cached:37 - cache hit judge-request b766efc74fe9
2026-09-23 11:03:19.567 | INFO     | steering_lite.benchmark.cache:cached:37 - cache hit judge-request dfbe584278cc
2026-09-23 11:03:19.568 | INFO     | steering_lite.benchmark.cache:cached:37 - cache hit judge-request 0984744089f5
2026-09-23 11:03:19.568 | INFO     | steering_lite.benchmark.cache:cached:37 - cache hit judge-request b49661abb595
2026-09-23 11:03:19.569 | INFO     | steering_lite.benchmark.cache:cached:37 - cache hit judge-request dd7c7dfb231a
2026-09-23 11:03:19.569 | INFO     | steering_lite.benchmark.cache:cached:37 - cache hit judge-request da5ffff77e6e
2026-09-23 11:03:19.570 | INFO     | steering_lite.benchmark.cache:cached:37 - cache hit judge-request abee5bb101f9
2026-09-23 11:03:19.570 | INFO     | steering_lite.benchmark.cache:cached:37 - cache hit judge-request c743fd2d920c
2026-09-23 11:03:19.570 | INFO     | steering_lite.benchmark.cache:cached:37 - cache hit judge-request 0b61deb9e9f5
2026-09-23 11:03:19.571 | INFO     | steering_lite.benchmark.cache:cached:37 - cache hit judge-request 37fd3e93070a
2026-09-23 11:03:19.571 | INFO     | steering_lite.benchmark.cache:cached:37 - cache hit judge-request e56db13b934c
2026-09-23 11:03:19.572 | INFO     | steering_lite.benchmark.cache:cached:37 - cache hit judge-request 0faccfdb64e1
2026-09-23 11:03:19.572 | INFO     | steering_lite.benchmark.cache:cached:37 - cache hit judge-request ee7df093016c
2026-09-23 11:03:19.572 | INFO     | steering_lite.benchmark.cache:cached:37 - cache hit judge-request bf977957f8bd
2026-09-23 11:03:19.573 | INFO     | steering_lite.benchmark.cache:cached:37 - cache hit judge-request 48ea393a21cf
2026-09-23 11:03:19.573 | INFO     | steering_lite.benchmark.cache:cached:37 - cache hit judge-request b76fde2dfd41
2026-09-23 11:03:19.573 | INFO     | steering_lite.benchmark.cache:cached:37 - cache hit judge-request f3f67bed75bc
2026-09-23 11:03:19.574 | INFO     | steering_lite.benchmark.cache:cached:37 - cache hit judge-request f87244fa1f8d
2026-09-23 11:03:19.574 | INFO     | steering_lite.benchmark.cache:cached:37 - cache hit judge-request 6120810d2b8b
2026-09-23 11:03:19.574 | INFO     | steering_lite.benchmark.cache:cached:37 - cache hit judge-request 1e0f64d08d01
2026-09-23 11:03:19.575 | INFO     | steering_lite.benchmark.cache:cached:37 - cache hit judge-request 546572a65dfe
2026-09-23 11:03:19.575 | INFO     | steering_lite.benchmark.cache:cached:37 - cache hit judge-request 62ebbcefeec2
2026-09-23 11:03:19.576 | INFO     | steering_lite.benchmark.cache:cached:37 - cache hit judge-request 0d01e0790161
2026-09-23 11:03:19.576 | INFO     | steering_lite.benchmark.cache:cached:37 - cache hit judge-request 23267fba02f1
2026-09-23 11:03:19.576 | INFO     | steering_lite.benchmark.cache:cached:37 - cache hit judge-request 49f213b124e8
2026-09-23 11:03:19.577 | INFO     | steering_lite.benchmark.cache:cached:37 - cache hit judge-request 64334378d699
2026-09-23 11:03:19.577 | INFO     | steering_lite.benchmark.cache:cached:37 - cache hit judge-request 16f5438d9926
2026-09-23 11:03:19.578 | INFO     | steering_lite.benchmark.cache:cached:37 - cache hit judge-request bb48e0da95af
2026-09-23 11:03:19.578 | INFO     | steering_lite.benchmark.cache:cached:37 - cache hit judge-request c3efd9f4ce55
2026-09-23 11:03:19.578 | INFO     | steering_lite.benchmark.cache:cached:37 - cache hit judge-request 0b26d2271a7e
2026-09-23 11:03:19.579 | INFO     | steering_lite.benchmark.cache:cached:37 - cache hit judge-request f56701a8994f
2026-09-23 11:03:19.579 | INFO     | steering_lite.benchmark.cache:cached:37 - cache hit judge-request 06a5c9e49923
2026-09-23 11:03:19.579 | INFO     | steering_lite.benchmark.cache:cached:37 - cache hit judge-request 2ebba42723fc
2026-09-23 11:03:19.580 | INFO     | steering_lite.benchmark.cache:cached:37 - cache hit judge-request 7def18faebe3
2026-09-23 11:03:19.580 | INFO     | steering_lite.benchmark.cache:cached:37 - cache hit judge-request 03102c71fe62
2026-09-23 11:03:19.581 | INFO     | steering_lite.benchmark.cache:cached:37 - cache hit judge-request 9b685bd66f93
2026-09-23 11:03:19.581 | INFO     | steering_lite.benchmark.cache:cached:37 - cache hit judge-request 2dfea2112c65
2026-09-23 11:03:19.581 | INFO     | steering_lite.benchmark.cache:cached:37 - cache hit judge-request 6a054c4d84d4
2026-09-23 11:03:19.582 | INFO     | steering_lite.benchmark.cache:cached:37 - cache hit judge-request b73f39ecb789
2026-09-23 11:03:19.582 | INFO     | steering_lite.benchmark.cache:cached:37 - cache hit judge-request 78182426b0cb
2026-09-23 11:03:19.582 | INFO     | steering_lite.benchmark.cache:cached:37 - cache hit judge-request 1a7396d90e8d
2026-09-23 11:03:19.583 | INFO     | steering_lite.benchmark.cache:cached:37 - cache hit judge-request 0b677c9b1f2c
2026-09-23 11:03:19.583 | INFO     | steering_lite.benchmark.cache:cached:37 - cache hit judge-request 1d34ff21a5ff
2026-09-23 11:03:19.584 | INFO     | steering_lite.benchmark.cache:cached:37 - cache hit judge-request 542bec7866e2
2026-09-23 11:03:19.584 | INFO     | steering_lite.benchmark.cache:cached:37 - cache hit judge-request 9a2b88798899
2026-09-23 11:03:19.584 | INFO     | steering_lite.benchmark.cache:cached:37 - cache hit judge-request f7b7911c190b
2026-09-23 11:03:19.585 | INFO     | steering_lite.benchmark.cache:cached:39 - cache miss judge-request 4a7553156402
2026-09-23 11:03:19.585 | INFO     | steering_lite.benchmark.cache:cached:37 - cache hit judge-request 4f61f352e814
2026-09-23 11:03:19.585 | INFO     | steering_lite.benchmark.cache:cached:37 - cache hit judge-request 98ce70f97945
2026-09-23 11:03:19.586 | INFO     | steering_lite.benchmark.cache:cached:37 - cache hit judge-request bee3b3344104
2026-09-23 11:03:19.586 | INFO     | steering_lite.benchmark.cache:cached:37 - cache hit judge-request 711ac3c15ba3
2026-09-23 11:03:19.587 | INFO     | steering_lite.benchmark.cache:cached:37 - cache hit judge-request 3bc8e6d1d6f5
2026-09-23 11:03:19.587 | INFO     | steering_lite.benchmark.cache:cached:37 - cache hit judge-request d6b37a1f0c28
2026-09-23 11:03:19.588 | INFO     | steering_lite.benchmark.cache:cached:37 - cache hit judge-request f1235ff080f3
2026-09-23 11:03:19.588 | INFO     | steering_lite.benchmark.cache:cached:37 - cache hit judge-request 292dfb2143d4
2026-09-23 11:03:19.589 | INFO     | steering_lite.benchmark.cache:cached:37 - cache hit judge-request cbff3c3e08d3
2026-09-23 11:03:19.589 | INFO     | steering_lite.benchmark.cache:cached:37 - cache hit judge-request 429503ce6444
2026-09-23 11:03:19.590 | INFO     | steering_lite.benchmark.cache:cached:37 - cache hit judge-request ca406eedf402
2026-09-23 11:03:19.590 | INFO     | steering_lite.benchmark.cache:cached:39 - cache miss judge-request f712391e87b2
2026-09-23 11:03:19.590 | INFO     | steering_lite.benchmark.cache:cached:37 - cache hit judge-request 042963c8acb5
2026-09-23 11:03:19.591 | INFO     | steering_lite.benchmark.cache:cached:39 - cache miss judge-request 862039ead7a3
2026-09-23 11:03:19.591 | INFO     | steering_lite.benchmark.cache:cached:37 - cache hit judge-request eebf3ed28a23
2026-09-23 11:03:19.591 | INFO     | steering_lite.benchmark.cache:cached:39 - cache miss judge-request 624f24ccb29e
2026-09-23 11:03:19.592 | INFO     | steering_lite.benchmark.cache:cached:37 - cache hit judge-request 195b1c74f508
2026-09-23 11:03:19.592 | INFO     | steering_lite.benchmark.cache:cached:39 - cache miss judge-request 0b7a9b6f8276
2026-09-23 11:03:19.592 | INFO     | steering_lite.benchmark.cache:cached:37 - cache hit judge-request eaf94ce9a567
2026-09-23 11:03:19.592 | INFO     | steering_lite.benchmark.cache:cached:39 - cache miss judge-request 88d2a5ccc553
2026-09-23 11:03:27.574 | INFO     | steering_lite.benchmark.cache:cached:39 - cache miss judge-request 4e89803715ec
2026-09-23 11:03:32.084 | INFO     | steering_lite.benchmark.cache:cached:39 - cache miss judge-request d8f72be92204
2026-09-23 11:03:38.481 | INFO     | steering_lite.benchmark.cache:cached:39 - cache miss judge-request 1bf00378a360
2026-09-23 11:03:38.660 | INFO     | steering_lite.benchmark.cache:cached:39 - cache miss judge-request a948b4440f1a
2026-09-23 11:03:45.413 | INFO     | steering_lite.benchmark.cache:cached:39 - cache miss judge-request 4e21af7e0486
2026-09-23 11:03:46.286 | INFO     | steering_lite.benchmark.cache:cached:39 - cache miss judge-request b93549ec3e9c
2026-09-23 11:03:50.933 | INFO     | steering_lite.benchmark.cache:cached:39 - cache miss judge-request ea977c3ee370
2026-09-23 11:03:51.615 | INFO     | steering_lite.benchmark.cache:cached:39 - cache miss judge-request d59adb24b8e2
2026-09-23 11:03:56.990 | INFO     | steering_lite.benchmark.cache:cached:39 - cache miss judge-request cf4ee7738f39
2026-09-23 11:03:59.550 | INFO     | steering_lite.benchmark.cache:cached:39 - cache miss judge-request 461b2f9ecd41
2026-09-23 11:04:05.064 | INFO     | steering_lite.benchmark.cache:cached:39 - cache miss judge-request 696aab059b55
2026-09-23 11:04:09.539 | INFO     | steering_lite.benchmark.cache:cached:39 - cache miss judge-request c16b38ee3aee
2026-09-23 11:04:10.369 | INFO     | steering_lite.benchmark.cache:cached:39 - cache miss judge-request 275e2b0739d4
2026-09-23 11:04:12.650 | INFO     | steering_lite.benchmark.cache:cached:39 - cache miss judge-request a1215db5fa09
2026-09-23 11:04:13.089 | INFO     | steering_lite.benchmark.cache:cached:39 - cache miss judge-request 0b1b03585d78
2026-09-23 11:04:14.881 | INFO     | steering_lite.benchmark.cache:cached:39 - cache miss judge-request 5a4d0ad7b398
2026-09-23 11:04:16.035 | INFO     | steering_lite.benchmark.cache:cached:39 - cache miss judge-request c45c45d7b145
2026-09-23 11:04:17.764 | INFO     | steering_lite.benchmark.cache:cached:39 - cache miss judge-request 92b0245045c7
2026-09-23 11:04:21.796 | INFO     | steering_lite.benchmark.cache:cached:39 - cache miss judge-request a2caf888536e
2026-09-23 11:04:24.362 | INFO     | steering_lite.benchmark.cache:cached:39 - cache miss judge-request 80f125ca51b2
2026-09-23 11:04:26.992 | INFO     | steering_lite.benchmark.cache:cached:39 - cache miss judge-request 4afdcbc89c81
2026-09-23 11:04:33.418 | INFO     | steering_lite.benchmark.cache:cached:39 - cache miss judge-request d3a412d901d3
2026-09-23 11:04:33.679 | INFO     | steering_lite.benchmark.cache:cached:39 - cache miss judge-request 9f17913af832
2026-09-23 11:04:34.729 | INFO     | steering_lite.benchmark.cache:cached:39 - cache miss judge-request 187602f4f694
2026-09-23 11:04:39.378 | INFO     | steering_lite.benchmark.cache:cached:39 - cache miss judge-request 574cc7f2446d
2026-09-23 11:04:39.693 | INFO     | steering_lite.benchmark.cache:cached:39 - cache miss judge-request 92fd63f12741
2026-09-23 11:04:40.643 | INFO     | steering_lite.benchmark.cache:cached:39 - cache miss judge-request 5bfc6ab74700
2026-09-23 11:04:46.444 | INFO     | steering_lite.benchmark.cache:cached:39 - cache miss judge-request 610144772fcd
2026-09-23 11:04:47.035 | INFO     | steering_lite.benchmark.cache:cached:39 - cache miss judge-request e0b77fd28c4f
2026-09-23 11:04:52.953 | INFO     | steering_lite.benchmark.cache:cached:39 - cache miss judge-request 2f7a0e892af6
2026-09-23 11:04:53.040 | INFO     | steering_lite.benchmark.cache:cached:39 - cache miss judge-request 51f32f3edb55
2026-09-23 11:04:57.686 | INFO     | steering_lite.benchmark.cache:cached:39 - cache miss judge-request d2a53b0f0026
2026-09-23 11:04:58.361 | INFO     | steering_lite.benchmark.cache:cached:39 - cache miss judge-request 4ade179c45f5
2026-09-23 11:04:59.982 | INFO     | steering_lite.benchmark.cache:cached:39 - cache miss judge-request b5d6bc4bde2f
2026-09-23 11:05:00.585 | INFO     | steering_lite.benchmark.cache:cached:39 - cache miss judge-request 5521062b1e7c
2026-09-23 11:05:02.956 | INFO     | steering_lite.benchmark.cache:cached:39 - cache miss judge-request fa5b132e91e3
2026-09-23 11:05:03.250 | INFO     | steering_lite.benchmark.cache:cached:39 - cache miss judge-request 5ad9fb29fe2e
2026-09-23 11:05:05.829 | INFO     | steering_lite.benchmark.cache:cached:39 - cache miss judge-request 134dfd120b57
2026-09-23 11:05:06.566 | INFO     | steering_lite.benchmark.cache:cached:39 - cache miss judge-request b02413d64aba
2026-09-23 11:05:08.064 | INFO     | steering_lite.benchmark.cache:cached:39 - cache miss judge-request 9be8a686b732
2026-09-23 11:05:12.238 | INFO     | steering_lite.benchmark.cache:cached:39 - cache miss judge-request 0f6597bc62ff
2026-09-23 11:05:13.074 | INFO     | steering_lite.benchmark.cache:cached:39 - cache miss judge-request 18ad63f5e967
2026-09-23 11:05:14.224 | INFO     | steering_lite.benchmark.cache:cached:39 - cache miss judge-request ec6a4e0ad658
2026-09-23 11:05:17.285 | INFO     | steering_lite.benchmark.cache:cached:39 - cache miss judge-request 7fcea87c0638
2026-09-23 11:05:18.803 | INFO     | steering_lite.benchmark.cache:cached:39 - cache miss judge-request af6697c64be7
2026-09-23 11:05:20.268 | INFO     | steering_lite.benchmark.cache:cached:39 - cache miss judge-request 35a954ed0961
2026-09-23 11:05:22.114 | INFO     | steering_lite.benchmark.cache:cached:39 - cache miss judge-request 4fe19648a930
2026-09-23 11:05:26.271 | INFO     | steering_lite.benchmark.cache:cached:39 - cache miss judge-request 5bdbfa8e78f4
2026-09-23 11:05:27.696 | INFO     | steering_lite.benchmark.cache:cached:39 - cache miss judge-request b8e1a01bbce8
2026-09-23 11:05:28.955 | INFO     | steering_lite.benchmark.cache:cached:39 - cache miss judge-request a893d4468f9c
2026-09-23 11:05:33.088 | INFO     | steering_lite.benchmark.cache:cached:39 - cache miss judge-request 00e83f3bbc8a
2026-09-23 11:05:33.533 | INFO     | steering_lite.benchmark.cache:cached:39 - cache miss judge-request db2f1905e0c9
2026-09-23 11:05:34.917 | INFO     | steering_lite.benchmark.cache:cached:39 - cache miss judge-request f5b020eb85b7
2026-09-23 11:05:35.774 | INFO     | steering_lite.benchmark.cache:cached:39 - cache miss judge-request 673136e2228a
2026-09-23 11:05:38.781 | INFO     | steering_lite.benchmark.cache:cached:39 - cache miss judge-request 4eb33e4798ff
2026-09-23 11:05:39.956 | INFO     | steering_lite.benchmark.cache:cached:39 - cache miss judge-request 96c3e14ce297
2026-09-23 11:05:44.376 | INFO     | steering_lite.benchmark.cache:cached:39 - cache miss judge-request 2de9ab60450d
2026-09-23 11:05:45.014 | INFO     | steering_lite.benchmark.cache:cached:39 - cache miss judge-request 64fc5ac8dae6
2026-09-23 11:05:45.845 | INFO     | steering_lite.benchmark.cache:cached:39 - cache miss judge-request ec24b09ebb23
2026-09-23 11:05:51.031 | INFO     | steering_lite.benchmark.cache:cached:39 - cache miss judge-request e5f721dfc40f
2026-09-23 11:05:51.237 | INFO     | steering_lite.benchmark.cache:cached:39 - cache miss judge-request 8e8cbd401ec4
2026-09-23 11:05:53.474 | INFO     | steering_lite.benchmark.cache:cached:39 - cache miss judge-request c256bdab7378
2026-09-23 11:05:57.054 | INFO     | steering_lite.benchmark.cache:cached:39 - cache miss judge-request 4201e91fdb72
2026-09-23 11:05:57.762 | INFO     | steering_lite.benchmark.cache:cached:39 - cache miss judge-request fd446a6406f8
2026-09-23 11:05:58.804 | INFO     | steering_lite.benchmark.cache:cached:39 - cache miss judge-request 55c5340985d5
2026-09-23 11:06:02.659 | INFO     | steering_lite.benchmark.cache:cached:39 - cache miss judge-request 2e0bff669160
2026-09-23 11:06:05.441 | INFO     | steering_lite.benchmark.cache:cached:39 - cache miss judge-request 8fc5e4c275a3
2026-09-23 11:06:05.644 | INFO     | steering_lite.benchmark.cache:cached:39 - cache miss judge-request 56f50353abe8
2026-09-23 11:06:12.460 | INFO     | steering_lite.benchmark.cache:cached:39 - cache miss judge-request 6394afee2684
2026-09-23 11:06:12.631 | INFO     | steering_lite.benchmark.cache:cached:39 - cache miss judge-request 387ab6cb0c01
2026-09-23 11:06:13.434 | INFO     | steering_lite.benchmark.cache:cached:39 - cache miss judge-request 2a8544f23cd9
2026-09-23 11:06:17.354 | INFO     | steering_lite.benchmark.cache:cached:39 - cache miss judge-request 93f4008a39eb
2026-09-23 11:06:18.243 | INFO     | steering_lite.benchmark.cache:cached:39 - cache miss judge-request 503537dfdfa2
2026-09-23 11:06:18.526 | INFO     | steering_lite.benchmark.cache:cached:39 - cache miss judge-request f8d83ebe4e01
2026-09-23 11:06:22.078 | INFO     | steering_lite.benchmark.cache:cached:39 - cache miss judge-request 77c4cd92e84d
2026-09-23 11:06:22.968 | INFO     | steering_lite.benchmark.cache:cached:39 - cache miss judge-request a153ec161f77
2026-09-23 11:06:23.295 | INFO     | steering_lite.benchmark.cache:cached:39 - cache miss judge-request d17b7b7b1bfb
2026-09-23 11:06:24.227 | INFO     | steering_lite.benchmark.cache:cached:39 - cache miss judge-request 9575764f5e6c
2026-09-23 11:06:25.038 | INFO     | steering_lite.benchmark.cache:cached:39 - cache miss judge-request 97327c5a0902
2026-09-23 11:06:28.454 | INFO     | steering_lite.benchmark.cache:cached:39 - cache miss judge-request 10a6d6817634
2026-09-23 11:06:29.066 | INFO     | steering_lite.benchmark.cache:cached:39 - cache miss judge-request 30fa94834207
2026-09-23 11:06:31.184 | INFO     | steering_lite.benchmark.cache:cached:39 - cache miss judge-request 1fb573324fac
2026-09-23 11:06:33.570 | INFO     | steering_lite.benchmark.cache:cached:39 - cache miss judge-request 6dde3b13ec88
2026-09-23 11:06:35.817 | INFO     | steering_lite.benchmark.cache:cached:39 - cache miss judge-request 4016969da383
2026-09-23 11:06:38.917 | INFO     | steering_lite.benchmark.cache:cached:39 - cache miss judge-request 7b3a0fd55b45
2026-09-23 11:06:41.859 | INFO     | steering_lite.benchmark.cache:cached:39 - cache miss judge-request 224caa8eaab6
2026-09-23 11:06:43.436 | INFO     | steering_lite.benchmark.cache:cached:39 - cache miss judge-request 526ae8cc2e6e
2026-09-23 11:06:47.327 | INFO     | steering_lite.benchmark.cache:cached:39 - cache miss judge-request ff2de48d0262
2026-09-23 11:06:48.098 | INFO     | steering_lite.benchmark.cache:cached:39 - cache miss judge-request 0c78cd2c4616
2026-09-23 11:06:50.828 | INFO     | steering_lite.benchmark.cache:cached:39 - cache miss judge-request 156c57c1d888
2026-09-23 11:06:52.587 | INFO     | steering_lite.benchmark.cache:cached:39 - cache miss judge-request 49955ab5669d
2026-09-23 11:06:53.505 | INFO     | steering_lite.benchmark.cache:cached:39 - cache miss judge-request 31b5f794627f
2026-09-23 11:06:55.102 | INFO     | steering_lite.benchmark.cache:cached:39 - cache miss judge-request 4b767a4ccac7
2026-09-23 11:06:56.978 | INFO     | steering_lite.benchmark.cache:cached:39 - cache miss judge-request fafd41b440f4
2026-09-23 11:06:57.738 | INFO     | steering_lite.benchmark.cache:cached:39 - cache miss judge-request ae685450def8
2026-09-23 11:06:58.392 | INFO     | steering_lite.benchmark.cache:cached:39 - cache miss judge-request 69d13b7b9343
2026-09-23 11:07:02.377 | INFO     | steering_lite.benchmark.cache:cached:39 - cache miss judge-request 614a35b5bce3
2026-09-23 11:07:02.800 | INFO     | steering_lite.benchmark.cache:cached:39 - cache miss judge-request 3f2b4181e1d4
2026-09-23 11:07:04.540 | INFO     | steering_lite.benchmark.cache:cached:39 - cache miss judge-request bfc401461793
2026-09-23 11:07:07.598 | INFO     | steering_lite.benchmark.cache:cached:39 - cache miss judge-request 6ede4848501e
2026-09-23 11:07:07.908 | INFO     | steering_lite.benchmark.cache:cached:39 - cache miss judge-request 1a0a6880090c
2026-09-23 11:07:09.725 | INFO     | steering_lite.benchmark.cache:cached:39 - cache miss judge-request caa5275da320
2026-09-23 11:07:12.004 | INFO     | steering_lite.benchmark.cache:cached:39 - cache miss judge-request a4a3d730d005
2026-09-23 11:07:12.967 | INFO     | steering_lite.benchmark.cache:cached:39 - cache miss judge-request dcf5f5721d19
2026-09-23 11:07:16.294 | INFO     | steering_lite.benchmark.cache:cached:39 - cache miss judge-request dfff6653771b
2026-09-23 11:07:18.085 | INFO     | steering_lite.benchmark.cache:cached:39 - cache miss judge-request 17e75177e351
2026-09-23 11:07:19.009 | INFO     | steering_lite.benchmark.cache:cached:39 - cache miss judge-request 1e4eb6f8f99a
2026-09-23 11:07:22.534 | INFO     | steering_lite.benchmark.cache:cached:39 - cache miss judge-request c5f64422e3b8
2026-09-23 11:07:22.722 | INFO     | steering_lite.benchmark.cache:cached:39 - cache miss judge-request 38ecfabf3021
2026-09-23 11:07:23.495 | INFO     | steering_lite.benchmark.cache:cached:39 - cache miss judge-request 2963befa7959
2026-09-23 11:07:27.632 | INFO     | steering_lite.benchmark.cache:cached:39 - cache miss judge-request cf77d813b046
2026-09-23 11:07:28.199 | INFO     | steering_lite.benchmark.cache:cached:39 - cache miss judge-request 08bfde5b7a72
2026-09-23 11:07:30.324 | INFO     | steering_lite.benchmark.cache:cached:39 - cache miss judge-request beb0497007df
2026-09-23 11:07:31.755 | INFO     | steering_lite.benchmark.cache:cached:39 - cache miss judge-request 894b86279663
2026-09-23 11:07:33.665 | INFO     | steering_lite.benchmark.cache:cached:39 - cache miss judge-request e2f5ac0fd958
2026-09-23 11:07:36.009 | INFO     | steering_lite.benchmark.cache:cached:39 - cache miss judge-request 5d76cfb4d6a4
2026-09-23 11:07:37.950 | INFO     | steering_lite.benchmark.cache:cached:39 - cache miss judge-request 2b66c3946492
2026-09-23 11:07:38.177 | INFO     | steering_lite.benchmark.cache:cached:39 - cache miss judge-request 81461581cd38
2026-09-23 11:07:40.896 | INFO     | steering_lite.benchmark.cache:cached:39 - cache miss judge-request c072cac9bf99
2026-09-23 11:07:44.451 | INFO     | steering_lite.benchmark.cache:cached:39 - cache miss judge-request f779dc0a0e81
2026-09-23 11:07:46.556 | INFO     | steering_lite.benchmark.cache:cached:39 - cache miss judge-request 443fbfd3bb3c
2026-09-23 11:07:50.583 | INFO     | steering_lite.benchmark.cache:cached:39 - cache miss judge-request 52765ab85420
2026-09-23 11:07:51.589 | INFO     | steering_lite.benchmark.cache:cached:39 - cache miss judge-request db2b5b0d9e35
2026-09-23 11:07:51.939 | INFO     | steering_lite.benchmark.cache:cached:39 - cache miss judge-request b8a28c1e98b1
2026-09-23 11:07:55.623 | INFO     | steering_lite.benchmark.cache:cached:39 - cache miss judge-request 23d86e30e725
2026-09-23 11:07:56.294 | INFO     | steering_lite.benchmark.cache:cached:39 - cache miss judge-request 0ec76c8c40ea
2026-09-23 11:07:56.629 | INFO     | steering_lite.benchmark.cache:cached:39 - cache miss judge-request 5773f82a8477
2026-09-23 11:07:59.073 | INFO     | steering_lite.benchmark.cache:cached:39 - cache miss judge-request fde7e4e6e5db
2026-09-23 11:08:02.328 | INFO     | steering_lite.benchmark.cache:cached:39 - cache miss judge-request bde491e71e40
2026-09-23 11:08:02.524 | INFO     | steering_lite.benchmark.cache:cached:39 - cache miss judge-request 9689729fc70b
2026-09-23 11:08:04.782 | INFO     | steering_lite.benchmark.cache:cached:39 - cache miss judge-request 6d14f3c89e3c
2026-09-23 11:08:05.190 | INFO     | steering_lite.benchmark.cache:cached:39 - cache miss judge-request d13a230a2db2
2026-09-23 11:08:08.915 | INFO     | steering_lite.benchmark.cache:cached:39 - cache miss judge-request c46677858bd0
2026-09-23 11:08:10.378 | INFO     | steering_lite.benchmark.cache:cached:39 - cache miss judge-request d3ab1c05f8a7
2026-09-23 11:08:11.178 | INFO     | steering_lite.benchmark.cache:cached:39 - cache miss judge-request 2db0783b5acb
2026-09-23 11:08:14.467 | INFO     | steering_lite.benchmark.cache:cached:39 - cache miss judge-request 0dad6da1ec0e
2026-09-23 11:08:15.692 | INFO     | steering_lite.benchmark.cache:cached:39 - cache miss judge-request 26a7b3c048b9
2026-09-23 11:08:18.919 | INFO     | steering_lite.benchmark.cache:cached:39 - cache miss judge-request 57fa7dd9bbf1
2026-09-23 11:08:21.169 | INFO     | steering_lite.benchmark.cache:cached:39 - cache miss judge-request 8e0757f4c00e
2026-09-23 11:08:21.700 | INFO     | steering_lite.benchmark.cache:cached:39 - cache miss judge-request 754b0da74bfa
2026-09-23 11:08:26.745 | INFO     | steering_lite.benchmark.cache:cached:39 - cache miss judge-request b5e194e71cc9
2026-09-23 11:08:27.187 | INFO     | steering_lite.benchmark.cache:cached:39 - cache miss judge-request df3b4be5ec9a
2026-09-23 11:08:27.611 | INFO     | steering_lite.benchmark.cache:cached:39 - cache miss judge-request 6a4ee7516028
2026-09-23 11:08:28.385 | INFO     | steering_lite.benchmark.cache:cached:39 - cache miss judge-request 8969e02d7094
2026-09-23 11:08:32.526 | INFO     | steering_lite.benchmark.cache:cached:39 - cache miss judge-request 5150da8742e8
2026-09-23 11:08:33.567 | INFO     | steering_lite.benchmark.cache:cached:39 - cache miss judge-request 6e6fd1c97e15
2026-09-23 11:08:33.893 | INFO     | steering_lite.benchmark.cache:cached:39 - cache miss judge-request 71934978729a
2026-09-23 11:08:36.970 | INFO     | steering_lite.benchmark.cache:cached:39 - cache miss judge-request 7ea3b28df4fc
2026-09-23 11:08:39.350 | INFO     | steering_lite.benchmark.cache:cached:39 - cache miss judge-request 10659da1c21a
2026-09-23 11:08:41.666 | INFO     | steering_lite.benchmark.cache:cached:39 - cache miss judge-request 6866577db4ac
2026-09-23 11:08:44.632 | INFO     | steering_lite.benchmark.cache:cached:39 - cache miss judge-request 49b38317c821
2026-09-23 11:08:46.487 | INFO     | steering_lite.benchmark.cache:cached:39 - cache miss judge-request bf2a65ab9c78
2026-09-23 11:08:49.060 | INFO     | steering_lite.benchmark.cache:cached:39 - cache miss judge-request 139a43d09b30
2026-09-23 11:08:50.491 | INFO     | steering_lite.benchmark.cache:cached:39 - cache miss judge-request c80a62ffdd63
2026-09-23 11:08:51.710 | INFO     | steering_lite.benchmark.cache:cached:39 - cache miss judge-request 6f3fe8f4b400
2026-09-23 11:08:55.987 | INFO     | steering_lite.benchmark.cache:cached:39 - cache miss judge-request f9226d848f23
2026-09-23 11:08:56.821 | INFO     | steering_lite.benchmark.cache:cached:39 - cache miss judge-request 74a0c8d98d2c
2026-09-23 11:08:57.882 | INFO     | steering_lite.benchmark.cache:cached:39 - cache miss judge-request f4f11e87cdc8
2026-09-23 11:08:59.916 | INFO     | steering_lite.benchmark.cache:cached:39 - cache miss judge-request 7767cafc73f7
2026-09-23 11:09:00.017 | INFO     | steering_lite.benchmark.cache:cached:39 - cache miss judge-request 5d36cdea7c25
2026-09-23 11:09:02.096 | INFO     | steering_lite.benchmark.cache:cached:39 - cache miss judge-request c4452caa7449
2026-09-23 11:09:02.322 | INFO     | steering_lite.benchmark.cache:cached:39 - cache miss judge-request b311189dba2a
2026-09-23 11:09:05.597 | INFO     | steering_lite.benchmark.cache:cached:39 - cache miss judge-request 251e188e5807
2026-09-23 11:09:06.950 | INFO     | steering_lite.benchmark.cache:cached:39 - cache miss judge-request 7539e4a8a577
2026-09-23 11:09:07.290 | INFO     | steering_lite.benchmark.cache:cached:39 - cache miss judge-request 2b6e049d933f
2026-09-23 11:09:09.624 | INFO     | steering_lite.benchmark.cache:cached:39 - cache miss judge-request 025ed033bc82
2026-09-23 11:09:12.243 | INFO     | steering_lite.benchmark.cache:cached:39 - cache miss judge-request 928ae9c464a1
2026-09-23 11:09:13.331 | INFO     | steering_lite.benchmark.cache:cached:39 - cache miss judge-request 78fc98e1e8dd
2026-09-23 11:09:14.840 | INFO     | steering_lite.benchmark.cache:cached:39 - cache miss judge-request b5bd079370f6
2026-09-23 11:09:15.702 | INFO     | steering_lite.benchmark.cache:cached:39 - cache miss judge-request f567d359b42b
2026-09-23 11:09:18.273 | INFO     | steering_lite.benchmark.cache:cached:39 - cache miss judge-request 1f2aeb57d500
2026-09-23 11:09:20.637 | INFO     | steering_lite.benchmark.cache:cached:39 - cache miss judge-request 5041af37bdc8
2026-09-23 11:09:21.439 | INFO     | steering_lite.benchmark.cache:cached:39 - cache miss judge-request 8acb9e39e117
2026-09-23 11:09:22.397 | INFO     | steering_lite.benchmark.cache:cached:39 - cache miss judge-request b65ee38f8f45
2026-09-23 11:09:25.362 | INFO     | steering_lite.benchmark.cache:cached:39 - cache miss judge-request 1e11a02344d7
2026-09-23 11:09:26.990 | INFO     | steering_lite.benchmark.cache:cached:39 - cache miss judge-request 8f5e2964d9c6
2026-09-23 11:09:31.060 | INFO     | steering_lite.benchmark.cache:cached:39 - cache miss judge-request de783bba4d22
2026-09-23 11:09:31.307 | INFO     | steering_lite.benchmark.cache:cached:39 - cache miss judge-request a4c3c9af8e1d
2026-09-23 11:09:32.698 | INFO     | steering_lite.benchmark.cache:cached:39 - cache miss judge-request 1c0c4b3e5293
2026-09-23 11:09:36.186 | INFO     | steering_lite.benchmark.cache:cached:39 - cache miss judge-request eb61d514d983
2026-09-23 11:09:36.289 | INFO     | steering_lite.benchmark.cache:cached:39 - cache miss judge-request 60aa818985d3
2026-09-23 11:09:38.581 | INFO     | steering_lite.benchmark.cache:cached:39 - cache miss judge-request fcb8678502e6
2026-09-23 11:09:40.006 | INFO     | steering_lite.benchmark.cache:cached:39 - cache miss judge-request 1d069f84e81a
2026-09-23 11:09:41.247 | INFO     | steering_lite.benchmark.cache:cached:39 - cache miss judge-request 26f62838458b
2026-09-23 11:09:43.341 | INFO     | steering_lite.benchmark.cache:cached:39 - cache miss judge-request 9b909f638a2f
2026-09-23 11:09:44.661 | INFO     | steering_lite.benchmark.cache:cached:39 - cache miss judge-request 5244ed020068
2026-09-23 11:09:45.713 | INFO     | steering_lite.benchmark.cache:cached:39 - cache miss judge-request 7bafad545c65
2026-09-23 11:09:47.779 | INFO     | steering_lite.benchmark.cache:cached:39 - cache miss judge-request 67d234a5c87a
2026-09-23 11:09:50.341 | INFO     | steering_lite.benchmark.cache:cached:39 - cache miss judge-request 9d21dca3237b
2026-09-23 11:09:51.504 | INFO     | steering_lite.benchmark.cache:cached:39 - cache miss judge-request fedda834900f
2026-09-23 11:09:52.861 | INFO     | steering_lite.benchmark.cache:cached:39 - cache miss judge-request 7162bc0f2edc
2026-09-23 11:09:55.971 | INFO     | steering_lite.benchmark.cache:cached:39 - cache miss judge-request 093b3fd388ab
2026-09-23 11:09:57.207 | INFO     | steering_lite.benchmark.cache:cached:39 - cache miss judge-request cadd126f5206
2026-09-23 11:09:58.765 | INFO     | steering_lite.benchmark.cache:cached:39 - cache miss judge-request 67b070edb53a
2026-09-23 11:10:01.997 | INFO     | steering_lite.benchmark.cache:cached:39 - cache miss judge-request 35d8e287c9f1
2026-09-23 11:10:03.787 | INFO     | steering_lite.benchmark.cache:cached:39 - cache miss judge-request 89be2683ebf5
2026-09-23 11:10:05.150 | INFO     | steering_lite.benchmark.cache:cached:39 - cache miss judge-request 38ad5da234b0
2026-09-23 11:10:08.575 | INFO     | steering_lite.benchmark.cache:cached:39 - cache miss judge-request 0169ddf551af
2026-09-23 11:10:09.977 | INFO     | steering_lite.benchmark.cache:cached:39 - cache miss judge-request 57f545e8e0d9
2026-09-23 11:10:10.964 | INFO     | steering_lite.benchmark.cache:cached:39 - cache miss judge-request 35e59c16e115
2026-09-23 11:10:14.041 | INFO     | steering_lite.benchmark.cache:cached:39 - cache miss judge-request 7fee8ce5239f
2026-09-23 11:10:15.535 | INFO     | steering_lite.benchmark.cache:cached:39 - cache miss judge-request c4a43d267698
2026-09-23 11:10:15.867 | INFO     | steering_lite.benchmark.cache:cached:39 - cache miss judge-request ddf226af1be4
2026-09-23 11:10:17.915 | INFO     | steering_lite.benchmark.cache:cached:39 - cache miss judge-request b70b26bdf63a
2026-09-23 11:10:19.838 | INFO     | steering_lite.benchmark.cache:cached:39 - cache miss judge-request 73c60e217976
2026-09-23 11:10:20.165 | INFO     | steering_lite.benchmark.cache:cached:39 - cache miss judge-request 307c796b7fb6
2026-09-23 11:10:23.516 | INFO     | steering_lite.benchmark.cache:cached:39 - cache miss judge-request 0016021cd78e
2026-09-23 11:10:24.298 | INFO     | steering_lite.benchmark.cache:cached:39 - cache miss judge-request cbe23f9d4c48
2026-09-23 11:10:24.658 | INFO     | steering_lite.benchmark.cache:cached:39 - cache miss judge-request 03a8fb1d174f
2026-09-23 11:10:28.870 | INFO     | steering_lite.benchmark.cache:cached:39 - cache miss judge-request e11eaffd4179
2026-09-23 11:10:29.084 | INFO     | steering_lite.benchmark.cache:cached:39 - cache miss judge-request 872af49b0078
2026-09-23 11:10:29.608 | INFO     | steering_lite.benchmark.cache:cached:39 - cache miss judge-request 6c89b8523e2c
2026-09-23 11:10:33.613 | INFO     | steering_lite.benchmark.cache:cached:39 - cache miss judge-request 609d27e016c2
2026-09-23 11:10:34.173 | INFO     | steering_lite.benchmark.cache:cached:39 - cache miss judge-request 6e0f1898fc77
2026-09-23 11:10:38.548 | INFO     | steering_lite.benchmark.cache:cached:39 - cache miss judge-request dead72e65f93
2026-09-23 11:10:43.112 | INFO     | steering_lite.benchmark.cache:cached:39 - cache miss judge-request 2a3feb1edd38
2026-09-23 11:10:43.738 | INFO     | steering_lite.benchmark.cache:cached:39 - cache miss judge-request f49f56542e32
2026-09-23 11:10:45.381 | INFO     | steering_lite.benchmark.cache:cached:39 - cache miss judge-request 9262f2dc9495
2026-09-23 11:10:45.732 | INFO     | steering_lite.benchmark.cache:cached:39 - cache miss judge-request 09f4a070a186
2026-09-23 11:10:48.442 | INFO     | steering_lite.benchmark.cache:cached:39 - cache miss judge-request 12e3e58c76ce
2026-09-23 11:10:49.721 | INFO     | steering_lite.benchmark.cache:cached:39 - cache miss judge-request a2a6922e9ab2
2026-09-23 11:10:50.897 | INFO     | steering_lite.benchmark.cache:cached:39 - cache miss judge-request 3b387b9563ac
2026-09-23 11:10:52.918 | INFO     | steering_lite.benchmark.cache:cached:39 - cache miss judge-request 120a80f68811
2026-09-23 11:10:54.864 | INFO     | steering_lite.benchmark.cache:cached:39 - cache miss judge-request 193542ec0237
2026-09-23 11:10:56.990 | INFO     | steering_lite.benchmark.cache:cached:39 - cache miss judge-request d684a78e0c03
2026-09-23 11:10:59.635 | INFO     | steering_lite.benchmark.cache:cached:39 - cache miss judge-request cb6c8c163d51
2026-09-23 11:11:01.253 | INFO     | steering_lite.benchmark.cache:cached:39 - cache miss judge-request c080ad498d73
2026-09-23 11:11:01.850 | INFO     | steering_lite.benchmark.cache:cached:39 - cache miss judge-request b13f055bb8ed
2026-09-23 11:11:03.822 | INFO     | steering_lite.benchmark.cache:cached:39 - cache miss judge-request 6f9cecc9421d
2026-09-23 11:11:05.261 | INFO     | steering_lite.benchmark.cache:cached:39 - cache miss judge-request 3bbd2481fb2f
2026-09-23 11:11:07.747 | INFO     | steering_lite.benchmark.cache:cached:39 - cache miss judge-request 1d46beb9cb28
2026-09-23 11:11:08.356 | INFO     | steering_lite.benchmark.cache:cached:39 - cache miss judge-request 2e641d809c18
2026-09-23 11:11:10.432 | INFO     | steering_lite.benchmark.cache:cached:39 - cache miss judge-request 7852456f36f9
2026-09-23 11:11:10.997 | INFO     | steering_lite.benchmark.cache:cached:39 - cache miss judge-request bf0456aaed5c
2026-09-23 11:11:12.868 | INFO     | steering_lite.benchmark.cache:cached:39 - cache miss judge-request 84d85a28bc5d
2026-09-23 11:11:14.563 | INFO     | steering_lite.benchmark.cache:cached:39 - cache miss judge-request 12acbb7f61e4
2026-09-23 11:11:17.472 | INFO     | steering_lite.benchmark.cache:cached:39 - cache miss judge-request 68d867c9bf46
2026-09-23 11:11:17.595 | INFO     | steering_lite.benchmark.cache:cached:39 - cache miss judge-request 720d3d161694
2026-09-23 11:11:19.428 | INFO     | steering_lite.benchmark.cache:cached:39 - cache miss judge-request c9f8eef0cefc
2026-09-23 11:11:22.878 | INFO     | steering_lite.benchmark.cache:cached:39 - cache miss judge-request 261128dfb3e7
2026-09-23 11:11:24.447 | INFO     | steering_lite.benchmark.cache:cached:39 - cache miss judge-request 28975ff9c09d
2026-09-23 11:11:28.806 | INFO     | steering_lite.benchmark.cache:cached:39 - cache miss judge-request 71d38787380b
2026-09-23 11:11:29.866 | INFO     | steering_lite.benchmark.cache:cached:39 - cache miss judge-request eae5cfefdbf5
2026-09-23 11:11:30.041 | INFO     | steering_lite.benchmark.cache:cached:39 - cache miss judge-request 9dab23c6362a
2026-09-23 11:11:31.305 | INFO     | steering_lite.benchmark.cache:cached:39 - cache miss judge-request ac225c881627
2026-09-23 11:11:34.348 | INFO     | steering_lite.benchmark.cache:cached:39 - cache miss judge-request a697e0e1c49a
2026-09-23 11:11:36.178 | INFO     | steering_lite.benchmark.cache:cached:39 - cache miss judge-request 1ab3979667f3
2026-09-23 11:11:36.403 | INFO     | steering_lite.benchmark.cache:cached:39 - cache miss judge-request 0aaff041839c
2026-09-23 11:11:37.453 | INFO     | steering_lite.benchmark.cache:cached:39 - cache miss judge-request 5e581345a292
2026-09-23 11:11:40.825 | INFO     | steering_lite.benchmark.cache:cached:39 - cache miss judge-request fb124bf1baa6
2026-09-23 11:11:41.741 | INFO     | steering_lite.benchmark.cache:cached:39 - cache miss judge-request 2288ae346bc5
2026-09-23 11:11:42.937 | INFO     | steering_lite.benchmark.cache:cached:39 - cache miss judge-request 281f2b6d533b
2026-09-23 11:11:46.388 | INFO     | steering_lite.benchmark.cache:cached:39 - cache miss judge-request 84267ff5bc9f
2026-09-23 11:11:46.631 | INFO     | steering_lite.benchmark.cache:cached:39 - cache miss judge-request 496c2ca1af4a
2026-09-23 11:11:50.469 | INFO     | steering_lite.benchmark.cache:cached:39 - cache miss judge-request b2f83b57afdc
2026-09-23 11:11:51.294 | INFO     | steering_lite.benchmark.cache:cached:39 - cache miss judge-request 10a8149cacca
2026-09-23 11:11:53.238 | INFO     | steering_lite.benchmark.cache:cached:39 - cache miss judge-request e38a356992f4
2026-09-23 11:11:55.750 | INFO     | steering_lite.benchmark.cache:cached:39 - cache miss judge-request 291fb4399498
2026-09-23 11:11:56.236 | INFO     | steering_lite.benchmark.cache:cached:39 - cache miss judge-request ac79d3ef0ab3
2026-09-23 11:11:56.825 | INFO     | steering_lite.benchmark.cache:cached:39 - cache miss judge-request 190f0181f21b
2026-09-23 11:11:57.894 | INFO     | steering_lite.benchmark.cache:cached:39 - cache miss judge-request 7bc800c85842
2026-09-23 11:12:01.878 | INFO     | steering_lite.benchmark.cache:cached:39 - cache miss judge-request 79db31d28e7b
2026-09-23 11:12:02.020 | INFO     | steering_lite.benchmark.cache:cached:39 - cache miss judge-request 54bac0b2d3bf
2026-09-23 11:12:05.751 | INFO     | steering_lite.benchmark.cache:cached:39 - cache miss judge-request aa2a306e9cf7
2026-09-23 11:12:06.987 | INFO     | steering_lite.benchmark.cache:cached:39 - cache miss judge-request e1006f58d5da
2026-09-23 11:12:07.296 | INFO     | steering_lite.benchmark.cache:cached:39 - cache miss judge-request 50e02326141d
2026-09-23 11:12:11.452 | INFO     | steering_lite.benchmark.cache:cached:39 - cache miss judge-request f2122449774e
2026-09-23 11:12:12.541 | INFO     | steering_lite.benchmark.cache:cached:39 - cache miss judge-request 0fbc3669ff0e
2026-09-23 11:12:14.393 | INFO     | steering_lite.benchmark.cache:cached:39 - cache miss judge-request 77da5c87f36d
2026-09-23 11:12:15.472 | INFO     | steering_lite.benchmark.cache:cached:39 - cache miss judge-request 8b7e95d02b30
2026-09-23 11:12:16.495 | INFO     | steering_lite.benchmark.cache:cached:39 - cache miss judge-request 4dd0b3d17750
2026-09-23 11:12:17.107 | INFO     | steering_lite.benchmark.cache:cached:39 - cache miss judge-request 4d402151f5f0
2026-09-23 11:12:18.601 | INFO     | steering_lite.benchmark.cache:cached:39 - cache miss judge-request aa5eb92df28f
2026-09-23 11:12:19.380 | INFO     | steering_lite.benchmark.cache:cached:39 - cache miss judge-request 9c225f6ad359
2026-09-23 11:12:21.981 | INFO     | steering_lite.benchmark.cache:cached:39 - cache miss judge-request d5d6494ae9cb
2026-09-23 11:12:22.305 | INFO     | steering_lite.benchmark.cache:cached:39 - cache miss judge-request a91c87085cea
2026-09-23 11:12:24.545 | INFO     | steering_lite.benchmark.cache:cached:39 - cache miss judge-request 9229f41e94a6
2026-09-23 11:12:27.543 | INFO     | steering_lite.benchmark.cache:cached:39 - cache miss judge-request bee7e38aa623
2026-09-23 11:12:29.918 | INFO     | steering_lite.benchmark.cache:cached:39 - cache miss judge-request cec9221a2581
2026-09-23 11:12:30.624 | INFO     | steering_lite.benchmark.cache:cached:39 - cache miss judge-request 8a79674cbc61
2026-09-23 11:12:33.471 | INFO     | steering_lite.benchmark.cache:cached:39 - cache miss judge-request 13948da85eb2
2026-09-23 11:12:35.902 | INFO     | steering_lite.benchmark.cache:cached:39 - cache miss judge-request 15ff0d05802d
2026-09-23 11:12:38.395 | INFO     | steering_lite.benchmark.cache:cached:39 - cache miss judge-request fb48b428413e
2026-09-23 11:12:42.955 | INFO     | steering_lite.benchmark.cache:cached:39 - cache miss judge-request 6b8e5c51aba5
2026-09-23 11:12:43.320 | INFO     | steering_lite.benchmark.cache:cached:39 - cache miss judge-request dc5bbf33acf4
2026-09-23 11:12:44.000 | INFO     | steering_lite.benchmark.cache:cached:39 - cache miss judge-request f757c1391c40
2026-09-23 11:12:47.259 | INFO     | steering_lite.benchmark.cache:cached:39 - cache miss judge-request 6cad4f3b4aab
2026-09-23 11:12:48.759 | INFO     | steering_lite.benchmark.cache:cached:39 - cache miss judge-request 7036ac28442f
2026-09-23 11:12:51.991 | INFO     | steering_lite.benchmark.cache:cached:39 - cache miss judge-request c7fb7b85f70f
2026-09-23 11:12:52.572 | INFO     | steering_lite.benchmark.cache:cached:39 - cache miss judge-request 846c3a66f159
2026-09-23 11:12:55.435 | INFO     | steering_lite.benchmark.cache:cached:39 - cache miss judge-request 714a5087bd3c
2026-09-23 11:12:56.720 | INFO     | steering_lite.benchmark.cache:cached:39 - cache miss judge-request a4292b2248df
2026-09-23 11:12:57.157 | INFO     | steering_lite.benchmark.cache:cached:39 - cache miss judge-request 616da2f86020
2026-09-23 11:12:58.149 | INFO     | steering_lite.benchmark.cache:cached:39 - cache miss judge-request a0f8e9f65f68
2026-09-23 11:13:01.567 | INFO     | steering_lite.benchmark.cache:cached:39 - cache miss judge-request b28b51381bc3
2026-09-23 11:13:03.469 | INFO     | steering_lite.benchmark.cache:cached:39 - cache miss judge-request fcec377777ac
2026-09-23 11:13:04.904 | INFO     | steering_lite.benchmark.cache:cached:39 - cache miss judge-request 1fe9de565fc3
2026-09-23 11:13:06.426 | INFO     | steering_lite.benchmark.cache:cached:39 - cache miss judge-request e6bd08618600
2026-09-23 11:13:08.138 | INFO     | steering_lite.benchmark.cache:cached:39 - cache miss judge-request a1c3bb4942c9
2026-09-23 11:13:12.425 | INFO     | steering_lite.benchmark.cache:cached:39 - cache miss judge-request f8acd88ae53c
2026-09-23 11:13:12.867 | INFO     | steering_lite.benchmark.cache:cached:39 - cache miss judge-request 8093ae7baaf5
2026-09-23 11:13:17.362 | INFO     | steering_lite.benchmark.cache:cached:39 - cache miss judge-request 82eb42481a03
2026-09-23 11:13:17.753 | INFO     | steering_lite.benchmark.cache:cached:39 - cache miss judge-request b48442daf6a8
2026-09-23 11:13:18.634 | INFO     | steering_lite.benchmark.cache:cached:39 - cache miss judge-request 10d61a585bc1
2026-09-23 11:13:22.301 | INFO     | steering_lite.benchmark.cache:cached:39 - cache miss judge-request 7f7e3b968f21
2026-09-23 11:13:23.009 | INFO     | steering_lite.benchmark.cache:cached:39 - cache miss judge-request abc60f938b98
2026-09-23 11:13:26.716 | INFO     | steering_lite.benchmark.cache:cached:39 - cache miss judge-request 8ab5dcb6cdb7
2026-09-23 11:13:27.361 | INFO     | steering_lite.benchmark.cache:cached:39 - cache miss judge-request f201e4d68c31
2026-09-23 11:13:30.595 | INFO     | steering_lite.benchmark.cache:cached:39 - cache miss judge-request 950a98b18876
2026-09-23 11:13:31.892 | INFO     | steering_lite.benchmark.cache:cached:39 - cache miss judge-request 18cd140c7cae
2026-09-23 11:13:35.136 | INFO     | steering_lite.benchmark.cache:cached:39 - cache miss judge-request 1ff3e6e36359
2026-09-23 11:13:36.160 | INFO     | steering_lite.benchmark.cache:cached:39 - cache miss judge-request 0ecc5575a72f
2026-09-23 11:13:38.334 | INFO     | steering_lite.benchmark.cache:cached:39 - cache miss judge-request b564d9243b1e
2026-09-23 11:13:40.609 | INFO     | steering_lite.benchmark.cache:cached:39 - cache miss judge-request 6cf41260f842
2026-09-23 11:13:41.158 | INFO     | steering_lite.benchmark.cache:cached:39 - cache miss judge-request a61cdf1e0bf5
2026-09-23 11:13:44.283 | INFO     | steering_lite.benchmark.cache:cached:39 - cache miss judge-request 5eeb55029550
2026-09-23 11:13:45.672 | INFO     | steering_lite.benchmark.cache:cached:39 - cache miss judge-request 6851eec9d658
2026-09-23 11:13:48.894 | INFO     | steering_lite.benchmark.cache:cached:39 - cache miss judge-request ddd988b04a6b
2026-09-23 11:13:49.888 | INFO     | steering_lite.benchmark.cache:cached:39 - cache miss judge-request 3799aeef9e12
2026-09-23 11:13:51.830 | INFO     | steering_lite.benchmark.cache:cached:39 - cache miss judge-request ce5ced2a4409
2026-09-23 11:13:54.612 | INFO     | steering_lite.benchmark.cache:cached:39 - cache miss judge-request 109f1bd9ddbb
2026-09-23 11:13:54.792 | INFO     | steering_lite.benchmark.cache:cached:39 - cache miss judge-request 26f5fce07ef7
2026-09-23 11:13:55.766 | INFO     | steering_lite.benchmark.cache:cached:39 - cache miss judge-request e8cecb82570c
2026-09-23 11:13:57.069 | INFO     | steering_lite.benchmark.cache:cached:39 - cache miss judge-request d95e06718a0e
2026-09-23 11:14:00.041 | INFO     | steering_lite.benchmark.cache:cached:39 - cache miss judge-request 3f27e8768aac
2026-09-23 11:14:00.393 | INFO     | steering_lite.benchmark.cache:cached:39 - cache miss judge-request 16e6c69f978c
2026-09-23 11:14:00.790 | INFO     | steering_lite.benchmark.cache:cached:39 - cache miss judge-request 42c05270985c
2026-09-23 11:14:38.434 | INFO     | steering_lite.benchmark.cache:cached:39 - cache miss final-health 6342c47a2772
2026-09-23 11:14:41.238 | INFO     | steering_lite.benchmark.cache:cached:39 - cache miss final-aware 29ecc97ae2cb
2026-09-23 11:14:41.496 | INFO     | steering_lite.benchmark.cache:cached:39 - cache miss final-blind a4803542eb6d
{"new_judge_reservations": 337, "reserved_upper_usd": "0.378628", "run": "complete", "summary_path": "outputs/bsbench-v2-mean-diff-cap384/run-summary.json"}
