2026-09-22 19:50:23.398 | INFO     | steering_lite.data.personas:load_suffixes:47 - Loaded 200 branching suffixes
2026-09-22 19:50:23.401 | INFO     | steering_lite.benchmark.cache:cached:39 - cache miss generation e1d470331978
2026-09-22 19:50:23.404 | INFO     | steering_lite.benchmark.cache:cached:39 - cache miss generation-health bc218161bbb1
2026-09-22 19:50:23.406 | INFO     | steering_lite.benchmark.cache:cached:39 - cache miss generation a578c75b1f30
2026-09-22 19:50:23.409 | INFO     | steering_lite.benchmark.cache:cached:39 - cache miss generation-health 8c71ce98aacc
2026-09-22 19:50:23.411 | INFO     | steering_lite.benchmark.cache:cached:39 - cache miss target-aware-requests 380ecb6280ca
2026-09-22 19:50:23.413 | INFO     | steering_lite.benchmark.cache:cached:39 - cache miss blind-requests 8ebadde6b36f
2026-09-22 19:50:23.416 | INFO     | steering_lite.benchmark.cache:cached:39 - cache miss persona-validation 78d5cc710967
2026-09-22 19:50:23.418 | INFO     | steering_lite.benchmark.cache:cached:39 - cache miss calibration-candidates 8331a05c32c9
2026-09-22 19:50:23.420 | INFO     | steering_lite.benchmark.cache:cached:39 - cache miss candidate-health ac61e55a0776
2026-09-22 19:50:23.422 | INFO     | steering_lite.benchmark.cache:cached:39 - cache miss candidate-aware 889d128e4f0e
2026-09-22 19:50:23.425 | INFO     | steering_lite.benchmark.cache:cached:39 - cache miss calibration-candidates eba0c7dda727
2026-09-22 19:50:23.427 | INFO     | steering_lite.benchmark.cache:cached:39 - cache miss candidate-health c624f8f45238
2026-09-22 19:50:23.429 | INFO     | steering_lite.benchmark.cache:cached:39 - cache miss candidate-aware 36a072196fb5
2026-09-22 19:50:23.431 | INFO     | steering_lite.benchmark.cache:cached:39 - cache miss calibration-candidates d848eb73e5ca
2026-09-22 19:50:23.433 | INFO     | steering_lite.benchmark.cache:cached:39 - cache miss candidate-health 916aa32f27f9
2026-09-22 19:50:23.436 | INFO     | steering_lite.benchmark.cache:cached:39 - cache miss candidate-aware b9024399002a
2026-09-22 19:50:23.438 | INFO     | steering_lite.benchmark.cache:cached:39 - cache miss calibration-candidates b26a2facc34c
2026-09-22 19:50:23.440 | INFO     | steering_lite.benchmark.cache:cached:39 - cache miss candidate-health eb6d3e6b6469
2026-09-22 19:50:23.442 | INFO     | steering_lite.benchmark.cache:cached:39 - cache miss candidate-aware b477ba8282ea
2026-09-22 19:50:23.444 | INFO     | steering_lite.benchmark.cache:cached:39 - cache miss calibration-candidates 04ee97e8b081
2026-09-22 19:50:23.447 | INFO     | steering_lite.benchmark.cache:cached:39 - cache miss candidate-health 0e71970043d1
2026-09-22 19:50:23.449 | INFO     | steering_lite.benchmark.cache:cached:39 - cache miss candidate-aware 870ef6d0c3a3
2026-09-22 19:50:23.451 | INFO     | steering_lite.benchmark.cache:cached:39 - cache miss calibration-candidates 4219f5db4fdd
2026-09-22 19:50:23.454 | INFO     | steering_lite.benchmark.cache:cached:39 - cache miss candidate-health d918062fc13e
2026-09-22 19:50:23.458 | INFO     | steering_lite.benchmark.cache:cached:39 - cache miss candidate-aware 103866c48f7c
2026-09-22 19:50:23.460 | INFO     | steering_lite.benchmark.cache:cached:39 - cache miss calibration-candidates 475072e15d25
2026-09-22 19:50:23.463 | INFO     | steering_lite.benchmark.cache:cached:39 - cache miss candidate-health 0147cc3a76e4
2026-09-22 19:50:23.465 | INFO     | steering_lite.benchmark.cache:cached:39 - cache miss candidate-aware 19e12e88bd00
2026-09-22 19:50:23.467 | INFO     | steering_lite.benchmark.cache:cached:39 - cache miss calibration-candidates c902836bef46
2026-09-22 19:50:23.470 | INFO     | steering_lite.benchmark.cache:cached:39 - cache miss candidate-health 95bc68cf5f0b
2026-09-22 19:50:23.472 | INFO     | steering_lite.benchmark.cache:cached:39 - cache miss candidate-aware 0241c8aeabd2
2026-09-22 19:50:23.474 | INFO     | steering_lite.benchmark.cache:cached:39 - cache miss calibration-candidates 141af343f0b0
2026-09-22 19:50:23.476 | INFO     | steering_lite.benchmark.cache:cached:39 - cache miss candidate-health 21ffad2ba430
2026-09-22 19:50:23.478 | INFO     | steering_lite.benchmark.cache:cached:39 - cache miss candidate-aware fcd5233e551d
2026-09-22 19:50:23.480 | INFO     | steering_lite.benchmark.cache:cached:39 - cache miss calibration-candidates 45af56a4444a
2026-09-22 19:50:23.483 | INFO     | steering_lite.benchmark.cache:cached:39 - cache miss candidate-health 08019ded8e44
2026-09-22 19:50:23.485 | INFO     | steering_lite.benchmark.cache:cached:39 - cache miss candidate-aware e74b0ea56a46
2026-09-22 19:50:25.989 | INFO     | steering_lite.data.personas:load_suffixes:47 - Loaded 200 branching suffixes
2026-09-22 19:50:25.992 | INFO     | steering_lite.data.personas:load_suffixes:47 - Loaded 200 branching suffixes
2026-09-22 19:50:25.995 | INFO     | steering_lite.data.personas:load_suffixes:47 - Loaded 200 branching suffixes
2026-09-22 19:50:25.998 | INFO     | steering_lite.data.personas:load_suffixes:47 - Loaded 200 branching suffixes
2026-09-22 19:50:26.000 | INFO     | steering_lite.data.personas:load_suffixes:47 - Loaded 200 branching suffixes
2026-09-22 19:50:26.003 | INFO     | steering_lite.data.personas:load_suffixes:47 - Loaded 200 branching suffixes
2026-09-22 19:50:26.005 | INFO     | steering_lite.data.personas:load_suffixes:47 - Loaded 200 branching suffixes
2026-09-22 19:50:26.008 | INFO     | steering_lite.data.personas:load_suffixes:47 - Loaded 200 branching suffixes
2026-09-22 19:50:26.010 | INFO     | steering_lite.data.personas:load_suffixes:47 - Loaded 200 branching suffixes
2026-09-22 19:50:26.013 | INFO     | steering_lite.data.personas:load_suffixes:47 - Loaded 200 branching suffixes
