2026-10-05 06:04:47.472 | INFO     | data:manifest:104 - manifest walks=8 rows=26100
2026-10-05 06:05:14.922 | INFO     | __main__:refresh:254 - JUDGE_CACHE_CHECK bsb required=59860 cached=23670 missing=36190
2026-10-05 06:05:22.008 | INFO     | __main__:_refresh:248 - jev progress=400/36190 cost=$0.0321
2026-10-05 06:05:28.238 | INFO     | __main__:_refresh:248 - jev progress=800/36190 cost=$0.0642
2026-10-05 06:05:34.240 | INFO     | __main__:_refresh:248 - jev progress=1200/36190 cost=$0.0963
2026-10-05 06:05:40.477 | INFO     | __main__:_refresh:248 - jev progress=1600/36190 cost=$0.1284
2026-10-05 06:05:46.815 | INFO     | __main__:_refresh:248 - jev progress=2000/36190 cost=$0.1606
2026-10-05 06:05:52.956 | INFO     | __main__:_refresh:248 - jev progress=2400/36190 cost=$0.1932
2026-10-05 06:05:59.021 | INFO     | __main__:_refresh:248 - jev progress=2800/36190 cost=$0.2286
2026-10-05 06:06:05.183 | INFO     | __main__:_refresh:248 - jev progress=3200/36190 cost=$0.2625
2026-10-05 06:06:11.363 | INFO     | __main__:_refresh:248 - jev progress=3600/36190 cost=$0.2945
2026-10-05 06:06:17.822 | INFO     | __main__:_refresh:248 - jev progress=4000/36190 cost=$0.3266
2026-10-05 06:06:24.330 | INFO     | __main__:_refresh:248 - jev progress=4400/36190 cost=$0.3587
2026-10-05 06:06:30.703 | INFO     | __main__:_refresh:248 - jev progress=4800/36190 cost=$0.3909
2026-10-05 06:06:36.978 | INFO     | __main__:_refresh:248 - jev progress=5200/36190 cost=$0.4249
2026-10-05 06:06:43.384 | INFO     | __main__:_refresh:248 - jev progress=5600/36190 cost=$0.4580
2026-10-05 06:06:49.510 | INFO     | __main__:_refresh:248 - jev progress=6000/36190 cost=$0.4901
2026-10-05 06:06:55.643 | INFO     | __main__:_refresh:248 - jev progress=6400/36190 cost=$0.5221
2026-10-05 06:07:01.928 | INFO     | __main__:_refresh:248 - jev progress=6800/36190 cost=$0.5542
2026-10-05 06:07:08.294 | INFO     | __main__:_refresh:248 - jev progress=7200/36190 cost=$0.5863
2026-10-05 06:07:14.436 | INFO     | __main__:_refresh:248 - jev progress=7600/36190 cost=$0.6183
2026-10-05 06:07:20.533 | INFO     | __main__:_refresh:248 - jev progress=8000/36190 cost=$0.6508
2026-10-05 06:07:26.538 | INFO     | __main__:_refresh:248 - jev progress=8400/36190 cost=$0.6857
2026-10-05 06:07:32.795 | INFO     | __main__:_refresh:248 - jev progress=8800/36190 cost=$0.7177
2026-10-05 06:07:38.805 | INFO     | __main__:_refresh:248 - jev progress=9200/36190 cost=$0.7497
2026-10-05 06:07:45.194 | INFO     | __main__:_refresh:248 - jev progress=9600/36190 cost=$0.7817
2026-10-05 06:07:51.422 | INFO     | __main__:_refresh:248 - jev progress=10000/36190 cost=$0.8136
2026-10-05 06:07:57.558 | INFO     | __main__:_refresh:248 - jev progress=10400/36190 cost=$0.8461
2026-10-05 06:08:03.773 | INFO     | __main__:_refresh:248 - jev progress=10800/36190 cost=$0.8788
2026-10-05 06:08:09.905 | INFO     | __main__:_refresh:248 - jev progress=11200/36190 cost=$0.9110
2026-10-05 06:08:16.009 | INFO     | __main__:_refresh:248 - jev progress=11600/36190 cost=$0.9430
2026-10-05 06:08:22.352 | INFO     | __main__:_refresh:248 - jev progress=12000/36190 cost=$0.9750
2026-10-05 06:08:28.409 | INFO     | __main__:_refresh:248 - jev progress=12400/36190 cost=$1.0069
2026-10-05 06:08:34.701 | INFO     | __main__:_refresh:248 - jev progress=12800/36190 cost=$1.0389
2026-10-05 06:08:40.726 | INFO     | __main__:_refresh:248 - jev progress=13200/36190 cost=$1.0728
2026-10-05 06:08:46.898 | INFO     | __main__:_refresh:248 - jev progress=13600/36190 cost=$1.1049
2026-10-05 06:08:53.045 | INFO     | __main__:_refresh:248 - jev progress=14000/36190 cost=$1.1371
2026-10-05 06:08:59.233 | INFO     | __main__:_refresh:248 - jev progress=14400/36190 cost=$1.1692
2026-10-05 06:09:05.296 | INFO     | __main__:_refresh:248 - jev progress=14800/36190 cost=$1.2012
2026-10-05 06:09:11.472 | INFO     | __main__:_refresh:248 - jev progress=15200/36190 cost=$1.2336
2026-10-05 06:09:17.609 | INFO     | __main__:_refresh:248 - jev progress=15600/36190 cost=$1.2678
2026-10-05 06:09:23.709 | INFO     | __main__:_refresh:248 - jev progress=16000/36190 cost=$1.3018
2026-10-05 06:09:29.801 | INFO     | __main__:_refresh:248 - jev progress=16400/36190 cost=$1.3339
2026-10-05 06:09:36.075 | INFO     | __main__:_refresh:248 - jev progress=16800/36190 cost=$1.3658
2026-10-05 06:09:42.217 | INFO     | __main__:_refresh:248 - jev progress=17200/36190 cost=$1.3977
2026-10-05 06:09:48.649 | INFO     | __main__:_refresh:248 - jev progress=17600/36190 cost=$1.4295
2026-10-05 06:09:55.034 | INFO     | __main__:_refresh:248 - jev progress=18000/36190 cost=$1.4625
2026-10-05 06:10:01.358 | INFO     | __main__:_refresh:248 - jev progress=18400/36190 cost=$1.4961
2026-10-05 06:10:07.441 | INFO     | __main__:_refresh:248 - jev progress=18800/36190 cost=$1.5283
2026-10-05 06:10:13.497 | INFO     | __main__:_refresh:248 - jev progress=19200/36190 cost=$1.5604
2026-10-05 06:10:20.383 | INFO     | __main__:_refresh:248 - jev progress=19600/36190 cost=$1.5926
2026-10-05 06:10:27.489 | INFO     | __main__:_refresh:248 - jev progress=20000/36190 cost=$1.6250
2026-10-05 06:10:33.742 | INFO     | __main__:_refresh:248 - jev progress=20400/36190 cost=$1.6575
2026-10-05 06:10:40.227 | INFO     | __main__:_refresh:248 - jev progress=20800/36190 cost=$1.6910
2026-10-05 06:10:46.569 | INFO     | __main__:_refresh:248 - jev progress=21200/36190 cost=$1.7233
2026-10-05 06:10:52.759 | INFO     | __main__:_refresh:248 - jev progress=21600/36190 cost=$1.7554
2026-10-05 06:10:59.059 | INFO     | __main__:_refresh:248 - jev progress=22000/36190 cost=$1.7875
2026-10-05 06:11:05.135 | INFO     | __main__:_refresh:248 - jev progress=22400/36190 cost=$1.8194
2026-10-05 06:11:11.224 | INFO     | __main__:_refresh:248 - jev progress=22800/36190 cost=$1.8515
2026-10-05 06:11:17.627 | INFO     | __main__:_refresh:248 - jev progress=23200/36190 cost=$1.8852
2026-10-05 06:11:24.060 | INFO     | __main__:_refresh:248 - jev progress=23600/36190 cost=$1.9183
2026-10-05 06:11:30.189 | INFO     | __main__:_refresh:248 - jev progress=24000/36190 cost=$1.9502
2026-10-05 06:11:36.300 | INFO     | __main__:_refresh:248 - jev progress=24400/36190 cost=$1.9823
2026-10-05 06:11:42.459 | INFO     | __main__:_refresh:248 - jev progress=24800/36190 cost=$2.0142
2026-10-05 06:11:48.623 | INFO     | __main__:_refresh:248 - jev progress=25200/36190 cost=$2.0460
2026-10-05 06:11:54.969 | INFO     | __main__:_refresh:248 - jev progress=25600/36190 cost=$2.0777
2026-10-05 06:12:01.211 | INFO     | __main__:_refresh:248 - jev progress=26000/36190 cost=$2.1111
2026-10-05 06:12:07.257 | INFO     | __main__:_refresh:248 - jev progress=26400/36190 cost=$2.1432
2026-10-05 06:12:13.082 | INFO     | __main__:_refresh:248 - jev progress=26800/36190 cost=$2.1752
2026-10-05 06:12:19.272 | INFO     | __main__:_refresh:248 - jev progress=27200/36190 cost=$2.2072
2026-10-05 06:12:25.385 | INFO     | __main__:_refresh:248 - jev progress=27600/36190 cost=$2.2390
2026-10-05 06:12:31.630 | INFO     | __main__:_refresh:248 - jev progress=28000/36190 cost=$2.2714
2026-10-05 06:12:37.754 | INFO     | __main__:_refresh:248 - jev progress=28400/36190 cost=$2.3044
2026-10-05 06:12:43.976 | INFO     | __main__:_refresh:248 - jev progress=28800/36190 cost=$2.3366
2026-10-05 06:12:50.132 | INFO     | __main__:_refresh:248 - jev progress=29200/36190 cost=$2.3687
2026-10-05 06:12:56.200 | INFO     | __main__:_refresh:248 - jev progress=29600/36190 cost=$2.4008
2026-10-05 06:13:02.446 | INFO     | __main__:_refresh:248 - jev progress=30000/36190 cost=$2.4329
2026-10-05 06:13:08.740 | INFO     | __main__:_refresh:248 - jev progress=30400/36190 cost=$2.4650
2026-10-05 06:13:14.908 | INFO     | __main__:_refresh:248 - jev progress=30800/36190 cost=$2.4980
2026-10-05 06:13:21.197 | INFO     | __main__:_refresh:248 - jev progress=31200/36190 cost=$2.5307
2026-10-05 06:13:27.391 | INFO     | __main__:_refresh:248 - jev progress=31600/36190 cost=$2.5627
2026-10-05 06:13:33.457 | INFO     | __main__:_refresh:248 - jev progress=32000/36190 cost=$2.5946
2026-10-05 06:13:39.720 | INFO     | __main__:_refresh:248 - jev progress=32400/36190 cost=$2.6264
2026-10-05 06:13:45.778 | INFO     | __main__:_refresh:248 - jev progress=32800/36190 cost=$2.6582
2026-10-05 06:13:51.970 | INFO     | __main__:_refresh:248 - jev progress=33200/36190 cost=$2.6902
2026-10-05 06:13:58.227 | INFO     | __main__:_refresh:248 - jev progress=33600/36190 cost=$2.7220
2026-10-05 06:14:04.523 | INFO     | __main__:_refresh:248 - jev progress=34000/36190 cost=$2.7540
2026-10-05 06:14:11.255 | INFO     | __main__:_refresh:248 - jev progress=34400/36190 cost=$2.7862
2026-10-05 06:14:17.457 | INFO     | __main__:_refresh:248 - jev progress=34800/36190 cost=$2.8185
2026-10-05 06:14:23.584 | INFO     | __main__:_refresh:248 - jev progress=35200/36190 cost=$2.8509
2026-10-05 06:14:29.933 | INFO     | __main__:_refresh:248 - jev progress=35600/36190 cost=$2.8838
2026-10-05 06:14:35.943 | INFO     | __main__:_refresh:248 - jev progress=36000/36190 cost=$2.9177
2026-10-05 06:14:38.897 | INFO     | __main__:_refresh:248 - jev progress=36190/36190 cost=$2.9341
2026-10-05 06:16:05.942 | INFO     | __main__:refresh:254 - JUDGE_CACHE_CHECK blind required=2131 cached=1386 missing=745
2026-10-05 06:16:12.410 | INFO     | __main__:_refresh:248 - jev progress=400/745 cost=$0.0220
2026-10-05 06:16:17.691 | INFO     | __main__:_refresh:248 - jev progress=745/745 cost=$0.0409
2026-10-05 06:16:18.374 | INFO     | __main__:main:273 - JUDGE_COMPLETE missing=0
