2026-10-05 05:54:50.581 | INFO     | data:manifest:104 - manifest walks=6 rows=19900
2026-10-05 05:55:17.706 | INFO     | __main__:refresh:254 - JUDGE_CACHE_CHECK bsb required=44510 cached=18995 missing=25515
2026-10-05 05:55:25.728 | INFO     | __main__:_refresh:248 - jev progress=400/25515 cost=$0.0322
2026-10-05 05:55:32.009 | INFO     | __main__:_refresh:248 - jev progress=800/25515 cost=$0.0643
2026-10-05 05:55:38.223 | INFO     | __main__:_refresh:248 - jev progress=1200/25515 cost=$0.0966
2026-10-05 05:55:44.672 | INFO     | __main__:_refresh:248 - jev progress=1600/25515 cost=$0.1288
2026-10-05 05:55:44.953 | WARNING  | __main__:run:232 - jev 529 attempt=1/6
2026-10-05 05:55:51.400 | INFO     | __main__:_refresh:248 - jev progress=2000/25515 cost=$0.1612
2026-10-05 05:55:57.493 | INFO     | __main__:_refresh:248 - jev progress=2400/25515 cost=$0.1952
2026-10-05 05:56:03.856 | INFO     | __main__:_refresh:248 - jev progress=2800/25515 cost=$0.2288
2026-10-05 05:56:10.082 | INFO     | __main__:_refresh:248 - jev progress=3200/25515 cost=$0.2610
2026-10-05 05:56:16.205 | INFO     | __main__:_refresh:248 - jev progress=3600/25515 cost=$0.2931
2026-10-05 05:56:22.390 | INFO     | __main__:_refresh:248 - jev progress=4000/25515 cost=$0.3253
2026-10-05 05:56:28.494 | INFO     | __main__:_refresh:248 - jev progress=4400/25515 cost=$0.3574
2026-10-05 05:56:34.781 | INFO     | __main__:_refresh:248 - jev progress=4800/25515 cost=$0.3905
2026-10-05 05:56:40.976 | INFO     | __main__:_refresh:248 - jev progress=5200/25515 cost=$0.4249
2026-10-05 05:56:47.169 | INFO     | __main__:_refresh:248 - jev progress=5600/25515 cost=$0.4573
2026-10-05 05:56:53.277 | INFO     | __main__:_refresh:248 - jev progress=6000/25515 cost=$0.4894
2026-10-05 05:56:59.584 | INFO     | __main__:_refresh:248 - jev progress=6400/25515 cost=$0.5216
2026-10-05 05:57:05.817 | INFO     | __main__:_refresh:248 - jev progress=6800/25515 cost=$0.5537
2026-10-05 05:57:11.895 | INFO     | __main__:_refresh:248 - jev progress=7200/25515 cost=$0.5858
2026-10-05 05:57:18.026 | INFO     | __main__:_refresh:248 - jev progress=7600/25515 cost=$0.6195
2026-10-05 05:57:24.127 | INFO     | __main__:_refresh:248 - jev progress=8000/25515 cost=$0.6534
2026-10-05 05:57:30.469 | INFO     | __main__:_refresh:248 - jev progress=8400/25515 cost=$0.6856
2026-10-05 05:57:36.716 | INFO     | __main__:_refresh:248 - jev progress=8800/25515 cost=$0.7178
2026-10-05 05:57:42.827 | INFO     | __main__:_refresh:248 - jev progress=9200/25515 cost=$0.7499
2026-10-05 05:57:49.036 | INFO     | __main__:_refresh:248 - jev progress=9600/25515 cost=$0.7820
2026-10-05 05:57:55.256 | INFO     | __main__:_refresh:248 - jev progress=10000/25515 cost=$0.8143
2026-10-05 05:58:01.441 | INFO     | __main__:_refresh:248 - jev progress=10400/25515 cost=$0.8485
2026-10-05 05:58:05.339 | WARNING  | __main__:run:232 - jev 529 attempt=1/6
2026-10-05 05:58:05.458 | WARNING  | __main__:run:232 - jev 529 attempt=1/6
2026-10-05 05:58:10.738 | INFO     | __main__:_refresh:248 - jev progress=10800/25515 cost=$0.8808
2026-10-05 05:58:16.781 | INFO     | __main__:_refresh:248 - jev progress=11200/25515 cost=$0.9129
2026-10-05 05:58:22.911 | INFO     | __main__:_refresh:248 - jev progress=11600/25515 cost=$0.9450
2026-10-05 05:58:28.857 | INFO     | __main__:_refresh:248 - jev progress=12000/25515 cost=$0.9770
2026-10-05 05:58:35.036 | INFO     | __main__:_refresh:248 - jev progress=12400/25515 cost=$1.0095
2026-10-05 05:58:41.340 | INFO     | __main__:_refresh:248 - jev progress=12800/25515 cost=$1.0432
2026-10-05 05:58:47.664 | INFO     | __main__:_refresh:248 - jev progress=13200/25515 cost=$1.0754
2026-10-05 05:58:54.011 | INFO     | __main__:_refresh:248 - jev progress=13600/25515 cost=$1.1076
2026-10-05 05:59:00.104 | INFO     | __main__:_refresh:248 - jev progress=14000/25515 cost=$1.1397
2026-10-05 05:59:06.328 | INFO     | __main__:_refresh:248 - jev progress=14400/25515 cost=$1.1718
2026-10-05 05:59:12.290 | INFO     | __main__:_refresh:248 - jev progress=14800/25515 cost=$1.2050
2026-10-05 05:59:18.336 | INFO     | __main__:_refresh:248 - jev progress=15200/25515 cost=$1.2386
2026-10-05 05:59:24.363 | INFO     | __main__:_refresh:248 - jev progress=15600/25515 cost=$1.2708
2026-10-05 05:59:30.384 | INFO     | __main__:_refresh:248 - jev progress=16000/25515 cost=$1.3030
2026-10-05 05:59:36.412 | INFO     | __main__:_refresh:248 - jev progress=16400/25515 cost=$1.3352
2026-10-05 05:59:42.405 | INFO     | __main__:_refresh:248 - jev progress=16800/25515 cost=$1.3675
2026-10-05 05:59:48.386 | INFO     | __main__:_refresh:248 - jev progress=17200/25515 cost=$1.4001
2026-10-05 05:59:54.392 | INFO     | __main__:_refresh:248 - jev progress=17600/25515 cost=$1.4342
2026-10-05 06:00:00.729 | INFO     | __main__:_refresh:248 - jev progress=18000/25515 cost=$1.4665
2026-10-05 06:01:02.980 | WARNING  | __main__:run:228 - jev ReadTimeout attempt=1/6
2026-10-05 06:01:03.023 | WARNING  | __main__:run:228 - jev ReadTimeout attempt=1/6
2026-10-05 06:01:03.034 | WARNING  | __main__:run:228 - jev ReadTimeout attempt=1/6
2026-10-05 06:01:03.040 | WARNING  | __main__:run:228 - jev ReadTimeout attempt=1/6
2026-10-05 06:01:03.043 | WARNING  | __main__:run:228 - jev ReadTimeout attempt=1/6
2026-10-05 06:01:03.047 | WARNING  | __main__:run:228 - jev ReadTimeout attempt=1/6
2026-10-05 06:01:03.067 | WARNING  | __main__:run:228 - jev ReadTimeout attempt=1/6
2026-10-05 06:01:03.075 | WARNING  | __main__:run:228 - jev ReadTimeout attempt=1/6
2026-10-05 06:01:03.077 | WARNING  | __main__:run:228 - jev ReadTimeout attempt=1/6
2026-10-05 06:01:03.114 | WARNING  | __main__:run:228 - jev ReadTimeout attempt=1/6
2026-10-05 06:01:03.114 | WARNING  | __main__:run:228 - jev ReadTimeout attempt=1/6
2026-10-05 06:01:03.115 | WARNING  | __main__:run:228 - jev ReadTimeout attempt=1/6
2026-10-05 06:01:03.118 | WARNING  | __main__:run:228 - jev ReadTimeout attempt=1/6
2026-10-05 06:01:03.134 | WARNING  | __main__:run:228 - jev ReadTimeout attempt=1/6
2026-10-05 06:01:03.177 | WARNING  | __main__:run:228 - jev ReadTimeout attempt=1/6
2026-10-05 06:01:03.179 | WARNING  | __main__:run:228 - jev ReadTimeout attempt=1/6
2026-10-05 06:01:03.204 | WARNING  | __main__:run:228 - jev ReadTimeout attempt=1/6
2026-10-05 06:01:03.209 | WARNING  | __main__:run:228 - jev ReadTimeout attempt=1/6
2026-10-05 06:01:03.217 | WARNING  | __main__:run:228 - jev ReadTimeout attempt=1/6
2026-10-05 06:01:03.224 | WARNING  | __main__:run:228 - jev ReadTimeout attempt=1/6
2026-10-05 06:01:12.160 | INFO     | __main__:_refresh:248 - jev progress=18400/25515 cost=$1.4987
2026-10-05 06:01:18.196 | INFO     | __main__:_refresh:248 - jev progress=18800/25515 cost=$1.5307
2026-10-05 06:01:19.470 | WARNING  | __main__:run:232 - jev 529 attempt=1/6
2026-10-05 06:01:24.738 | INFO     | __main__:_refresh:248 - jev progress=19200/25515 cost=$1.5627
2026-10-05 06:01:30.876 | INFO     | __main__:_refresh:248 - jev progress=19600/25515 cost=$1.5947
2026-10-05 06:01:37.074 | INFO     | __main__:_refresh:248 - jev progress=20000/25515 cost=$1.6280
2026-10-05 06:01:43.509 | INFO     | __main__:_refresh:248 - jev progress=20400/25515 cost=$1.6605
2026-10-05 06:01:49.483 | INFO     | __main__:_refresh:248 - jev progress=20800/25515 cost=$1.6925
2026-10-05 06:01:55.476 | INFO     | __main__:_refresh:248 - jev progress=21200/25515 cost=$1.7244
2026-10-05 06:02:01.693 | INFO     | __main__:_refresh:248 - jev progress=21600/25515 cost=$1.7563
2026-10-05 06:02:07.694 | INFO     | __main__:_refresh:248 - jev progress=22000/25515 cost=$1.7880
2026-10-05 06:02:13.888 | INFO     | __main__:_refresh:248 - jev progress=22400/25515 cost=$1.8197
2026-10-05 06:02:19.856 | INFO     | __main__:_refresh:248 - jev progress=22800/25515 cost=$1.8519
2026-10-05 06:02:25.927 | INFO     | __main__:_refresh:248 - jev progress=23200/25515 cost=$1.8857
2026-10-05 06:02:31.899 | INFO     | __main__:_refresh:248 - jev progress=23600/25515 cost=$1.9194
2026-10-05 06:02:37.976 | INFO     | __main__:_refresh:248 - jev progress=24000/25515 cost=$1.9518
2026-10-05 06:02:44.034 | INFO     | __main__:_refresh:248 - jev progress=24400/25515 cost=$1.9843
2026-10-05 06:02:50.054 | INFO     | __main__:_refresh:248 - jev progress=24800/25515 cost=$2.0172
2026-10-05 06:02:56.146 | INFO     | __main__:_refresh:248 - jev progress=25200/25515 cost=$2.0511
2026-10-05 06:03:00.904 | INFO     | __main__:_refresh:248 - jev progress=25515/25515 cost=$2.0777
2026-10-05 06:04:23.442 | INFO     | __main__:refresh:254 - JUDGE_CACHE_CHECK blind required=1591 cached=897 missing=694
2026-10-05 06:04:29.902 | INFO     | __main__:_refresh:248 - jev progress=400/694 cost=$0.0221
2026-10-05 06:04:34.253 | INFO     | __main__:_refresh:248 - jev progress=694/694 cost=$0.0382
2026-10-05 06:04:34.901 | INFO     | __main__:main:273 - JUDGE_COMPLETE missing=0
