2026-10-05 06:16:25.062 | INFO     | data:manifest:104 - manifest walks=8 rows=27400
2026-10-05 06:16:54.202 | INFO     | __main__:refresh:254 - JUDGE_CACHE_CHECK bsb required=59901 cached=35434 missing=24467
2026-10-05 06:17:00.765 | INFO     | __main__:_refresh:248 - jev progress=400/24467 cost=$0.0321
2026-10-05 06:17:06.905 | INFO     | __main__:_refresh:248 - jev progress=800/24467 cost=$0.0641
2026-10-05 06:17:13.062 | INFO     | __main__:_refresh:248 - jev progress=1200/24467 cost=$0.0961
2026-10-05 06:17:19.030 | INFO     | __main__:_refresh:248 - jev progress=1600/24467 cost=$0.1280
2026-10-05 06:17:24.935 | INFO     | __main__:_refresh:248 - jev progress=2000/24467 cost=$0.1599
2026-10-05 06:17:31.035 | INFO     | __main__:_refresh:248 - jev progress=2400/24467 cost=$0.1915
2026-10-05 06:17:37.019 | INFO     | __main__:_refresh:248 - jev progress=2800/24467 cost=$0.2227
2026-10-05 06:17:43.043 | INFO     | __main__:_refresh:248 - jev progress=3200/24467 cost=$0.2540
2026-10-05 06:17:49.202 | INFO     | __main__:_refresh:248 - jev progress=3600/24467 cost=$0.2872
2026-10-05 06:17:55.230 | INFO     | __main__:_refresh:248 - jev progress=4000/24467 cost=$0.3192
2026-10-05 06:18:01.274 | INFO     | __main__:_refresh:248 - jev progress=4400/24467 cost=$0.3513
2026-10-05 06:18:07.349 | INFO     | __main__:_refresh:248 - jev progress=4800/24467 cost=$0.3837
2026-10-05 06:18:13.299 | INFO     | __main__:_refresh:248 - jev progress=5200/24467 cost=$0.4178
2026-10-05 06:18:19.339 | INFO     | __main__:_refresh:248 - jev progress=5600/24467 cost=$0.4508
2026-10-05 06:18:25.567 | INFO     | __main__:_refresh:248 - jev progress=6000/24467 cost=$0.4829
2026-10-05 06:18:31.607 | INFO     | __main__:_refresh:248 - jev progress=6400/24467 cost=$0.5150
2026-10-05 06:18:37.730 | INFO     | __main__:_refresh:248 - jev progress=6800/24467 cost=$0.5471
2026-10-05 06:18:43.853 | INFO     | __main__:_refresh:248 - jev progress=7200/24467 cost=$0.5812
2026-10-05 06:18:49.916 | INFO     | __main__:_refresh:248 - jev progress=7600/24467 cost=$0.6136
2026-10-05 06:18:55.965 | INFO     | __main__:_refresh:248 - jev progress=8000/24467 cost=$0.6457
2026-10-05 06:19:02.260 | INFO     | __main__:_refresh:248 - jev progress=8400/24467 cost=$0.6776
2026-10-05 06:19:08.451 | INFO     | __main__:_refresh:248 - jev progress=8800/24467 cost=$0.7104
2026-10-05 06:19:14.689 | INFO     | __main__:_refresh:248 - jev progress=9200/24467 cost=$0.7425
2026-10-05 06:19:20.884 | INFO     | __main__:_refresh:248 - jev progress=9600/24467 cost=$0.7745
2026-10-05 06:19:26.956 | INFO     | __main__:_refresh:248 - jev progress=10000/24467 cost=$0.8071
2026-10-05 06:19:33.776 | INFO     | __main__:_refresh:248 - jev progress=10400/24467 cost=$0.8400
2026-10-05 06:19:39.970 | INFO     | __main__:_refresh:248 - jev progress=10800/24467 cost=$0.8722
2026-10-05 06:19:46.124 | INFO     | __main__:_refresh:248 - jev progress=11200/24467 cost=$0.9043
2026-10-05 06:19:52.235 | INFO     | __main__:_refresh:248 - jev progress=11600/24467 cost=$0.9376
2026-10-05 06:19:58.555 | INFO     | __main__:_refresh:248 - jev progress=12000/24467 cost=$0.9714
2026-10-05 06:20:04.803 | INFO     | __main__:_refresh:248 - jev progress=12400/24467 cost=$1.0034
2026-10-05 06:20:10.930 | INFO     | __main__:_refresh:248 - jev progress=12800/24467 cost=$1.0353
2026-10-05 06:20:17.084 | INFO     | __main__:_refresh:248 - jev progress=13200/24467 cost=$1.0686
2026-10-05 06:20:23.319 | INFO     | __main__:_refresh:248 - jev progress=13600/24467 cost=$1.1007
2026-10-05 06:20:29.481 | INFO     | __main__:_refresh:248 - jev progress=14000/24467 cost=$1.1329
2026-10-05 06:20:35.708 | INFO     | __main__:_refresh:248 - jev progress=14400/24467 cost=$1.1652
2026-10-05 06:20:41.917 | INFO     | __main__:_refresh:248 - jev progress=14800/24467 cost=$1.1987
2026-10-05 06:20:48.197 | INFO     | __main__:_refresh:248 - jev progress=15200/24467 cost=$1.2309
2026-10-05 06:20:54.415 | INFO     | __main__:_refresh:248 - jev progress=15600/24467 cost=$1.2629
2026-10-05 06:21:00.508 | INFO     | __main__:_refresh:248 - jev progress=16000/24467 cost=$1.2952
2026-10-05 06:21:06.852 | INFO     | __main__:_refresh:248 - jev progress=16400/24467 cost=$1.3289
2026-10-05 06:21:12.988 | INFO     | __main__:_refresh:248 - jev progress=16800/24467 cost=$1.3609
2026-10-05 06:21:19.355 | INFO     | __main__:_refresh:248 - jev progress=17200/24467 cost=$1.3929
2026-10-05 06:21:25.519 | INFO     | __main__:_refresh:248 - jev progress=17600/24467 cost=$1.4249
2026-10-05 06:21:31.834 | INFO     | __main__:_refresh:248 - jev progress=18000/24467 cost=$1.4574
2026-10-05 06:21:38.031 | INFO     | __main__:_refresh:248 - jev progress=18400/24467 cost=$1.4896
2026-10-05 06:21:44.279 | INFO     | __main__:_refresh:248 - jev progress=18800/24467 cost=$1.5221
2026-10-05 06:21:50.452 | INFO     | __main__:_refresh:248 - jev progress=19200/24467 cost=$1.5543
2026-10-05 06:21:56.650 | INFO     | __main__:_refresh:248 - jev progress=19600/24467 cost=$1.5870
2026-10-05 06:22:02.767 | INFO     | __main__:_refresh:248 - jev progress=20000/24467 cost=$1.6189
2026-10-05 06:22:08.818 | INFO     | __main__:_refresh:248 - jev progress=20400/24467 cost=$1.6507
2026-10-05 06:22:14.953 | INFO     | __main__:_refresh:248 - jev progress=20800/24467 cost=$1.6824
2026-10-05 06:22:21.196 | INFO     | __main__:_refresh:248 - jev progress=21200/24467 cost=$1.7140
2026-10-05 06:22:27.306 | INFO     | __main__:_refresh:248 - jev progress=21600/24467 cost=$1.7455
2026-10-05 06:22:33.444 | INFO     | __main__:_refresh:248 - jev progress=22000/24467 cost=$1.7768
2026-10-05 06:22:39.424 | INFO     | __main__:_refresh:248 - jev progress=22400/24467 cost=$1.8080
2026-10-05 06:22:45.467 | INFO     | __main__:_refresh:248 - jev progress=22800/24467 cost=$1.8401
2026-10-05 06:22:51.398 | INFO     | __main__:_refresh:248 - jev progress=23200/24467 cost=$1.8724
2026-10-05 06:22:57.686 | INFO     | __main__:_refresh:248 - jev progress=23600/24467 cost=$1.9050
2026-10-05 06:23:03.966 | INFO     | __main__:_refresh:248 - jev progress=24000/24467 cost=$1.9383
2026-10-05 06:23:10.014 | INFO     | __main__:_refresh:248 - jev progress=24400/24467 cost=$1.9725
2026-10-05 06:23:11.283 | INFO     | __main__:_refresh:248 - jev progress=24467/24467 cost=$1.9783
2026-10-05 06:24:53.599 | INFO     | __main__:refresh:254 - JUDGE_CACHE_CHECK blind required=2393 cached=1653 missing=740
2026-10-05 06:24:59.872 | INFO     | __main__:_refresh:248 - jev progress=400/740 cost=$0.0218
2026-10-05 06:25:05.000 | INFO     | __main__:_refresh:248 - jev progress=740/740 cost=$0.0404
2026-10-05 06:25:05.800 | INFO     | __main__:main:273 - JUDGE_COMPLETE missing=0
