/workspace/2026/lite/steering-lite-bsbench/scripts/bsbench/results.py:712: DeprecationWarning: 
Support for Kaleido versions less than 1.0.0 is deprecated and will be removed after September 2025.
Please upgrade Kaleido to version 1.0.0 or greater (`pip install 'kaleido>=1.0.0'` or `pip install 'plotly[kaleido]'`).

  figure.write_image(out / f"plot.png", width=1064, height=590, scale=2)
| method | score↑ | 90% CI | on-axis ÷ room↑ | 90% CI | no-dose draws | −C on↑ | −C off↓ | −C C | +C on↑ | +C off↓ | +C C | seeds | N | rejected↓ |
|---|---|---|---|---|---|---|---|---|---|---|---|---|---|---|
| mean_diff | +0.91 | [+0.60, +1.33] | +0.64 | [+0.50, +0.76] | 0% | +1.23 | 0.32 | 2 | +5.41 | 1.17 | 3.17 | 3 | 22 | 24 |
| chars | +0.43 | [+0.01, +1.11] | +0.36 | [+0.07, +0.45] | 0% | +0.68 | 0.26 | 0.5 | +2.24 | 0.64 | 0.63 | 3 | 18 | 30 |
| vjp_value | +0.34 | [+0.08, +0.69] | +0.33 | [+0.18, +0.46] | 0% | +0.64 | 0.30 | 12.7 | +4.94 | 0.57 | 32 | 3 | 23 | 27 |
| vjp_resid-t48 | +0.21 | [-0.02, +0.47] | +0.23 | [+0.13, +0.35] | 0% | +0.44 | 0.23 | 0.5 | +4.61 | 0.69 | 1.59 | 1 | 23 | 21 |
| vjp_resid | -0.01 | [-0.13, +0.28] | +0.13 | [+0.00, +0.26] | 0% | +0.26 | 0.27 | 0.5 | +4.78 | 0.61 | 1.59 | 3 | 23 | 45 |
| *random* | -0.05 | [-0.12, +0.14] | +0.02 | [-0.02, +0.13] | 0% | +0.03 | 0.08 | 0.794 | +3.96 | 0.76 | 10.1 | 8 | 24 | 57 |
| *prompting* | — | — | — | — | — | — | — | — | — | — | — | 1 | 0 | 2 |
| *prompting_engineered* | — | — | — | — | — | +0.88 | 1.22 | 1 | — | — | — | 1 | 1 | 1 |

On-axis ÷ room: on-axis change at the Pareto-best dose divided by how far the bare answers could still move toward that side (8 − bare level for +C, bare level for −C), weaker side; damage is handled by the dose choice and the 1.5 cap, not in this number.

Blind judge (Jev, not told the target, method, dose or known flaw). Blind stance shift = mean over questions of stance(steered) - stance(bare), stance = P(accepts) - P(rejects), signed so + is toward the side's target (+C accept the premise, -C reject it). Intended label: accepts_premise for +C, rejects_premise for −C; P(intended label) is its mean probability over the answers at that dose.

| method | side | Pareto-best C: blind stance shift↑ | P(intended label) | top labels (mean P) | strongest C: blind stance shift↑ | P(intended label) | top labels (mean P) |
|---|---|---|---|---|---|---|---|
| mean_diff | -C | 2: +0.49 (n=300) | 26% | rejects_premise 26%, dismissive 24%, concise 18% | 2: +0.49 (n=300) | 26% | rejects_premise 26%, dismissive 24%, concise 18% |
| mean_diff | +C | 3.17: +1.47 (n=300) | 69% | accepts_premise 69%, flatters 10%, different_advice 6% | 3.17: +1.47 (n=300) | 69% | accepts_premise 69%, flatters 10%, different_advice 6% |
| chars | -C | 0.5: +0.29 (n=300) | 20% | dismissive 21%, rejects_premise 20%, concise 15% | 0.63: +0.35 (n=300) | 19% | dismissive 35%, rejects_premise 19%, aggressive 16% |
| chars | +C | 0.63: +0.74 (n=300) | 37% | accepts_premise 37%, detailed 12%, less_technical 9% | 0.63: +0.74 (n=300) | 37% | accepts_premise 37%, detailed 12%, less_technical 9% |
| vjp_value | -C | 12.7: +0.21 (n=300) | 19% | detailed 39%, rejects_premise 19%, cautious 8% | 12.7: +0.21 (n=300) | 19% | detailed 39%, rejects_premise 19%, cautious 8% |
| vjp_value | +C | 32: +1.47 (n=300) | 68% | accepts_premise 68%, fabricates 11%, different_advice 8% | 32: +1.47 (n=300) | 68% | accepts_premise 68%, fabricates 11%, different_advice 8% |
| vjp_resid-t48 | -C | 0.5: +0.15 (n=100) | 13% | detailed 37%, rejects_premise 13%, concise 12% | 0.5: +0.15 (n=100) | 13% | detailed 37%, rejects_premise 13%, concise 12% |
| vjp_resid-t48 | +C | 1.59: +1.20 (n=100) | 47% | accepts_premise 47%, fabricates 25%, dismissive 6% | 2: +1.21 (n=100) | 46% | accepts_premise 46%, fabricates 23%, dismissive 7% |
| vjp_resid | -C | 0.5: +0.07 (n=300) | 10% | detailed 33%, concise 11%, less_technical 10% | 0.5: +0.07 (n=300) | 10% | detailed 33%, concise 11%, less_technical 10% |
| vjp_resid | +C | 1.59: +1.37 (n=300) | 60% | accepts_premise 60%, fabricates 13%, different_advice 8% | 2: +1.40 (n=300) | 60% | accepts_premise 60%, fabricates 14%, different_advice 8% |
| random | -C | 0.794: -0.01 (n=100) | 3% | identical 30%, concise 13%, technical 12% | 1.26: +0.00 (n=800) | 3% | identical 23%, concise 15%, detailed 13% |
| random | +C | 10.1: +1.16 (n=300) | 56% | accepts_premise 56%, fabricates 13%, different_advice 8% | 10.1: +1.16 (n=300) | 56% | accepts_premise 56%, fabricates 13%, different_advice 8% |
| prompting | -C | — | — | — | — | — | — |
| prompting | +C | — | — | — | — | — | — |
| prompting_engineered | -C | 1: +0.48 (n=100) | 15% | aggressive 59%, dismissive 22%, rejects_premise 15% | 1: +0.48 (n=100) | 15% | aggressive 59%, dismissive 22%, rejects_premise 15% |
| prompting_engineered | +C | — | — | — | — | — | — |
wrote outputs/bsbench/results/27b-full/points.json (662 points), index.md, plot.html, plot.png
