/workspace/2026/lite/steering-lite-bsbench/slop/reviews/2026-09-30_random_bands/render_saved.py:50: DeprecationWarning: 
Support for Kaleido versions less than 1.0.0 is deprecated and will be removed after September 2025.
Please upgrade Kaleido to version 1.0.0 or greater (`pip install 'kaleido>=1.0.0'` or `pip install 'plotly[kaleido]'`).

  fig.write_image(out / "plot.png", width=1064, height=590, scale=2)
/workspace/2026/lite/steering-lite-bsbench/slop/reviews/2026-09-30_random_bands/render_saved.py:65: DeprecationWarning: 
Support for Kaleido versions less than 1.0.0 is deprecated and will be removed after September 2025.
Please upgrade Kaleido to version 1.0.0 or greater (`pip install 'kaleido>=1.0.0'` or `pip install 'plotly[kaleido]'`).

  figure.write_image(out / f"{fig_name}.png", width=1064, height=590, scale=2)
GAIN_FILTER_PASS: rejected doses omitted; identical method_curve admissibility; no lines across failed gains
prompt-dev {'shown': ['prompting_scale', 'prompting_engineered_scale', 'mean_diff'], 'doses': 11, 'percentiles': [90, 75, 50], 'plot_sha256': '1bf586d117e9e9440b92a3c91550a765eb1f7ab9ada479b6436bd7546d781e2c', 'checks': 'old p90 bounds exact; nested zero-filled polygons; PNG/JSON paths exact; scores/intervals/selections/answers unchanged'}
/workspace/2026/lite/steering-lite-bsbench/slop/reviews/2026-09-30_random_bands/render_saved.py:50: DeprecationWarning: 
Support for Kaleido versions less than 1.0.0 is deprecated and will be removed after September 2025.
Please upgrade Kaleido to version 1.0.0 or greater (`pip install 'kaleido>=1.0.0'` or `pip install 'plotly[kaleido]'`).

  fig.write_image(out / "plot.png", width=1064, height=590, scale=2)
/workspace/2026/lite/steering-lite-bsbench/slop/reviews/2026-09-30_random_bands/render_saved.py:65: DeprecationWarning: 
Support for Kaleido versions less than 1.0.0 is deprecated and will be removed after September 2025.
Please upgrade Kaleido to version 1.0.0 or greater (`pip install 'kaleido>=1.0.0'` or `pip install 'plotly[kaleido]'`).

  figure.write_image(out / f"{fig_name}.png", width=1064, height=590, scale=2)
GAIN_FILTER_PASS: rejected doses omitted; identical method_curve admissibility; no lines across failed gains
dev {'shown': ['vjp_value', 'chars', 'sink_split_resid', 'linear_act', 'mean_diff', 'prompting_scale', 'prompting_engineered_scale'], 'doses': 11, 'percentiles': [90, 75, 50], 'plot_sha256': 'e2710f035338ed4303fb17f9f94585e5c928471187fb26583a23d0a75f528c6c', 'checks': 'old p90 bounds exact; nested zero-filled polygons; PNG/JSON paths exact; scores/intervals/selections/answers unchanged'}
/workspace/2026/lite/steering-lite-bsbench/slop/reviews/2026-09-30_random_bands/render_saved.py:50: DeprecationWarning: 
Support for Kaleido versions less than 1.0.0 is deprecated and will be removed after September 2025.
Please upgrade Kaleido to version 1.0.0 or greater (`pip install 'kaleido>=1.0.0'` or `pip install 'plotly[kaleido]'`).

  fig.write_image(out / "plot.png", width=1064, height=590, scale=2)
full {'shown': ['vjp_value', 'chars', 'linear_act', 'sink_split_resid', 'vjp_resid'], 'doses': 11, 'percentiles': [90, 75, 50], 'plot_sha256': '2df7832f58185dabdc2d9209cb1c1b597374156650484f595a36fe1fd366dd65', 'checks': 'old p90 bounds exact; nested zero-filled polygons; PNG/JSON paths exact; scores/intervals/selections/answers unchanged'}
27b-full {'shown': ['mean_diff', 'chars', 'vjp_value', 'vjp_resid'], 'doses': 10, 'percentiles': [90, 75, 50], 'plot_sha256': 'd8e8693033bc0296ccae67185e1066167f92250b05bb4b74be3ac5e01a56df9e', 'checks': 'old p90 bounds exact; nested zero-filled polygons; PNG/JSON paths exact; scores/intervals/selections/answers unchanged'}
olmo-full {'shown': ['mean_diff', 'chars', 'vjp_resid', 'vjp_value'], 'doses': 15, 'percentiles': [90, 75, 50], 'plot_sha256': 'efe1df53b537e1f4b7b00fb7fbf934cee238105489f0cd39ba09ff9148c4ac57', 'checks': 'old p90 bounds exact; nested zero-filled polygons; PNG/JSON paths exact; scores/intervals/selections/answers unchanged'}
[WARN] Failed to replace env in config: ${NPM_TOKEN}
vite v8.3.0 building client environment for production...
transforming...
✓ 15 modules transformed.
rendering chunks...
computing gzip size...
../../../outputs/bsbench/results/prompt-dev/index.html                   0.39 kB │ gzip:  0.28 kB
../../../outputs/bsbench/results/prompt-dev/assets/index-CQXCMfuK.css    2.39 kB │ gzip:  1.06 kB
../../../outputs/bsbench/results/prompt-dev/assets/index-YxD64GSc.js   236.05 kB │ gzip: 74.35 kB

✓ built in 478ms
127.0.0.1 - - [01/Oct/2026 06:29:22] "GET /index.html HTTP/1.1" 200 -
127.0.0.1 - - [01/Oct/2026 06:29:22] "GET /assets/index-CQXCMfuK.css HTTP/1.1" 200 -
127.0.0.1 - - [01/Oct/2026 06:29:22] "GET /assets/index-YxD64GSc.js HTTP/1.1" 200 -
127.0.0.1 - - [01/Oct/2026 06:29:22] "GET /points.json HTTP/1.1" 200 -
127.0.0.1 - - [01/Oct/2026 06:29:22] "GET /prompt_gains.png HTTP/1.1" 200 -
127.0.0.1 - - [01/Oct/2026 06:29:22] "GET /prompt_gains_all.png HTTP/1.1" 200 -
curve points in points.json=23 drawn=23
PNG frontier marks (plot_marks.json from results.py)=23 page drawn=23 methods png=['prompting_scale', 'prompting_engineered_scale', 'mean_diff'] page=['prompting_scale', 'prompting_engineered_scale', 'mean_diff']
random regions: p90/p75/p50 with distinct fills; requested opening methods visible
prompt baseline stars=2; no rejected curve points, rejected stars, or swept-prompt stars
sweep-only curve marks=13; baseline stars still=2
question=syco_bullshit_v2_med_pnf_03 answer blocks=51
blind judge lines=50 (default blocks are Pareto-best doses, which judge.py rates blind)
UAT_PASS http://127.0.0.1:35067/index.html screenshots: uat_plot.png uat_selected.png uat_full.png
[WARN] Failed to replace env in config: ${NPM_TOKEN}
vite v8.3.0 building client environment for production...
transforming...
✓ 15 modules transformed.
rendering chunks...
computing gzip size...
../../../outputs/bsbench/results/dev/index.html                   0.39 kB │ gzip:  0.28 kB
../../../outputs/bsbench/results/dev/assets/index-CQXCMfuK.css    2.39 kB │ gzip:  1.06 kB
../../../outputs/bsbench/results/dev/assets/index-YxD64GSc.js   236.05 kB │ gzip: 74.35 kB

✓ built in 488ms
127.0.0.1 - - [01/Oct/2026 06:29:29] "GET /index.html HTTP/1.1" 200 -
127.0.0.1 - - [01/Oct/2026 06:29:29] "GET /assets/index-CQXCMfuK.css HTTP/1.1" 200 -
127.0.0.1 - - [01/Oct/2026 06:29:29] "GET /assets/index-YxD64GSc.js HTTP/1.1" 200 -
127.0.0.1 - - [01/Oct/2026 06:29:29] "GET /points.json HTTP/1.1" 200 -
127.0.0.1 - - [01/Oct/2026 06:29:29] "GET /prompt_gains_all.png HTTP/1.1" 200 -
127.0.0.1 - - [01/Oct/2026 06:29:29] "GET /prompt_gains.png HTTP/1.1" 200 -
curve points in points.json=71 drawn=71
PNG frontier marks (plot_marks.json from results.py)=71 page drawn=71 methods png=['vjp_value', 'chars', 'sink_split_resid', 'linear_act', 'mean_diff', 'prompting_scale', 'prompting_engineered_scale'] page=['vjp_value', 'chars', 'sink_split_resid', 'linear_act', 'mean_diff', 'prompting_scale', 'prompting_engineered_scale']
random regions: p90/p75/p50 with distinct fills; requested opening methods visible
prompt baseline stars=2; no rejected curve points, rejected stars, or swept-prompt stars
sweep-only curve marks=13; baseline stars still=2
question=syco_bullshit_v2_med_pnf_03 answer blocks=51
blind judge lines=50 (default blocks are Pareto-best doses, which judge.py rates blind)
UAT_PASS http://127.0.0.1:33685/index.html screenshots: uat_plot.png uat_selected.png uat_full.png
[WARN] Failed to replace env in config: ${NPM_TOKEN}
vite v8.3.0 building client environment for production...
transforming...
✓ 15 modules transformed.
rendering chunks...
computing gzip size...
../../../outputs/bsbench/results/full/index.html                   0.39 kB │ gzip:  0.28 kB
../../../outputs/bsbench/results/full/assets/index-CQXCMfuK.css    2.39 kB │ gzip:  1.06 kB
../../../outputs/bsbench/results/full/assets/index-YxD64GSc.js   236.05 kB │ gzip: 74.35 kB

✓ built in 142ms
127.0.0.1 - - [01/Oct/2026 06:29:38] "GET /index.html HTTP/1.1" 200 -
127.0.0.1 - - [01/Oct/2026 06:29:38] "GET /assets/index-YxD64GSc.js HTTP/1.1" 200 -
127.0.0.1 - - [01/Oct/2026 06:29:38] "GET /assets/index-CQXCMfuK.css HTTP/1.1" 200 -
127.0.0.1 - - [01/Oct/2026 06:29:38] "GET /points.json HTTP/1.1" 200 -
curve points in points.json=91 drawn=91
PNG frontier marks (plot_marks.json from results.py)=91 page drawn=91 methods png=['vjp_value', 'chars', 'linear_act', 'sink_split_resid', 'vjp_resid'] page=['vjp_value', 'chars', 'linear_act', 'sink_split_resid', 'vjp_resid']
random regions: p90/p75/p50 with distinct fills; requested opening methods visible
prompt baseline stars=2; no rejected curve points, rejected stars, or swept-prompt stars
question=syco_bullshit_v2_leg_pnf_02 answer blocks=45
blind judge lines=43 (default blocks are Pareto-best doses, which judge.py rates blind)
UAT_PASS http://127.0.0.1:43605/index.html screenshots: uat_plot.png uat_selected.png uat_full.png
[WARN] Failed to replace env in config: ${NPM_TOKEN}
vite v8.3.0 building client environment for production...
transforming...
✓ 15 modules transformed.
rendering chunks...
computing gzip size...
../../../outputs/bsbench/results/27b-full/index.html                   0.39 kB │ gzip:  0.28 kB
../../../outputs/bsbench/results/27b-full/assets/index-CQXCMfuK.css    2.39 kB │ gzip:  1.06 kB
../../../outputs/bsbench/results/27b-full/assets/index-YxD64GSc.js   236.05 kB │ gzip: 74.35 kB

✓ built in 853ms
127.0.0.1 - - [01/Oct/2026 06:29:48] "GET /index.html HTTP/1.1" 200 -
127.0.0.1 - - [01/Oct/2026 06:29:48] "GET /assets/index-CQXCMfuK.css HTTP/1.1" 200 -
127.0.0.1 - - [01/Oct/2026 06:29:48] "GET /assets/index-YxD64GSc.js HTTP/1.1" 200 -
127.0.0.1 - - [01/Oct/2026 06:29:48] "GET /points.json HTTP/1.1" 200 -
curve points in points.json=72 drawn=72
PNG frontier marks (plot_marks.json from results.py)=72 page drawn=72 methods png=['mean_diff', 'chars', 'vjp_value', 'vjp_resid'] page=['mean_diff', 'chars', 'vjp_value', 'vjp_resid']
random regions: p90/p75/p50 with distinct fills; requested opening methods visible
prompt baseline stars=1; no rejected curve points, rejected stars, or swept-prompt stars
question=syco_bullshit_v2_leg_pnf_02 answer blocks=13
blind judge lines=11 (default blocks are Pareto-best doses, which judge.py rates blind)
UAT_PASS http://127.0.0.1:36103/index.html screenshots: uat_plot.png uat_selected.png uat_full.png
[WARN] Failed to replace env in config: ${NPM_TOKEN}
vite v8.3.0 building client environment for production...
transforming...
✓ 15 modules transformed.
rendering chunks...
computing gzip size...
../../../outputs/bsbench/results/olmo-full/index.html                   0.39 kB │ gzip:  0.28 kB
../../../outputs/bsbench/results/olmo-full/assets/index-CQXCMfuK.css    2.39 kB │ gzip:  1.06 kB
../../../outputs/bsbench/results/olmo-full/assets/index-YxD64GSc.js   236.05 kB │ gzip: 74.35 kB

✓ built in 557ms
127.0.0.1 - - [01/Oct/2026 06:29:53] "GET /index.html HTTP/1.1" 200 -
127.0.0.1 - - [01/Oct/2026 06:29:53] "GET /assets/index-CQXCMfuK.css HTTP/1.1" 200 -
127.0.0.1 - - [01/Oct/2026 06:29:53] "GET /assets/index-YxD64GSc.js HTTP/1.1" 200 -
127.0.0.1 - - [01/Oct/2026 06:29:54] "GET /points.json HTTP/1.1" 200 -
curve points in points.json=63 drawn=63
PNG frontier marks (plot_marks.json from results.py)=63 page drawn=63 methods png=['mean_diff', 'chars', 'vjp_resid', 'vjp_value'] page=['mean_diff', 'chars', 'vjp_resid', 'vjp_value']
random regions: p90/p75/p50 with distinct fills; requested opening methods visible
prompt baseline stars=1; no rejected curve points, rejected stars, or swept-prompt stars
question=syco_bullshit_v2_leg_pnf_02 answer blocks=16
blind judge lines=15 (default blocks are Pareto-best doses, which judge.py rates blind)
UAT_PASS http://127.0.0.1:45831/index.html screenshots: uat_plot.png uat_selected.png uat_full.png
