prompt-dev chars +C directed<=0 support: [(0.07874506561842957, -0.06300000000000001, 0.07700000000000001)] ; markers retained; bare weakly dominates them
prompt-dev chars -C directed<=0 support: [(0.125, 0.13850000000000007, 0.0855), (0.07874506561842957, 0.13000000000000003, 0.0985), (0.19842513149602492, 0.06200000000000002, 0.1005), (0.15749013123685915, 0.05000000000000002, 0.11549999999999999)] ; markers retained; bare weakly dominates them
prompt-dev corda_pca +C directed<=0 support: [(2.5198420997897464, -0.01599999999999995, 0.0905)] ; markers retained; bare weakly dominates them
prompt-dev corda_pca -C directed<=0 support: [(2.5198420997897464, 0.08250000000000006, 0.098)] ; markers retained; bare weakly dominates them
prompt-dev cosine_gated +C directed<=0 support: [(1.0, -0.0195, 0.0305)] ; markers retained; bare weakly dominates them
prompt-dev cosine_gated -C directed<=0 support: [(1.0, 0.15050000000000002, 0.04100000000000001), (0.6299605249474366, 0.14, 0.059000000000000004), (1.5874010519681994, 0.11750000000000002, 0.079)] ; markers retained; bare weakly dominates them
prompt-dev directional_ablation +C directed<=0 support: [(0.5, -0.8445, 0.09749999999999999), (0.3968502629920499, -0.8365, 0.13999999999999999), (0.3149802624737183, -0.7100000000000001, 0.14600000000000002), (0.6299605249474366, -0.6315000000000001, 0.1505), (0.7937005259840998, -0.28099999999999997, 0.16899999999999998), (1.0, -0.27499999999999997, 0.2195)] ; markers retained; bare weakly dominates them
prompt-dev linear_act -C directed<=0 support: [(0.07874506561842957, 0.186, 0.065), (0.09921256574801246, 0.1375, 0.07999999999999999)] ; markers retained; bare weakly dominates them
prompt-dev mean_vjp -C directed<=0 support: [(0.049606282874006244, 0.44249999999999995, 0.09500000000000001), (0.0625, 0.328, 0.12400000000000001), (0.125, 0.15099999999999997, 0.17350000000000002), (0.15749013123685915, 0.13100000000000006, 0.258)] ; markers retained; bare weakly dominates them
prompt-dev pca +C directed<=0 support: [(0.09921256574801246, -0.13600000000000004, 0.0835)] ; markers retained; bare weakly dominates them
prompt-dev pca -C directed<=0 support: [(0.3968502629920499, 0.2645, 0.12000000000000001), (0.19842513149602492, 0.11599999999999995, 0.1605), (0.3149802624737183, 0.09549999999999996, 0.2005)] ; markers retained; bare weakly dominates them
prompt-dev sink_split +C directed<=0 support: [(0.7937005259840998, -0.1105, 0.0785)] ; markers retained; bare weakly dominates them
prompt-dev sspace -C directed<=0 support: [(5.039684199579493, 0.0085, 0.042)] ; markers retained; bare weakly dominates them
prompt-dev sspace_pca +C directed<=0 support: [(0.19842513149602492, -0.037500000000000026, 0.063)] ; markers retained; bare weakly dominates them
prompt-dev sspace_pool +C directed<=0 support: [(1.0, -0.009999999999999993, 0.0235)] ; markers retained; bare weakly dominates them
prompt-dev sspace_pool -C directed<=0 support: [(0.7937005259840998, 0.056500000000000015, 0.034)] ; markers retained; bare weakly dominates them
prompt-dev sspace_scale +C directed<=0 support: [(2.5198420997897464, -0.001500000000000036, 0.04000000000000001)] ; markers retained; bare weakly dominates them
prompt-dev sspace_scale -C directed<=0 support: [(4.0, 0.1485, 0.06999999999999999), (5.039684199579493, 0.14200000000000002, 0.0795)] ; markers retained; bare weakly dominates them
prompt-dev topk_clusters +C directed<=0 support: [(0.125, -0.10050000000000002, 0.048)] ; markers retained; bare weakly dominates them
prompt-dev value_gram +C directed<=0 support: [(0.7937005259840998, -0.002000000000000013, 0.05)] ; markers retained; bare weakly dominates them
prompt-dev value_gram -C directed<=0 support: [(1.2599210498948732, 0.04950000000000004, 0.06549999999999999), (1.0, 0.02199999999999997, 0.081)] ; markers retained; bare weakly dominates them
prompt-dev vjp_resid +C directed<=0 support: [(0.03125, -0.24999999999999997, 0.060000000000000005), (0.03937253280921478, -0.18199999999999994, 0.10250000000000001)] ; markers retained; bare weakly dominates them
prompt-dev wiki_mean_vjp -C directed<=0 support: [(0.03937253280921478, 0.16299999999999998, 0.054), (0.03125, 0.13699999999999998, 0.0645), (0.0625, 0.12750000000000003, 0.065)] ; markers retained; bare weakly dominates them
prompt-dev nonpositive vector supports= 44
dev chars +C directed<=0 support: [(0.07874506561842957, -0.06300000000000001, 0.07700000000000001)] ; markers retained; bare weakly dominates them
dev chars -C directed<=0 support: [(0.125, 0.13850000000000007, 0.0855), (0.07874506561842957, 0.13000000000000003, 0.0985), (0.19842513149602492, 0.06200000000000002, 0.1005), (0.15749013123685915, 0.05000000000000002, 0.11549999999999999)] ; markers retained; bare weakly dominates them
dev corda_pca +C directed<=0 support: [(2.5198420997897464, -0.01599999999999995, 0.0905)] ; markers retained; bare weakly dominates them
dev corda_pca -C directed<=0 support: [(2.5198420997897464, 0.08250000000000006, 0.098)] ; markers retained; bare weakly dominates them
dev cosine_gated +C directed<=0 support: [(1.0, -0.0195, 0.0305)] ; markers retained; bare weakly dominates them
dev cosine_gated -C directed<=0 support: [(1.0, 0.15050000000000002, 0.04100000000000001), (0.6299605249474366, 0.14, 0.059000000000000004), (1.5874010519681994, 0.11750000000000002, 0.079)] ; markers retained; bare weakly dominates them
dev directional_ablation +C directed<=0 support: [(0.5, -0.8445, 0.09749999999999999), (0.3968502629920499, -0.8365, 0.13999999999999999), (0.3149802624737183, -0.7100000000000001, 0.14600000000000002), (0.6299605249474366, -0.6315000000000001, 0.1505), (0.7937005259840998, -0.28099999999999997, 0.16899999999999998), (1.0, -0.27499999999999997, 0.2195)] ; markers retained; bare weakly dominates them
dev linear_act -C directed<=0 support: [(0.07874506561842957, 0.186, 0.065), (0.09921256574801246, 0.1375, 0.07999999999999999)] ; markers retained; bare weakly dominates them
dev mean_vjp -C directed<=0 support: [(0.049606282874006244, 0.44249999999999995, 0.09500000000000001), (0.0625, 0.328, 0.12400000000000001), (0.125, 0.15099999999999997, 0.17350000000000002), (0.15749013123685915, 0.13100000000000006, 0.258)] ; markers retained; bare weakly dominates them
dev pca +C directed<=0 support: [(0.09921256574801246, -0.13600000000000004, 0.0835)] ; markers retained; bare weakly dominates them
dev pca -C directed<=0 support: [(0.3968502629920499, 0.2645, 0.12000000000000001), (0.19842513149602492, 0.11599999999999995, 0.1605), (0.3149802624737183, 0.09549999999999996, 0.2005)] ; markers retained; bare weakly dominates them
dev sink_split +C directed<=0 support: [(0.7937005259840998, -0.1105, 0.0785)] ; markers retained; bare weakly dominates them
dev sspace -C directed<=0 support: [(5.039684199579493, 0.0085, 0.042)] ; markers retained; bare weakly dominates them
dev sspace_pca +C directed<=0 support: [(0.19842513149602492, -0.037500000000000026, 0.063)] ; markers retained; bare weakly dominates them
dev sspace_pool +C directed<=0 support: [(1.0, -0.009999999999999993, 0.0235)] ; markers retained; bare weakly dominates them
dev sspace_pool -C directed<=0 support: [(0.7937005259840998, 0.056500000000000015, 0.034)] ; markers retained; bare weakly dominates them
dev sspace_scale +C directed<=0 support: [(2.5198420997897464, -0.001500000000000036, 0.04000000000000001)] ; markers retained; bare weakly dominates them
dev sspace_scale -C directed<=0 support: [(4.0, 0.1485, 0.06999999999999999), (5.039684199579493, 0.14200000000000002, 0.0795)] ; markers retained; bare weakly dominates them
dev topk_clusters +C directed<=0 support: [(0.125, -0.10050000000000002, 0.048)] ; markers retained; bare weakly dominates them
dev value_gram +C directed<=0 support: [(0.7937005259840998, -0.002000000000000013, 0.05)] ; markers retained; bare weakly dominates them
dev value_gram -C directed<=0 support: [(1.2599210498948732, 0.04950000000000004, 0.06549999999999999), (1.0, 0.02199999999999997, 0.081)] ; markers retained; bare weakly dominates them
dev vjp_resid +C directed<=0 support: [(0.03125, -0.24999999999999997, 0.060000000000000005), (0.03937253280921478, -0.18199999999999994, 0.10250000000000001)] ; markers retained; bare weakly dominates them
dev wiki_mean_vjp -C directed<=0 support: [(0.03937253280921478, 0.16299999999999998, 0.054), (0.03125, 0.13699999999999998, 0.0645), (0.0625, 0.12750000000000003, 0.065)] ; markers retained; bare weakly dominates them
dev nonpositive vector supports= 44
full cosine_gated +C directed<=0 support: [(0.6299605249474366, -0.005866666666666701, 0.056600000000000004)] ; markers retained; bare weakly dominates them
full cosine_gated -C directed<=0 support: [(0.6299605249474366, 0.06750000000000002, 0.046200000000000005), (1.0, 0.030266666666666695, 0.0789)] ; markers retained; bare weakly dominates them
full directional_ablation +C directed<=0 support: [(0.3968502629920499, -0.3504333333333333, 0.15783333333333333), (0.5, -0.315, 0.15886666666666666), (0.6299605249474366, -0.2646666666666666, 0.18653333333333333)] ; markers retained; bare weakly dominates them
full pca +C directed<=0 support: [(0.09921256574801246, -0.05363333333333336, 0.12193333333333334)] ; markers retained; bare weakly dominates them
full pca -C directed<=0 support: [(0.09921256574801246, 0.01936666666666671, 0.11656666666666667)] ; markers retained; bare weakly dominates them
full sspace_ablate +C directed<=0 support: [(0.25, -0.13236666666666663, 0.0893)] ; markers retained; bare weakly dominates them
full sspace_pca +C directed<=0 support: [(0.19842513149602492, -0.10046666666666666, 0.11270000000000001), (0.25, -0.0867, 0.12656666666666666), (0.3149802624737183, -0.07759999999999999, 0.1394)] ; markers retained; bare weakly dominates them
full sspace_pool +C directed<=0 support: [(0.6299605249474366, -0.05300000000000003, 0.0431)] ; markers retained; bare weakly dominates them
full sspace_pool -C directed<=0 support: [(0.7937005259840998, 0.06623333333333335, 0.049833333333333334), (0.6299605249474366, 0.013633333333333345, 0.0508)] ; markers retained; bare weakly dominates them
full sspace_scale +C directed<=0 support: [(2.5198420997897464, -0.06266666666666666, 0.09813333333333334)] ; markers retained; bare weakly dominates them
full sspace_scale -C directed<=0 support: [(2.5198420997897464, 0.02673333333333335, 0.11633333333333333)] ; markers retained; bare weakly dominates them
full value_gram +C directed<=0 support: [(0.7937005259840998, -0.16583333333333333, 0.1004), (1.2599210498948732, -0.0912, 0.1323666666666667)] ; markers retained; bare weakly dominates them
full value_gram -C directed<=0 support: [(0.7937005259840998, 0.16283333333333336, 0.09523333333333332), (1.5874010519681994, 0.14013333333333333, 0.1071)] ; markers retained; bare weakly dominates them
full nonpositive vector supports= 21
27b-full vjp_resid +C directed<=0 support: [(0.09921256574801246, -0.08056666666666666, 0.09863333333333334), (0.125, -0.035233333333333325, 0.10923333333333334)] ; markers retained; bare weakly dominates them
27b-full vjp_resid -C directed<=0 support: [(0.09921256574801246, 0.02173333333333336, 0.09723333333333334), (0.15749013123685915, 0.018000000000000023, 0.1268)] ; markers retained; bare weakly dominates them
27b-full vjp_resid-t48 +C directed<=0 support: [(0.09921256574801246, -0.14319999999999997, 0.0963), (0.125, -0.1408, 0.1051), (0.19842513149602492, -0.025599999999999984, 0.1276)] ; markers retained; bare weakly dominates them
27b-full vjp_resid-t48 -C directed<=0 support: [(0.09921256574801246, 0.005699999999999995, 0.12)] ; markers retained; bare weakly dominates them
27b-full nonpositive vector supports= 8
olmo-full vjp_value +C directed<=0 support: [(0.25, -0.04709999999999998, 0.2056), (0.3149802624737183, -0.02539999999999998, 0.21469999999999997), (0.3968502629920499, -0.007499999999999978, 0.245)] ; markers retained; bare weakly dominates them
olmo-full vjp_resid-nothink -C directed<=0 support: [(0.03125, 0.004500000000000053, 0.11530000000000001)] ; markers retained; bare weakly dominates them
olmo-full nonpositive vector supports= 4
