[WARN] Failed to replace env in config: ${NPM_TOKEN}
vite v8.3.0 building client environment for production...
transforming...
✓ 15 modules transformed.
rendering chunks...
computing gzip size...
../../../outputs/bsbench/results/prompt-dev/index.html                   0.39 kB │ gzip:  0.28 kB
../../../outputs/bsbench/results/prompt-dev/assets/index-CQXCMfuK.css    2.39 kB │ gzip:  1.06 kB
../../../outputs/bsbench/results/prompt-dev/assets/index-YjTdYIh9.js   236.33 kB │ gzip: 74.44 kB

✓ built in 443ms
127.0.0.1 - - [01/Oct/2026 18:36:15] "GET /index.html HTTP/1.1" 200 -
127.0.0.1 - - [01/Oct/2026 18:36:15] "GET /assets/index-CQXCMfuK.css HTTP/1.1" 200 -
127.0.0.1 - - [01/Oct/2026 18:36:15] "GET /assets/index-YjTdYIh9.js HTTP/1.1" 200 -
127.0.0.1 - - [01/Oct/2026 18:36:15] "GET /points.json HTTP/1.1" 200 -
127.0.0.1 - - [01/Oct/2026 18:36:15] "GET /prompt_gains_all.png HTTP/1.1" 200 -
127.0.0.1 - - [01/Oct/2026 18:36:15] "GET /prompt_gains.png HTTP/1.1" 200 -
Traceback (most recent call last):
  File "/workspace/2026/lite/steering-lite-bsbench/scripts/bsbench/web/uat.py", line 30, in <module>
    assert f"{data['cohort'].upper()} · {len(data['questions'])} questions" in page.locator("svg").inner_text()
                                                                               ~~~~~~~~~~~~~~~~~~~~~~~~~~~~~~^^
  File "/home/code/.cache/uv/archive-v0/uQY-lCQGDRpCk683JuXxn/lib/python3.13/site-packages/playwright/sync_api/_generated.py", line 19603, in inner_text
    self._sync(self._impl_obj.inner_text(timeout=to_milliseconds(timeout)))
    ~~~~~~~~~~^^^^^^^^^^^^^^^^^^^^^^^^^^^^^^^^^^^^^^^^^^^^^^^^^^^^^^^^^^^^^
  File "/home/code/.cache/uv/archive-v0/uQY-lCQGDRpCk683JuXxn/lib/python3.13/site-packages/playwright/_impl/_sync_base.py", line 115, in _sync
    return task.result()
           ~~~~~~~~~~~^^
  File "/home/code/.cache/uv/archive-v0/uQY-lCQGDRpCk683JuXxn/lib/python3.13/site-packages/playwright/_impl/_locator.py", line 502, in inner_text
    return await self._frame.inner_text(
           ^^^^^^^^^^^^^^^^^^^^^^^^^^^^^
    ...<3 lines>...
    )
    ^
  File "/home/code/.cache/uv/archive-v0/uQY-lCQGDRpCk683JuXxn/lib/python3.13/site-packages/playwright/_impl/_frame.py", line 744, in inner_text
    return await self._channel.send(
           ^^^^^^^^^^^^^^^^^^^^^^^^^
        "innerText", self._timeout, locals_to_params(locals())
        ^^^^^^^^^^^^^^^^^^^^^^^^^^^^^^^^^^^^^^^^^^^^^^^^^^^^^^
    )
    ^
  File "/home/code/.cache/uv/archive-v0/uQY-lCQGDRpCk683JuXxn/lib/python3.13/site-packages/playwright/_impl/_connection.py", line 76, in send
    return await self._connection.wrap_api_call(
           ^^^^^^^^^^^^^^^^^^^^^^^^^^^^^^^^^^^^^
    ...<3 lines>...
    )
    ^
  File "/home/code/.cache/uv/archive-v0/uQY-lCQGDRpCk683JuXxn/lib/python3.13/site-packages/playwright/_impl/_connection.py", line 632, in wrap_api_call
    raise rewrite_error(error, f"{parsed_st['apiName']}: {error}") from None
playwright._impl._errors.Error: Locator.inner_text: Error: Node is not an HTMLElement
Call log:
  - waiting for locator("svg")

