LIVE_OK 0 combined {'input_tokens': 2835, 'output_tokens': 293, 'cost': 0.00011907}
LIVE_OK 0 blind {'input_tokens': 1297, 'output_tokens': 264, 'cost': 5.4474e-05}
LIVE_OK 0 aware_original {'input_tokens': 1895, 'output_tokens': 33, 'cost': 7.959e-05}
LIVE_OK 0 aware_isolated {'input_tokens': 1982, 'output_tokens': 33, 'cost': 8.3244e-05}
LIVE_OK 0 answer_isolated {'input_tokens': 1656, 'output_tokens': 170, 'cost': 6.9552e-05}
LIVE_OK 0 answer_original {'input_tokens': 1650, 'output_tokens': 170, 'cost': 6.93e-05}
LIVE_OK 1 aware_original {'input_tokens': 1893, 'output_tokens': 33, 'cost': 7.9506e-05}
LIVE_OK 1 aware_isolated {'input_tokens': 1980, 'output_tokens': 33, 'cost': 8.316e-05}
LIVE_OK 1 blind {'input_tokens': 1295, 'output_tokens': 262, 'cost': 5.439e-05}
LIVE_OK 1 answer_original {'input_tokens': 1648, 'output_tokens': 170, 'cost': 6.9216e-05}
LIVE_OK 1 combined {'input_tokens': 2833, 'output_tokens': 291, 'cost': 0.000118986}
LIVE_OK 1 answer_isolated {'input_tokens': 1654, 'output_tokens': 170, 'cost': 6.9468e-05}
LIVE_OK 2 aware_original {'input_tokens': 1866, 'output_tokens': 33, 'cost': 7.8372e-05}
LIVE_OK 2 aware_isolated {'input_tokens': 1953, 'output_tokens': 33, 'cost': 8.2026e-05}
LIVE_OK 2 blind {'input_tokens': 1268, 'output_tokens': 262, 'cost': 5.3256e-05}
LIVE_OK 2 combined {'input_tokens': 2806, 'output_tokens': 291, 'cost': 0.000117852}
LIVE_OK 2 answer_isolated {'input_tokens': 1627, 'output_tokens': 170, 'cost': 6.8334e-05}
LIVE_OK 2 answer_original {'input_tokens': 1621, 'output_tokens': 170, 'cost': 6.8082e-05}
LIVE_OK 3 aware_isolated {'input_tokens': 1982, 'output_tokens': 33, 'cost': 8.3244e-05}
LIVE_OK 3 aware_original {'input_tokens': 1895, 'output_tokens': 33, 'cost': 7.959e-05}
LIVE_OK 3 blind {'input_tokens': 1297, 'output_tokens': 261, 'cost': 5.4474e-05}
LIVE_OK 3 answer_isolated {'input_tokens': 1662, 'output_tokens': 170, 'cost': 6.9804e-05}
LIVE_OK 3 answer_original {'input_tokens': 1656, 'output_tokens': 170, 'cost': 6.9552e-05}
LIVE_OK 3 combined {'input_tokens': 2835, 'output_tokens': 290, 'cost': 0.00011907}
LIVE_OK 4 aware_original {'input_tokens': 1893, 'output_tokens': 33, 'cost': 7.9506e-05}
LIVE_OK 4 combined {'input_tokens': 2833, 'output_tokens': 292, 'cost': 0.000118986}
LIVE_OK 4 blind {'input_tokens': 1295, 'output_tokens': 263, 'cost': 5.439e-05}
LIVE_OK 4 aware_isolated {'input_tokens': 1980, 'output_tokens': 33, 'cost': 8.316e-05}
LIVE_OK 4 answer_original {'input_tokens': 1656, 'output_tokens': 170, 'cost': 6.9552e-05}
LIVE_OK 5 aware_original {'input_tokens': 1901, 'output_tokens': 33, 'cost': 7.9842e-05}
LIVE_OK 4 answer_isolated {'input_tokens': 1662, 'output_tokens': 170, 'cost': 6.9804e-05}
LIVE_OK 5 aware_isolated {'input_tokens': 1988, 'output_tokens': 33, 'cost': 8.3496e-05}
LIVE_OK 5 blind {'input_tokens': 1303, 'output_tokens': 260, 'cost': 5.4726e-05}
LIVE_OK 5 combined {'input_tokens': 2841, 'output_tokens': 289, 'cost': 0.000119322}
LIVE_OK 5 answer_original {'input_tokens': 1656, 'output_tokens': 170, 'cost': 6.9552e-05}
LIVE_OK 5 answer_isolated {'input_tokens': 1662, 'output_tokens': 170, 'cost': 6.9804e-05}
SUMMARY {"n_pairs": 6, "n_requests": 36, "usage": {"aware_original": {"input_tokens": 11343, "cost": 0.00047640599999999996}, "aware_isolated": {"input_tokens": 11865, "cost": 0.00049833}, "blind": {"input_tokens": 7755, "cost": 0.00032571}, "combined": {"input_tokens": 16983, "cost": 0.000713286}, "answer_original": {"input_tokens": 9887, "cost": 0.000415254}, "answer_isolated": {"input_tokens": 9923, "cost": 0.000416766}}, "probability_deltas": [{"index": 0, "aware_batch_max_probability_delta": 0.019999999999999907, "blind_batch_max_probability_delta": 0.030000000000000027, "aware_context_max_probability_delta": 0.18, "answer_context_max_probability_delta": 0.010000000000000009}, {"index": 1, "aware_batch_max_probability_delta": 0.020000000000000018, "blind_batch_max_probability_delta": 0.010000000000000009, "aware_context_max_probability_delta": 0.06, "answer_context_max_probability_delta": 0.010000000000000009}, {"index": 2, "aware_batch_max_probability_delta": 0.08999999999999997, "blind_batch_max_probability_delta": 0.009999999999999995, "aware_context_max_probability_delta": 0.12, "answer_context_max_probability_delta": 0.06999999999999995}, {"index": 3, "aware_batch_max_probability_delta": 0.050000000000000044, "blind_batch_max_probability_delta": 0.06999999999999995, "aware_context_max_probability_delta": 0.11000000000000001, "answer_context_max_probability_delta": 0.040000000000000036}, {"index": 4, "aware_batch_max_probability_delta": 0.010000000000000009, "blind_batch_max_probability_delta": 0.020000000000000018, "aware_context_max_probability_delta": 0.06, "answer_context_max_probability_delta": 0.010000000000000009}, {"index": 5, "aware_batch_max_probability_delta": 0.0, "blind_batch_max_probability_delta": 0.030000000000000027, "aware_context_max_probability_delta": 0.010000000000000009, "answer_context_max_probability_delta": 0.020000000000000018}], "combined_tokens": 16983, "separate_tokens": 19620, "saving_fraction_if_all_pairs_need_blind": 0.1344036697247707, "break_even_blind_fraction": 0.6599613152804642}
