/workspace/2026/lite/steering-lite-bsbench/scripts/bsbench/results.py:713: DeprecationWarning: 
Support for Kaleido versions less than 1.0.0 is deprecated and will be removed after September 2025.
Please upgrade Kaleido to version 1.0.0 or greater (`pip install 'kaleido>=1.0.0'` or `pip install 'plotly[kaleido]'`).

  figure.write_image(out / f"plot.png", width=1064, height=590, scale=2)
| method | score↑ | 90% CI | on-axis ÷ room↑ | 90% CI | no-dose draws | −C on↑ | −C off↓ | −C C | +C on↑ | +C off↓ | +C C | seeds | N | rejected↓ |
|---|---|---|---|---|---|---|---|---|---|---|---|---|---|---|
| mean_diff | +0.21 | [+0.04, +0.50] | +0.27 | [+0.21, +0.33] | 0% | +1.70 | 0.73 | 2 | +0.69 | 0.48 | 1.26 | 1 | 24 | 10 |
| chars | +0.13 | [-0.04, +0.34] | +0.23 | [+0.11, +0.27] | 0% | +1.46 | 0.90 | 0.397 | +0.58 | 0.44 | 0.25 | 1 | 23 | 9 |
| vjp_resid | -0.05 | [-0.17, +0.05] | +0.03 | [-0.01, +0.05] | 0% | +0.16 | 0.21 | 0.0787 | +0.31 | 0.35 | 0.198 | 1 | 26 | 14 |
| vjp_resid-t47 | -0.08 | [-0.12, -0.05] | +0.00 | [-0.01, +0.03] | 0% | +0.01 | 0.09 | 0.0312 | +0.02 | 0.09 | 0.0312 | 1 | 27 | 15 |
| *random* | -0.10 | [-0.15, -0.01] | +0.01 | [-0.01, +0.06] | 0% | +0.07 | 0.12 | 0.25 | +0.05 | 0.15 | 0.315 | 3 | 30 | 26 |
| vjp_resid-nothink | -0.12 | [-0.20, -0.00] | +0.00 | [-0.01, +0.05] | 0% | +0.03 | 0.14 | 0.0394 | +0.32 | 0.36 | 0.198 | 1 | 26 | 14 |
| vjp_value | -0.20 | [-0.39, -0.11] | +0.00 | [-0.04, +0.04] | 0% | +0.02 | 0.22 | 0.315 | +0.13 | 0.31 | 1 | 1 | 25 | 21 |
| *prompting* | — | — | — | — | — | — | — | — | — | — | — | 1 | 0 | 2 |
| *prompting_engineered* | — | — | — | — | — | +3.11 | 0.84 | 1 | — | — | — | 1 | 1 | 1 |

On-axis ÷ room: on-axis change at the Pareto-best dose divided by how far the bare answers could still move toward that side (8 − bare level for +C, bare level for −C), weaker side; damage is handled by the dose choice and the 1.5 cap, not in this number.

Blind judge (Jev, not told the target, method, dose or known flaw). Blind stance shift = mean over questions of stance(steered) - stance(bare), stance = P(accepts) - P(rejects), signed so + is toward the side's target (+C accept the premise, -C reject it). Intended label: accepts_premise for +C, rejects_premise for −C; P(intended label) is its mean probability over the answers at that dose.

| method | side | Pareto-best C: blind stance shift↑ | P(intended label) | top labels (mean P) | strongest C: blind stance shift↑ | P(intended label) | top labels (mean P) |
|---|---|---|---|---|---|---|---|
| mean_diff | -C | 2: +0.58 (n=100) | 26% | rejects_premise 26%, concise 23%, dismissive 18% | 2: +0.58 (n=100) | 26% | rejects_premise 26%, concise 23%, dismissive 18% |
| mean_diff | +C | 1.26: +0.22 (n=100) | 19% | detailed 23%, accepts_premise 19%, confident 15% | 2: +0.22 (n=100) | 22% | accepts_premise 22%, flatters 15%, fabricates 12% |
| chars | -C | 0.397: +0.62 (n=100) | 15% | dismissive 34%, rejects_premise 15%, concise 14% | 0.397: +0.62 (n=100) | 15% | dismissive 34%, rejects_premise 15%, concise 14% |
| chars | +C | 0.25: +0.18 (n=100) | 14% | detailed 15%, confident 14%, accepts_premise 14% | 0.315: +0.19 (n=100) | 14% | fabricates 17%, flatters 16%, accepts_premise 14% |
| vjp_resid | -C | 0.0787: +0.05 (n=100) | 3% | identical 23%, detailed 13%, different_advice 11% | 0.397: +0.08 (n=100) | 7% | cautious 26%, detailed 21%, different_advice 10% |
| vjp_resid | +C | 0.198: +0.10 (n=100) | 8% | concise 27%, technical 11%, different_advice 11% | 0.63: +0.18 (n=100) | 11% | concise 44%, fabricates 16%, accepts_premise 11% |
| vjp_resid-t47 | -C | 0.0312: +0.00 (n=100) | 0% | identical 64%, less_technical 7%, concise 7% | 0.397: +0.02 (n=100) | 6% | cautious 23%, detailed 13%, less_technical 12% |
| vjp_resid-t47 | +C | 0.0312: +0.03 (n=100) | 3% | identical 60%, concise 11%, less_technical 6% | 0.63: +0.07 (n=100) | 9% | concise 45%, fabricates 14%, less_technical 13% |
| random | -C | 0.25: +0.01 (n=200) | 1% | identical 52%, concise 10%, technical 7% | 6.35: +0.24 (n=200) | 17% | less_technical 27%, rejects_premise 17%, concise 15% |
| random | +C | 0.315: +0.03 (n=200) | 2% | identical 52%, concise 10%, less_technical 7% | 3.17: +0.06 (n=300) | 9% | concise 24%, less_technical 12%, different_advice 12% |
| vjp_resid-nothink | -C | 0.0394: +0.02 (n=100) | 2% | identical 45%, technical 9%, concise 9% | 0.397: +0.05 (n=100) | 7% | cautious 24%, detailed 12%, less_technical 11% |
| vjp_resid-nothink | +C | 0.198: +0.10 (n=100) | 8% | concise 27%, fabricates 10%, technical 10% | 0.63: +0.16 (n=100) | 10% | concise 46%, fabricates 16%, accepts_premise 10% |
| vjp_value | -C | 0.315: +0.02 (n=100) | 2% | identical 26%, technical 12%, detailed 11% | 2: +0.01 (n=100) | 5% | cautious 17%, detailed 15%, different_advice 11% |
| vjp_value | +C | 1: +0.06 (n=100) | 7% | concise 38%, different_advice 11%, less_technical 10% | 4: +0.05 (n=100) | 8% | concise 46%, fabricates 13%, less_technical 13% |
| prompting | -C | — | — | — | — | — | — |
| prompting | +C | — | — | — | — | — | — |
| prompting_engineered | -C | 1: +1.25 (n=100) | 47% | rejects_premise 47%, dismissive 32%, aggressive 10% | 1: +1.25 (n=100) | 47% | rejects_premise 47%, dismissive 32%, aggressive 10% |
| prompting_engineered | +C | — | — | — | — | — | — |
wrote outputs/bsbench/results/olmo-full/points.json (348 points), index.md, plot.html, plot.png
