2026-10-04 23:34:14.974 | INFO     | data:manifest:104 - manifest walks=6 rows=19900
2026-10-04 23:34:36.533 | INFO     | __main__:refresh:197 - JUDGE_CACHE_CHECK bsb required=18719 cached=4 missing=18715
2026-10-04 23:34:45.024 | INFO     | __main__:_refresh:191 - jev progress=400/18715 cost=$0.0183
2026-10-04 23:34:52.778 | INFO     | __main__:_refresh:191 - jev progress=800/18715 cost=$0.0367
2026-10-04 23:35:00.136 | INFO     | __main__:_refresh:191 - jev progress=1200/18715 cost=$0.0553
2026-10-04 23:35:07.199 | INFO     | __main__:_refresh:191 - jev progress=1600/18715 cost=$0.0737
2026-10-04 23:35:14.056 | INFO     | __main__:_refresh:191 - jev progress=2000/18715 cost=$0.0923
2026-10-04 23:35:20.475 | INFO     | __main__:_refresh:191 - jev progress=2400/18715 cost=$0.1116
2026-10-04 23:35:27.137 | INFO     | __main__:_refresh:191 - jev progress=2800/18715 cost=$0.1321
2026-10-04 23:35:33.801 | INFO     | __main__:_refresh:191 - jev progress=3200/18715 cost=$0.1508
2026-10-04 23:35:39.850 | INFO     | __main__:_refresh:191 - jev progress=3600/18715 cost=$0.1689
2026-10-04 23:35:46.093 | INFO     | __main__:_refresh:191 - jev progress=4000/18715 cost=$0.1870
2026-10-04 23:35:52.292 | INFO     | __main__:_refresh:191 - jev progress=4400/18715 cost=$0.2055
2026-10-04 23:35:59.018 | INFO     | __main__:_refresh:191 - jev progress=4800/18715 cost=$0.2240
2026-10-04 23:36:05.226 | INFO     | __main__:_refresh:191 - jev progress=5200/18715 cost=$0.2441
2026-10-04 23:36:11.364 | INFO     | __main__:_refresh:191 - jev progress=5600/18715 cost=$0.2641
2026-10-04 23:36:17.509 | INFO     | __main__:_refresh:191 - jev progress=6000/18715 cost=$0.2850
2026-10-04 23:36:23.689 | INFO     | __main__:_refresh:191 - jev progress=6400/18715 cost=$0.3130
2026-10-04 23:36:29.806 | INFO     | __main__:_refresh:191 - jev progress=6800/18715 cost=$0.3411
2026-10-04 23:36:36.145 | INFO     | __main__:_refresh:191 - jev progress=7200/18715 cost=$0.3707
2026-10-04 23:36:42.791 | INFO     | __main__:_refresh:191 - jev progress=7600/18715 cost=$0.3987
2026-10-04 23:36:48.914 | INFO     | __main__:_refresh:191 - jev progress=8000/18715 cost=$0.4266
2026-10-04 23:36:55.255 | INFO     | __main__:_refresh:191 - jev progress=8400/18715 cost=$0.4559
2026-10-04 23:37:01.680 | INFO     | __main__:_refresh:191 - jev progress=8800/18715 cost=$0.4839
2026-10-04 23:37:08.017 | INFO     | __main__:_refresh:191 - jev progress=9200/18715 cost=$0.5118
2026-10-04 23:37:14.245 | INFO     | __main__:_refresh:191 - jev progress=9600/18715 cost=$0.5409
2026-10-04 23:37:20.436 | INFO     | __main__:_refresh:191 - jev progress=10000/18715 cost=$0.5689
2026-10-04 23:37:26.807 | INFO     | __main__:_refresh:191 - jev progress=10400/18715 cost=$0.5970
2026-10-04 23:37:33.284 | INFO     | __main__:_refresh:191 - jev progress=10800/18715 cost=$0.6262
2026-10-04 23:37:39.565 | INFO     | __main__:_refresh:191 - jev progress=11200/18715 cost=$0.6543
2026-10-04 23:37:45.920 | INFO     | __main__:_refresh:191 - jev progress=11600/18715 cost=$0.6824
2026-10-04 23:37:52.284 | INFO     | __main__:_refresh:191 - jev progress=12000/18715 cost=$0.7117
2026-10-04 23:37:58.485 | INFO     | __main__:_refresh:191 - jev progress=12400/18715 cost=$0.7397
2026-10-04 23:38:04.720 | INFO     | __main__:_refresh:191 - jev progress=12800/18715 cost=$0.7675
2026-10-04 23:38:11.331 | INFO     | __main__:_refresh:191 - jev progress=13200/18715 cost=$0.7949
2026-10-04 23:38:17.556 | INFO     | __main__:_refresh:191 - jev progress=13600/18715 cost=$0.8134
2026-10-04 23:38:23.623 | INFO     | __main__:_refresh:191 - jev progress=14000/18715 cost=$0.8319
2026-10-04 23:38:29.801 | INFO     | __main__:_refresh:191 - jev progress=14400/18715 cost=$0.8501
2026-10-04 23:38:33.588 | WARNING  | __main__:run:175 - jev 429 attempt=1/6
2026-10-04 23:38:33.708 | WARNING  | __main__:run:175 - jev 429 attempt=1/6
2026-10-04 23:38:33.711 | WARNING  | __main__:run:175 - jev 429 attempt=1/6
2026-10-04 23:38:33.714 | WARNING  | __main__:run:175 - jev 429 attempt=1/6
2026-10-04 23:38:33.717 | WARNING  | __main__:run:175 - jev 429 attempt=1/6
2026-10-04 23:38:33.734 | WARNING  | __main__:run:175 - jev 429 attempt=1/6
2026-10-04 23:38:33.862 | WARNING  | __main__:run:175 - jev 429 attempt=1/6
2026-10-04 23:38:33.894 | WARNING  | __main__:run:175 - jev 429 attempt=1/6
2026-10-04 23:38:33.914 | WARNING  | __main__:run:175 - jev 429 attempt=1/6
2026-10-04 23:38:33.920 | WARNING  | __main__:run:175 - jev 429 attempt=1/6
2026-10-04 23:38:33.947 | WARNING  | __main__:run:175 - jev 429 attempt=1/6
2026-10-04 23:38:33.995 | WARNING  | __main__:run:175 - jev 429 attempt=1/6
2026-10-04 23:38:34.841 | WARNING  | __main__:run:175 - jev 429 attempt=1/6
2026-10-04 23:38:34.857 | WARNING  | __main__:run:175 - jev 429 attempt=1/6
2026-10-04 23:38:34.917 | WARNING  | __main__:run:175 - jev 429 attempt=1/6
2026-10-04 23:38:40.201 | INFO     | __main__:_refresh:191 - jev progress=14800/18715 cost=$0.8682
2026-10-04 23:38:40.839 | WARNING  | __main__:run:175 - jev 429 attempt=1/6
2026-10-04 23:38:40.847 | WARNING  | __main__:run:175 - jev 429 attempt=1/6
2026-10-04 23:38:40.849 | WARNING  | __main__:run:175 - jev 429 attempt=1/6
2026-10-04 23:38:40.872 | WARNING  | __main__:run:175 - jev 429 attempt=1/6
2026-10-04 23:38:40.880 | WARNING  | __main__:run:175 - jev 429 attempt=1/6
2026-10-04 23:38:40.925 | WARNING  | __main__:run:175 - jev 429 attempt=1/6
2026-10-04 23:38:41.629 | WARNING  | __main__:run:175 - jev 429 attempt=1/6
2026-10-04 23:38:41.667 | WARNING  | __main__:run:175 - jev 429 attempt=1/6
2026-10-04 23:38:41.670 | WARNING  | __main__:run:175 - jev 429 attempt=1/6
2026-10-04 23:38:41.730 | WARNING  | __main__:run:175 - jev 429 attempt=1/6
2026-10-04 23:38:41.750 | WARNING  | __main__:run:175 - jev 429 attempt=1/6
2026-10-04 23:38:41.752 | WARNING  | __main__:run:175 - jev 429 attempt=1/6
2026-10-04 23:38:41.912 | WARNING  | __main__:run:175 - jev 429 attempt=1/6
2026-10-04 23:38:41.947 | WARNING  | __main__:run:175 - jev 429 attempt=1/6
2026-10-04 23:38:41.952 | WARNING  | __main__:run:175 - jev 429 attempt=1/6
2026-10-04 23:38:41.966 | WARNING  | __main__:run:175 - jev 429 attempt=1/6
2026-10-04 23:38:41.976 | WARNING  | __main__:run:175 - jev 429 attempt=1/6
2026-10-04 23:38:50.608 | INFO     | __main__:_refresh:191 - jev progress=15200/18715 cost=$0.8861
2026-10-04 23:38:56.648 | INFO     | __main__:_refresh:191 - jev progress=15600/18715 cost=$0.9039
2026-10-04 23:39:02.799 | INFO     | __main__:_refresh:191 - jev progress=16000/18715 cost=$0.9227
2026-10-04 23:39:08.837 | INFO     | __main__:_refresh:191 - jev progress=16400/18715 cost=$0.9431
2026-10-04 23:39:14.915 | INFO     | __main__:_refresh:191 - jev progress=16800/18715 cost=$0.9625
2026-10-04 23:39:20.985 | INFO     | __main__:_refresh:191 - jev progress=17200/18715 cost=$0.9813
2026-10-04 23:39:27.312 | INFO     | __main__:_refresh:191 - jev progress=17600/18715 cost=$0.9998
2026-10-04 23:39:33.615 | INFO     | __main__:_refresh:191 - jev progress=18000/18715 cost=$1.0192
2026-10-04 23:39:40.152 | INFO     | __main__:_refresh:191 - jev progress=18400/18715 cost=$1.0395
2026-10-04 23:39:45.188 | INFO     | __main__:_refresh:191 - jev progress=18715/18715 cost=$1.0553
2026-10-04 23:41:06.241 | INFO     | __main__:refresh:197 - JUDGE_CACHE_CHECK blind required=1591 cached=0 missing=1591
2026-10-04 23:41:12.888 | INFO     | __main__:_refresh:191 - jev progress=400/1591 cost=$0.0223
2026-10-04 23:41:19.082 | INFO     | __main__:_refresh:191 - jev progress=800/1591 cost=$0.0441
2026-10-04 23:41:25.324 | INFO     | __main__:_refresh:191 - jev progress=1200/1591 cost=$0.0664
2026-10-04 23:41:31.317 | INFO     | __main__:_refresh:191 - jev progress=1591/1591 cost=$0.0880
2026-10-04 23:41:32.004 | INFO     | __main__:main:216 - JUDGE_COMPLETE missing=0
