2026-10-06 16:25:15.386 | INFO     | data:manifest:104 - manifest walks=29 rows=91100
2026-10-06 16:25:56.547 | INFO     | __main__:refresh:254 - JUDGE_CACHE_CHECK bsb required=205046 cached=79685 missing=125361
2026-10-06 16:26:06.216 | INFO     | __main__:_refresh:248 - jev progress=400/125361 cost=$0.0308
2026-10-06 16:26:13.195 | INFO     | __main__:_refresh:248 - jev progress=800/125361 cost=$0.0616
2026-10-06 16:26:20.829 | INFO     | __main__:_refresh:248 - jev progress=1200/125361 cost=$0.0924
2026-10-06 16:26:27.419 | INFO     | __main__:_refresh:248 - jev progress=1600/125361 cost=$0.1232
2026-10-06 16:26:33.910 | INFO     | __main__:_refresh:248 - jev progress=2000/125361 cost=$0.1540
2026-10-06 16:26:40.207 | INFO     | __main__:_refresh:248 - jev progress=2400/125361 cost=$0.1847
2026-10-06 16:26:46.542 | INFO     | __main__:_refresh:248 - jev progress=2800/125361 cost=$0.2153
2026-10-06 16:26:55.162 | INFO     | __main__:_refresh:248 - jev progress=3200/125361 cost=$0.2466
2026-10-06 16:27:01.594 | INFO     | __main__:_refresh:248 - jev progress=3600/125361 cost=$0.2790
2026-10-06 16:27:08.012 | INFO     | __main__:_refresh:248 - jev progress=4000/125361 cost=$0.3098
2026-10-06 16:27:14.424 | INFO     | __main__:_refresh:248 - jev progress=4400/125361 cost=$0.3406
2026-10-06 16:27:20.743 | INFO     | __main__:_refresh:248 - jev progress=4800/125361 cost=$0.3714
2026-10-06 16:27:27.090 | INFO     | __main__:_refresh:248 - jev progress=5200/125361 cost=$0.4022
2026-10-06 16:27:33.780 | INFO     | __main__:_refresh:248 - jev progress=5600/125361 cost=$0.4331
2026-10-06 16:27:40.131 | INFO     | __main__:_refresh:248 - jev progress=6000/125361 cost=$0.4639
2026-10-06 16:27:46.507 | INFO     | __main__:_refresh:248 - jev progress=6400/125361 cost=$0.4960
2026-10-06 16:27:52.841 | INFO     | __main__:_refresh:248 - jev progress=6800/125361 cost=$0.5288
2026-10-06 16:27:59.131 | INFO     | __main__:_refresh:248 - jev progress=7200/125361 cost=$0.5607
2026-10-06 16:28:05.551 | INFO     | __main__:_refresh:248 - jev progress=7600/125361 cost=$0.5915
2026-10-06 16:28:12.062 | INFO     | __main__:_refresh:248 - jev progress=8000/125361 cost=$0.6222
2026-10-06 16:28:18.536 | INFO     | __main__:_refresh:248 - jev progress=8400/125361 cost=$0.6529
2026-10-06 16:28:24.919 | INFO     | __main__:_refresh:248 - jev progress=8800/125361 cost=$0.6836
2026-10-06 16:28:31.376 | INFO     | __main__:_refresh:248 - jev progress=9200/125361 cost=$0.7142
2026-10-06 16:28:37.904 | INFO     | __main__:_refresh:248 - jev progress=9600/125361 cost=$0.7448
2026-10-06 16:28:44.316 | INFO     | __main__:_refresh:248 - jev progress=10000/125361 cost=$0.7759
2026-10-06 16:28:50.696 | INFO     | __main__:_refresh:248 - jev progress=10400/125361 cost=$0.8084
2026-10-06 16:28:57.280 | INFO     | __main__:_refresh:248 - jev progress=10800/125361 cost=$0.8409
2026-10-06 16:29:03.723 | INFO     | __main__:_refresh:248 - jev progress=11200/125361 cost=$0.8718
2026-10-06 16:29:10.299 | INFO     | __main__:_refresh:248 - jev progress=11600/125361 cost=$0.9026
2026-10-06 16:29:17.145 | INFO     | __main__:_refresh:248 - jev progress=12000/125361 cost=$0.9334
2026-10-06 16:29:23.619 | INFO     | __main__:_refresh:248 - jev progress=12400/125361 cost=$0.9642
2026-10-06 16:29:30.474 | INFO     | __main__:_refresh:248 - jev progress=12800/125361 cost=$0.9951
2026-10-06 16:29:37.423 | INFO     | __main__:_refresh:248 - jev progress=13200/125361 cost=$1.0260
2026-10-06 16:29:44.203 | INFO     | __main__:_refresh:248 - jev progress=13600/125361 cost=$1.0570
2026-10-06 16:29:50.804 | INFO     | __main__:_refresh:248 - jev progress=14000/125361 cost=$1.0889
2026-10-06 16:29:57.639 | INFO     | __main__:_refresh:248 - jev progress=14400/125361 cost=$1.1216
2026-10-06 16:30:04.328 | INFO     | __main__:_refresh:248 - jev progress=14800/125361 cost=$1.1545
2026-10-06 16:30:11.281 | INFO     | __main__:_refresh:248 - jev progress=15200/125361 cost=$1.1856
2026-10-06 16:30:18.270 | INFO     | __main__:_refresh:248 - jev progress=15600/125361 cost=$1.2164
2026-10-06 16:30:25.160 | INFO     | __main__:_refresh:248 - jev progress=16000/125361 cost=$1.2472
2026-10-06 16:30:31.696 | INFO     | __main__:_refresh:248 - jev progress=16400/125361 cost=$1.2779
2026-10-06 16:30:39.070 | INFO     | __main__:_refresh:248 - jev progress=16800/125361 cost=$1.3086
2026-10-06 16:30:45.970 | INFO     | __main__:_refresh:248 - jev progress=17200/125361 cost=$1.3391
2026-10-06 16:30:52.765 | INFO     | __main__:_refresh:248 - jev progress=17600/125361 cost=$1.3696
2026-10-06 16:30:59.689 | INFO     | __main__:_refresh:248 - jev progress=18000/125361 cost=$1.4008
2026-10-06 16:31:06.548 | INFO     | __main__:_refresh:248 - jev progress=18400/125361 cost=$1.4331
2026-10-06 16:31:13.269 | INFO     | __main__:_refresh:248 - jev progress=18800/125361 cost=$1.4659
2026-10-06 16:31:20.347 | INFO     | __main__:_refresh:248 - jev progress=19200/125361 cost=$1.4967
2026-10-06 16:31:27.408 | INFO     | __main__:_refresh:248 - jev progress=19600/125361 cost=$1.5276
2026-10-06 16:31:34.177 | INFO     | __main__:_refresh:248 - jev progress=20000/125361 cost=$1.5584
2026-10-06 16:31:40.885 | INFO     | __main__:_refresh:248 - jev progress=20400/125361 cost=$1.5892
2026-10-06 16:31:47.378 | INFO     | __main__:_refresh:248 - jev progress=20800/125361 cost=$1.6200
2026-10-06 16:31:54.185 | INFO     | __main__:_refresh:248 - jev progress=21200/125361 cost=$1.6507
2026-10-06 16:32:00.827 | INFO     | __main__:_refresh:248 - jev progress=21600/125361 cost=$1.6816
2026-10-06 16:32:07.613 | INFO     | __main__:_refresh:248 - jev progress=22000/125361 cost=$1.7133
2026-10-06 16:32:14.337 | INFO     | __main__:_refresh:248 - jev progress=22400/125361 cost=$1.7460
2026-10-06 16:32:20.927 | INFO     | __main__:_refresh:248 - jev progress=22800/125361 cost=$1.7774
2026-10-06 16:32:27.491 | INFO     | __main__:_refresh:248 - jev progress=23200/125361 cost=$1.8082
2026-10-06 16:32:34.018 | INFO     | __main__:_refresh:248 - jev progress=23600/125361 cost=$1.8389
2026-10-06 16:32:40.440 | INFO     | __main__:_refresh:248 - jev progress=24000/125361 cost=$1.8695
2026-10-06 16:32:47.074 | INFO     | __main__:_refresh:248 - jev progress=24400/125361 cost=$1.9000
2026-10-06 16:32:53.713 | INFO     | __main__:_refresh:248 - jev progress=24800/125361 cost=$1.9305
2026-10-06 16:33:00.241 | INFO     | __main__:_refresh:248 - jev progress=25200/125361 cost=$1.9607
2026-10-06 16:33:06.760 | INFO     | __main__:_refresh:248 - jev progress=25600/125361 cost=$1.9923
2026-10-06 16:33:13.487 | INFO     | __main__:_refresh:248 - jev progress=26000/125361 cost=$2.0251
2026-10-06 16:33:19.863 | INFO     | __main__:_refresh:248 - jev progress=26400/125361 cost=$2.0576
2026-10-06 16:33:26.328 | INFO     | __main__:_refresh:248 - jev progress=26800/125361 cost=$2.0885
2026-10-06 16:33:32.792 | INFO     | __main__:_refresh:248 - jev progress=27200/125361 cost=$2.1193
2026-10-06 16:33:39.568 | INFO     | __main__:_refresh:248 - jev progress=27600/125361 cost=$2.1501
2026-10-06 16:33:39.650 | WARNING  | __main__:run:228 - jev RemoteProtocolError attempt=1/6
2026-10-06 16:33:46.475 | INFO     | __main__:_refresh:248 - jev progress=28000/125361 cost=$2.1811
2026-10-06 16:33:52.986 | INFO     | __main__:_refresh:248 - jev progress=28400/125361 cost=$2.2120
2026-10-06 16:33:59.481 | INFO     | __main__:_refresh:248 - jev progress=28800/125361 cost=$2.2428
2026-10-06 16:34:05.916 | INFO     | __main__:_refresh:248 - jev progress=29200/125361 cost=$2.2733
2026-10-06 16:34:12.685 | INFO     | __main__:_refresh:248 - jev progress=29600/125361 cost=$2.3036
2026-10-06 16:34:19.374 | INFO     | __main__:_refresh:248 - jev progress=30000/125361 cost=$2.3349
2026-10-06 16:34:25.884 | INFO     | __main__:_refresh:248 - jev progress=30400/125361 cost=$2.3674
2026-10-06 16:34:32.343 | INFO     | __main__:_refresh:248 - jev progress=30800/125361 cost=$2.3992
2026-10-06 16:34:38.826 | INFO     | __main__:_refresh:248 - jev progress=31200/125361 cost=$2.4299
2026-10-06 16:34:45.295 | INFO     | __main__:_refresh:248 - jev progress=31600/125361 cost=$2.4607
2026-10-06 16:34:51.938 | INFO     | __main__:_refresh:248 - jev progress=32000/125361 cost=$2.4914
2026-10-06 16:34:58.394 | INFO     | __main__:_refresh:248 - jev progress=32400/125361 cost=$2.5220
2026-10-06 16:35:05.007 | INFO     | __main__:_refresh:248 - jev progress=32800/125361 cost=$2.5525
2026-10-06 16:35:11.893 | INFO     | __main__:_refresh:248 - jev progress=33200/125361 cost=$2.5829
2026-10-06 16:35:18.385 | INFO     | __main__:_refresh:248 - jev progress=33600/125361 cost=$2.6141
2026-10-06 16:35:24.857 | INFO     | __main__:_refresh:248 - jev progress=34000/125361 cost=$2.6466
2026-10-06 16:35:31.230 | INFO     | __main__:_refresh:248 - jev progress=34400/125361 cost=$2.6783
2026-10-06 16:35:37.683 | INFO     | __main__:_refresh:248 - jev progress=34800/125361 cost=$2.7091
2026-10-06 16:35:44.210 | INFO     | __main__:_refresh:248 - jev progress=35200/125361 cost=$2.7400
2026-10-06 16:35:50.620 | INFO     | __main__:_refresh:248 - jev progress=35600/125361 cost=$2.7708
2026-10-06 16:35:56.969 | INFO     | __main__:_refresh:248 - jev progress=36000/125361 cost=$2.8016
2026-10-06 16:36:03.310 | INFO     | __main__:_refresh:248 - jev progress=36400/125361 cost=$2.8324
2026-10-06 16:36:09.688 | INFO     | __main__:_refresh:248 - jev progress=36800/125361 cost=$2.8632
2026-10-06 16:36:16.146 | INFO     | __main__:_refresh:248 - jev progress=37200/125361 cost=$2.8943
2026-10-06 16:36:22.592 | INFO     | __main__:_refresh:248 - jev progress=37600/125361 cost=$2.9271
2026-10-06 16:36:28.986 | INFO     | __main__:_refresh:248 - jev progress=38000/125361 cost=$2.9600
2026-10-06 16:36:35.336 | INFO     | __main__:_refresh:248 - jev progress=38400/125361 cost=$2.9912
2026-10-06 16:36:41.754 | INFO     | __main__:_refresh:248 - jev progress=38800/125361 cost=$3.0219
2026-10-06 16:36:48.188 | INFO     | __main__:_refresh:248 - jev progress=39200/125361 cost=$3.0528
2026-10-06 16:36:54.405 | INFO     | __main__:_refresh:248 - jev progress=39600/125361 cost=$3.0835
2026-10-06 16:37:00.839 | INFO     | __main__:_refresh:248 - jev progress=40000/125361 cost=$3.1143
2026-10-06 16:37:07.301 | INFO     | __main__:_refresh:248 - jev progress=40400/125361 cost=$3.1450
2026-10-06 16:37:13.726 | INFO     | __main__:_refresh:248 - jev progress=40800/125361 cost=$3.1757
2026-10-06 16:37:20.078 | INFO     | __main__:_refresh:248 - jev progress=41200/125361 cost=$3.2078
2026-10-06 16:37:26.486 | INFO     | __main__:_refresh:248 - jev progress=41600/125361 cost=$3.2394
2026-10-06 16:37:32.920 | INFO     | __main__:_refresh:248 - jev progress=42000/125361 cost=$3.2702
2026-10-06 16:37:39.325 | INFO     | __main__:_refresh:248 - jev progress=42400/125361 cost=$3.3010
2026-10-06 16:37:45.886 | INFO     | __main__:_refresh:248 - jev progress=42800/125361 cost=$3.3317
2026-10-06 16:37:52.543 | INFO     | __main__:_refresh:248 - jev progress=43200/125361 cost=$3.3625
2026-10-06 16:37:59.102 | INFO     | __main__:_refresh:248 - jev progress=43600/125361 cost=$3.3932
2026-10-06 16:38:06.015 | INFO     | __main__:_refresh:248 - jev progress=44000/125361 cost=$3.4241
2026-10-06 16:38:12.645 | INFO     | __main__:_refresh:248 - jev progress=44400/125361 cost=$3.4558
2026-10-06 16:38:19.170 | INFO     | __main__:_refresh:248 - jev progress=44800/125361 cost=$3.4882
2026-10-06 16:38:25.576 | INFO     | __main__:_refresh:248 - jev progress=45200/125361 cost=$3.5197
2026-10-06 16:38:32.116 | INFO     | __main__:_refresh:248 - jev progress=45600/125361 cost=$3.5506
2026-10-06 16:38:38.575 | INFO     | __main__:_refresh:248 - jev progress=46000/125361 cost=$3.5814
2026-10-06 16:38:45.281 | INFO     | __main__:_refresh:248 - jev progress=46400/125361 cost=$3.6122
2026-10-06 16:38:51.766 | INFO     | __main__:_refresh:248 - jev progress=46800/125361 cost=$3.6430
2026-10-06 16:38:58.291 | INFO     | __main__:_refresh:248 - jev progress=47200/125361 cost=$3.6739
2026-10-06 16:39:04.696 | INFO     | __main__:_refresh:248 - jev progress=47600/125361 cost=$3.7053
2026-10-06 16:39:11.223 | INFO     | __main__:_refresh:248 - jev progress=48000/125361 cost=$3.7378
2026-10-06 16:39:17.642 | INFO     | __main__:_refresh:248 - jev progress=48400/125361 cost=$3.7701
2026-10-06 16:39:24.124 | INFO     | __main__:_refresh:248 - jev progress=48800/125361 cost=$3.8009
2026-10-06 16:39:30.744 | INFO     | __main__:_refresh:248 - jev progress=49200/125361 cost=$3.8317
2026-10-06 16:39:37.118 | INFO     | __main__:_refresh:248 - jev progress=49600/125361 cost=$3.8623
2026-10-06 16:39:43.648 | INFO     | __main__:_refresh:248 - jev progress=50000/125361 cost=$3.8930
2026-10-06 16:39:50.455 | INFO     | __main__:_refresh:248 - jev progress=50400/125361 cost=$3.9235
2026-10-06 16:39:57.006 | INFO     | __main__:_refresh:248 - jev progress=50800/125361 cost=$3.9538
2026-10-06 16:40:03.843 | INFO     | __main__:_refresh:248 - jev progress=51200/125361 cost=$3.9860
2026-10-06 16:40:10.830 | INFO     | __main__:_refresh:248 - jev progress=51600/125361 cost=$4.0189
2026-10-06 16:40:17.484 | INFO     | __main__:_refresh:248 - jev progress=52000/125361 cost=$4.0507
2026-10-06 16:40:24.155 | INFO     | __main__:_refresh:248 - jev progress=52400/125361 cost=$4.0815
2026-10-06 16:40:30.641 | INFO     | __main__:_refresh:248 - jev progress=52800/125361 cost=$4.1122
2026-10-06 16:40:37.383 | INFO     | __main__:_refresh:248 - jev progress=53200/125361 cost=$4.1430
2026-10-06 16:40:44.031 | INFO     | __main__:_refresh:248 - jev progress=53600/125361 cost=$4.1737
2026-10-06 16:40:50.838 | INFO     | __main__:_refresh:248 - jev progress=54000/125361 cost=$4.2045
2026-10-06 16:40:57.780 | INFO     | __main__:_refresh:248 - jev progress=54400/125361 cost=$4.2354
2026-10-06 16:41:04.361 | INFO     | __main__:_refresh:248 - jev progress=54800/125361 cost=$4.2669
2026-10-06 16:41:12.201 | INFO     | __main__:_refresh:248 - jev progress=55200/125361 cost=$4.2983
2026-10-06 16:41:19.262 | INFO     | __main__:_refresh:248 - jev progress=55600/125361 cost=$4.3291
2026-10-06 16:41:25.838 | INFO     | __main__:_refresh:248 - jev progress=56000/125361 cost=$4.3600
2026-10-06 16:41:32.406 | INFO     | __main__:_refresh:248 - jev progress=56400/125361 cost=$4.3908
2026-10-06 16:41:39.420 | INFO     | __main__:_refresh:248 - jev progress=56800/125361 cost=$4.4216
2026-10-06 16:41:45.960 | INFO     | __main__:_refresh:248 - jev progress=57200/125361 cost=$4.4523
2026-10-06 16:41:52.664 | INFO     | __main__:_refresh:248 - jev progress=57600/125361 cost=$4.4828
2026-10-06 16:41:59.118 | INFO     | __main__:_refresh:248 - jev progress=58000/125361 cost=$4.5132
2026-10-06 16:42:05.679 | INFO     | __main__:_refresh:248 - jev progress=58400/125361 cost=$4.5432
2026-10-06 16:42:12.224 | INFO     | __main__:_refresh:248 - jev progress=58800/125361 cost=$4.5750
2026-10-06 16:42:18.688 | INFO     | __main__:_refresh:248 - jev progress=59200/125361 cost=$4.6080
2026-10-06 16:42:25.222 | INFO     | __main__:_refresh:248 - jev progress=59600/125361 cost=$4.6399
2026-10-06 16:42:31.670 | INFO     | __main__:_refresh:248 - jev progress=60000/125361 cost=$4.6708
2026-10-06 16:42:38.493 | INFO     | __main__:_refresh:248 - jev progress=60400/125361 cost=$4.7017
2026-10-06 16:42:38.759 | WARNING  | __main__:run:232 - jev 529 attempt=1/6
2026-10-06 16:42:45.655 | INFO     | __main__:_refresh:248 - jev progress=60800/125361 cost=$4.7325
2026-10-06 16:42:52.671 | INFO     | __main__:_refresh:248 - jev progress=61200/125361 cost=$4.7633
2026-10-06 16:42:59.403 | INFO     | __main__:_refresh:248 - jev progress=61600/125361 cost=$4.7940
2026-10-06 16:43:05.938 | INFO     | __main__:_refresh:248 - jev progress=62000/125361 cost=$4.8247
2026-10-06 16:43:12.745 | INFO     | __main__:_refresh:248 - jev progress=62400/125361 cost=$4.8551
2026-10-06 16:43:19.316 | INFO     | __main__:_refresh:248 - jev progress=62800/125361 cost=$4.8873
2026-10-06 16:43:25.940 | INFO     | __main__:_refresh:248 - jev progress=63200/125361 cost=$4.9203
2026-10-06 16:43:32.631 | INFO     | __main__:_refresh:248 - jev progress=63600/125361 cost=$4.9522
2026-10-06 16:43:39.225 | INFO     | __main__:_refresh:248 - jev progress=64000/125361 cost=$4.9830
2026-10-06 16:43:45.764 | INFO     | __main__:_refresh:248 - jev progress=64400/125361 cost=$5.0138
2026-10-06 16:43:52.467 | INFO     | __main__:_refresh:248 - jev progress=64800/125361 cost=$5.0445
2026-10-06 16:43:59.203 | INFO     | __main__:_refresh:248 - jev progress=65200/125361 cost=$5.0753
2026-10-06 16:44:05.902 | INFO     | __main__:_refresh:248 - jev progress=65600/125361 cost=$5.1059
2026-10-06 16:44:12.624 | INFO     | __main__:_refresh:248 - jev progress=66000/125361 cost=$5.1364
2026-10-06 16:44:19.220 | INFO     | __main__:_refresh:248 - jev progress=66400/125361 cost=$5.1677
2026-10-06 16:44:25.762 | INFO     | __main__:_refresh:248 - jev progress=66800/125361 cost=$5.2007
2026-10-06 16:44:32.640 | INFO     | __main__:_refresh:248 - jev progress=67200/125361 cost=$5.2328
2026-10-06 16:44:39.107 | INFO     | __main__:_refresh:248 - jev progress=67600/125361 cost=$5.2636
2026-10-06 16:44:45.638 | INFO     | __main__:_refresh:248 - jev progress=68000/125361 cost=$5.2944
2026-10-06 16:44:52.099 | INFO     | __main__:_refresh:248 - jev progress=68400/125361 cost=$5.3253
2026-10-06 16:44:58.618 | INFO     | __main__:_refresh:248 - jev progress=68800/125361 cost=$5.3560
2026-10-06 16:45:05.558 | INFO     | __main__:_refresh:248 - jev progress=69200/125361 cost=$5.3867
2026-10-06 16:45:12.338 | INFO     | __main__:_refresh:248 - jev progress=69600/125361 cost=$5.4173
2026-10-06 16:45:19.091 | INFO     | __main__:_refresh:248 - jev progress=70000/125361 cost=$5.4477
2026-10-06 16:45:25.793 | INFO     | __main__:_refresh:248 - jev progress=70400/125361 cost=$5.4789
2026-10-06 16:45:32.203 | INFO     | __main__:_refresh:248 - jev progress=70800/125361 cost=$5.5099
2026-10-06 16:45:38.987 | INFO     | __main__:_refresh:248 - jev progress=71200/125361 cost=$5.5407
2026-10-06 16:45:45.639 | INFO     | __main__:_refresh:248 - jev progress=71600/125361 cost=$5.5715
2026-10-06 16:45:52.079 | INFO     | __main__:_refresh:248 - jev progress=72000/125361 cost=$5.6022
2026-10-06 16:45:58.533 | INFO     | __main__:_refresh:248 - jev progress=72400/125361 cost=$5.6329
2026-10-06 16:46:05.113 | INFO     | __main__:_refresh:248 - jev progress=72800/125361 cost=$5.6637
2026-10-06 16:46:12.120 | INFO     | __main__:_refresh:248 - jev progress=73200/125361 cost=$5.6944
2026-10-06 16:46:18.733 | INFO     | __main__:_refresh:248 - jev progress=73600/125361 cost=$5.7250
2026-10-06 16:46:25.451 | INFO     | __main__:_refresh:248 - jev progress=74000/125361 cost=$5.7568
2026-10-06 16:46:32.704 | INFO     | __main__:_refresh:248 - jev progress=74400/125361 cost=$5.7897
2026-10-06 16:46:39.381 | INFO     | __main__:_refresh:248 - jev progress=74800/125361 cost=$5.8217
2026-10-06 16:46:46.320 | INFO     | __main__:_refresh:248 - jev progress=75200/125361 cost=$5.8525
2026-10-06 16:46:53.004 | INFO     | __main__:_refresh:248 - jev progress=75600/125361 cost=$5.8833
2026-10-06 16:46:59.692 | INFO     | __main__:_refresh:248 - jev progress=76000/125361 cost=$5.9140
2026-10-06 16:47:06.466 | INFO     | __main__:_refresh:248 - jev progress=76400/125361 cost=$5.9448
2026-10-06 16:47:13.016 | INFO     | __main__:_refresh:248 - jev progress=76800/125361 cost=$5.9756
2026-10-06 16:47:19.707 | INFO     | __main__:_refresh:248 - jev progress=77200/125361 cost=$6.0062
2026-10-06 16:47:26.454 | INFO     | __main__:_refresh:248 - jev progress=77600/125361 cost=$6.0375
2026-10-06 16:47:33.135 | INFO     | __main__:_refresh:248 - jev progress=78000/125361 cost=$6.0688
2026-10-06 16:47:39.731 | INFO     | __main__:_refresh:248 - jev progress=78400/125361 cost=$6.0997
2026-10-06 16:47:46.404 | INFO     | __main__:_refresh:248 - jev progress=78800/125361 cost=$6.1305
2026-10-06 16:47:53.171 | INFO     | __main__:_refresh:248 - jev progress=79200/125361 cost=$6.1612
2026-10-06 16:47:59.841 | INFO     | __main__:_refresh:248 - jev progress=79600/125361 cost=$6.1920
2026-10-06 16:48:06.449 | INFO     | __main__:_refresh:248 - jev progress=80000/125361 cost=$6.2227
2026-10-06 16:48:13.027 | INFO     | __main__:_refresh:248 - jev progress=80400/125361 cost=$6.2535
2026-10-06 16:48:19.799 | INFO     | __main__:_refresh:248 - jev progress=80800/125361 cost=$6.2841
2026-10-06 16:48:26.669 | INFO     | __main__:_refresh:248 - jev progress=81200/125361 cost=$6.3144
2026-10-06 16:48:33.352 | INFO     | __main__:_refresh:248 - jev progress=81600/125361 cost=$6.3466
2026-10-06 16:49:38.771 | WARNING  | __main__:run:228 - jev ReadTimeout attempt=1/6
2026-10-06 16:49:41.686 | WARNING  | __main__:run:228 - jev ReadTimeout attempt=1/6
2026-10-06 16:49:47.120 | INFO     | __main__:_refresh:248 - jev progress=82000/125361 cost=$6.3795
2026-10-06 16:49:54.122 | INFO     | __main__:_refresh:248 - jev progress=82400/125361 cost=$6.4113
2026-10-06 16:50:01.100 | INFO     | __main__:_refresh:248 - jev progress=82800/125361 cost=$6.4421
2026-10-06 16:50:08.189 | INFO     | __main__:_refresh:248 - jev progress=83200/125361 cost=$6.4729
2026-10-06 16:50:15.044 | INFO     | __main__:_refresh:248 - jev progress=83600/125361 cost=$6.5036
2026-10-06 16:50:21.993 | INFO     | __main__:_refresh:248 - jev progress=84000/125361 cost=$6.5344
2026-10-06 16:50:29.000 | INFO     | __main__:_refresh:248 - jev progress=84400/125361 cost=$6.5650
2026-10-06 16:50:35.890 | INFO     | __main__:_refresh:248 - jev progress=84800/125361 cost=$6.5958
2026-10-06 16:50:42.772 | INFO     | __main__:_refresh:248 - jev progress=85200/125361 cost=$6.6279
2026-10-06 16:50:49.493 | INFO     | __main__:_refresh:248 - jev progress=85600/125361 cost=$6.6603
2026-10-06 16:50:56.337 | INFO     | __main__:_refresh:248 - jev progress=86000/125361 cost=$6.6919
2026-10-06 16:51:03.111 | INFO     | __main__:_refresh:248 - jev progress=86400/125361 cost=$6.7227
2026-10-06 16:51:09.964 | INFO     | __main__:_refresh:248 - jev progress=86800/125361 cost=$6.7534
2026-10-06 16:51:16.929 | INFO     | __main__:_refresh:248 - jev progress=87200/125361 cost=$6.7843
2026-10-06 16:51:24.538 | INFO     | __main__:_refresh:248 - jev progress=87600/125361 cost=$6.8150
2026-10-06 16:51:31.458 | INFO     | __main__:_refresh:248 - jev progress=88000/125361 cost=$6.8458
2026-10-06 16:51:38.383 | INFO     | __main__:_refresh:248 - jev progress=88400/125361 cost=$6.8768
2026-10-06 16:51:45.504 | INFO     | __main__:_refresh:248 - jev progress=88800/125361 cost=$6.9093
2026-10-06 16:51:52.463 | INFO     | __main__:_refresh:248 - jev progress=89200/125361 cost=$6.9421
2026-10-06 16:51:59.252 | INFO     | __main__:_refresh:248 - jev progress=89600/125361 cost=$6.9731
2026-10-06 16:52:06.019 | INFO     | __main__:_refresh:248 - jev progress=90000/125361 cost=$7.0040
2026-10-06 16:52:12.696 | INFO     | __main__:_refresh:248 - jev progress=90400/125361 cost=$7.0348
2026-10-06 16:52:19.637 | INFO     | __main__:_refresh:248 - jev progress=90800/125361 cost=$7.0656
2026-10-06 16:52:26.371 | INFO     | __main__:_refresh:248 - jev progress=91200/125361 cost=$7.0963
2026-10-06 16:52:33.307 | INFO     | __main__:_refresh:248 - jev progress=91600/125361 cost=$7.1271
2026-10-06 16:52:40.373 | INFO     | __main__:_refresh:248 - jev progress=92000/125361 cost=$7.1578
2026-10-06 16:52:47.476 | INFO     | __main__:_refresh:248 - jev progress=92400/125361 cost=$7.1894
2026-10-06 16:52:54.209 | INFO     | __main__:_refresh:248 - jev progress=92800/125361 cost=$7.2219
2026-10-06 16:53:00.942 | INFO     | __main__:_refresh:248 - jev progress=93200/125361 cost=$7.2527
2026-10-06 16:53:07.790 | INFO     | __main__:_refresh:248 - jev progress=93600/125361 cost=$7.2835
2026-10-06 16:53:14.451 | INFO     | __main__:_refresh:248 - jev progress=94000/125361 cost=$7.3143
2026-10-06 16:53:21.089 | INFO     | __main__:_refresh:248 - jev progress=94400/125361 cost=$7.3450
2026-10-06 16:53:28.155 | INFO     | __main__:_refresh:248 - jev progress=94800/125361 cost=$7.3756
2026-10-06 16:53:35.054 | INFO     | __main__:_refresh:248 - jev progress=95200/125361 cost=$7.4062
2026-10-06 16:53:42.001 | INFO     | __main__:_refresh:248 - jev progress=95600/125361 cost=$7.4372
2026-10-06 16:53:49.113 | INFO     | __main__:_refresh:248 - jev progress=96000/125361 cost=$7.4693
2026-10-06 16:53:55.895 | INFO     | __main__:_refresh:248 - jev progress=96400/125361 cost=$7.5012
2026-10-06 16:54:03.147 | INFO     | __main__:_refresh:248 - jev progress=96800/125361 cost=$7.5321
2026-10-06 16:54:10.144 | INFO     | __main__:_refresh:248 - jev progress=97200/125361 cost=$7.5629
2026-10-06 16:54:16.845 | INFO     | __main__:_refresh:248 - jev progress=97600/125361 cost=$7.5937
2026-10-06 16:54:23.512 | INFO     | __main__:_refresh:248 - jev progress=98000/125361 cost=$7.6245
2026-10-06 16:54:30.221 | INFO     | __main__:_refresh:248 - jev progress=98400/125361 cost=$7.6554
2026-10-06 16:54:36.866 | INFO     | __main__:_refresh:248 - jev progress=98800/125361 cost=$7.6863
2026-10-06 16:54:43.477 | INFO     | __main__:_refresh:248 - jev progress=99200/125361 cost=$7.7183
2026-10-06 16:54:50.062 | INFO     | __main__:_refresh:248 - jev progress=99600/125361 cost=$7.7511
2026-10-06 16:54:56.655 | INFO     | __main__:_refresh:248 - jev progress=100000/125361 cost=$7.7831
2026-10-06 16:55:03.403 | INFO     | __main__:_refresh:248 - jev progress=100400/125361 cost=$7.8139
2026-10-06 16:55:10.239 | INFO     | __main__:_refresh:248 - jev progress=100800/125361 cost=$7.8447
2026-10-06 16:55:17.079 | INFO     | __main__:_refresh:248 - jev progress=101200/125361 cost=$7.8754
2026-10-06 16:55:23.674 | INFO     | __main__:_refresh:248 - jev progress=101600/125361 cost=$7.9061
2026-10-06 16:55:30.260 | INFO     | __main__:_refresh:248 - jev progress=102000/125361 cost=$7.9367
2026-10-06 16:55:36.938 | INFO     | __main__:_refresh:248 - jev progress=102400/125361 cost=$7.9674
2026-10-06 16:55:44.582 | INFO     | __main__:_refresh:248 - jev progress=102800/125361 cost=$7.9990
2026-10-06 16:55:51.516 | INFO     | __main__:_refresh:248 - jev progress=103200/125361 cost=$8.0315
2026-10-06 16:55:58.282 | INFO     | __main__:_refresh:248 - jev progress=103600/125361 cost=$8.0625
2026-10-06 16:56:05.016 | INFO     | __main__:_refresh:248 - jev progress=104000/125361 cost=$8.0933
2026-10-06 16:56:11.698 | INFO     | __main__:_refresh:248 - jev progress=104400/125361 cost=$8.1240
2026-10-06 16:56:18.521 | INFO     | __main__:_refresh:248 - jev progress=104800/125361 cost=$8.1548
2026-10-06 16:56:25.168 | INFO     | __main__:_refresh:248 - jev progress=105200/125361 cost=$8.1855
2026-10-06 16:56:32.145 | INFO     | __main__:_refresh:248 - jev progress=105600/125361 cost=$8.2162
2026-10-06 16:56:39.070 | INFO     | __main__:_refresh:248 - jev progress=106000/125361 cost=$8.2468
2026-10-06 16:56:45.607 | INFO     | __main__:_refresh:248 - jev progress=106400/125361 cost=$8.2792
2026-10-06 16:56:52.407 | INFO     | __main__:_refresh:248 - jev progress=106800/125361 cost=$8.3132
2026-10-06 16:56:59.048 | INFO     | __main__:_refresh:248 - jev progress=107200/125361 cost=$8.3440
2026-10-06 16:57:05.875 | INFO     | __main__:_refresh:248 - jev progress=107600/125361 cost=$8.3749
2026-10-06 16:57:12.542 | INFO     | __main__:_refresh:248 - jev progress=108000/125361 cost=$8.4057
2026-10-06 16:57:19.098 | INFO     | __main__:_refresh:248 - jev progress=108400/125361 cost=$8.4365
2026-10-06 16:57:25.820 | INFO     | __main__:_refresh:248 - jev progress=108800/125361 cost=$8.4672
2026-10-06 16:57:32.311 | INFO     | __main__:_refresh:248 - jev progress=109200/125361 cost=$8.4980
2026-10-06 16:57:38.903 | INFO     | __main__:_refresh:248 - jev progress=109600/125361 cost=$8.5286
2026-10-06 16:57:45.498 | INFO     | __main__:_refresh:248 - jev progress=110000/125361 cost=$8.5596
2026-10-06 16:57:52.255 | INFO     | __main__:_refresh:248 - jev progress=110400/125361 cost=$8.5920
2026-10-06 16:57:58.962 | INFO     | __main__:_refresh:248 - jev progress=110800/125361 cost=$8.6244
2026-10-06 16:58:05.456 | INFO     | __main__:_refresh:248 - jev progress=111200/125361 cost=$8.6553
2026-10-06 16:58:12.159 | INFO     | __main__:_refresh:248 - jev progress=111600/125361 cost=$8.6861
2026-10-06 16:58:18.924 | INFO     | __main__:_refresh:248 - jev progress=112000/125361 cost=$8.7168
2026-10-06 16:58:25.787 | INFO     | __main__:_refresh:248 - jev progress=112400/125361 cost=$8.7476
2026-10-06 16:58:32.504 | INFO     | __main__:_refresh:248 - jev progress=112800/125361 cost=$8.7782
2026-10-06 16:58:39.150 | INFO     | __main__:_refresh:248 - jev progress=113200/125361 cost=$8.8087
2026-10-06 16:58:45.896 | INFO     | __main__:_refresh:248 - jev progress=113600/125361 cost=$8.8391
2026-10-06 16:58:52.579 | INFO     | __main__:_refresh:248 - jev progress=114000/125361 cost=$8.8701
2026-10-06 16:58:59.103 | INFO     | __main__:_refresh:248 - jev progress=114400/125361 cost=$8.9015
2026-10-06 16:59:05.753 | INFO     | __main__:_refresh:248 - jev progress=114800/125361 cost=$8.9323
2026-10-06 16:59:12.430 | INFO     | __main__:_refresh:248 - jev progress=115200/125361 cost=$8.9632
2026-10-06 16:59:18.878 | INFO     | __main__:_refresh:248 - jev progress=115600/125361 cost=$8.9939
2026-10-06 16:59:25.507 | INFO     | __main__:_refresh:248 - jev progress=116000/125361 cost=$9.0248
2026-10-06 16:59:32.050 | INFO     | __main__:_refresh:248 - jev progress=116400/125361 cost=$9.0555
2026-10-06 16:59:38.703 | INFO     | __main__:_refresh:248 - jev progress=116800/125361 cost=$9.0862
2026-10-06 16:59:45.388 | INFO     | __main__:_refresh:248 - jev progress=117200/125361 cost=$9.1168
2026-10-06 16:59:52.012 | INFO     | __main__:_refresh:248 - jev progress=117600/125361 cost=$9.1481
2026-10-06 16:59:58.661 | INFO     | __main__:_refresh:248 - jev progress=118000/125361 cost=$9.1813
2026-10-06 17:00:05.374 | INFO     | __main__:_refresh:248 - jev progress=118400/125361 cost=$9.2150
2026-10-06 17:00:12.017 | INFO     | __main__:_refresh:248 - jev progress=118800/125361 cost=$9.2458
2026-10-06 17:00:18.948 | INFO     | __main__:_refresh:248 - jev progress=119200/125361 cost=$9.2767
2026-10-06 17:00:25.742 | INFO     | __main__:_refresh:248 - jev progress=119600/125361 cost=$9.3076
2026-10-06 17:00:32.839 | INFO     | __main__:_refresh:248 - jev progress=120000/125361 cost=$9.3384
2026-10-06 17:00:39.911 | INFO     | __main__:_refresh:248 - jev progress=120400/125361 cost=$9.3691
2026-10-06 17:00:46.739 | INFO     | __main__:_refresh:248 - jev progress=120800/125361 cost=$9.3998
2026-10-06 17:00:53.612 | INFO     | __main__:_refresh:248 - jev progress=121200/125361 cost=$9.4307
2026-10-06 17:01:00.832 | INFO     | __main__:_refresh:248 - jev progress=121600/125361 cost=$9.4633
2026-10-06 17:01:08.359 | INFO     | __main__:_refresh:248 - jev progress=122000/125361 cost=$9.4962
2026-10-06 17:01:15.619 | INFO     | __main__:_refresh:248 - jev progress=122400/125361 cost=$9.5273
2026-10-06 17:01:22.904 | INFO     | __main__:_refresh:248 - jev progress=122800/125361 cost=$9.5581
2026-10-06 17:01:30.028 | INFO     | __main__:_refresh:248 - jev progress=123200/125361 cost=$9.5889
2026-10-06 17:01:36.798 | INFO     | __main__:_refresh:248 - jev progress=123600/125361 cost=$9.6196
2026-10-06 17:01:43.531 | INFO     | __main__:_refresh:248 - jev progress=124000/125361 cost=$9.6503
2026-10-06 17:01:50.347 | INFO     | __main__:_refresh:248 - jev progress=124400/125361 cost=$9.6811
2026-10-06 17:01:57.087 | INFO     | __main__:_refresh:248 - jev progress=124800/125361 cost=$9.7113
2026-10-06 17:02:04.000 | INFO     | __main__:_refresh:248 - jev progress=125200/125361 cost=$9.7423
2026-10-06 17:02:06.825 | INFO     | __main__:_refresh:248 - jev progress=125361/125361 cost=$9.7549
2026-10-06 17:03:48.452 | INFO     | __main__:refresh:254 - JUDGE_CACHE_CHECK blind required=5739 cached=2874 missing=2865
2026-10-06 17:03:55.738 | INFO     | __main__:_refresh:248 - jev progress=400/2865 cost=$0.0218
2026-10-06 17:04:02.471 | INFO     | __main__:_refresh:248 - jev progress=800/2865 cost=$0.0438
2026-10-06 17:04:46.590 | WARNING  | __main__:run:232 - jev 520 attempt=1/6
2026-10-06 17:04:46.591 | WARNING  | __main__:run:232 - jev 520 attempt=1/6
2026-10-06 17:04:52.275 | INFO     | __main__:_refresh:248 - jev progress=1200/2865 cost=$0.0657
2026-10-06 17:04:58.948 | INFO     | __main__:_refresh:248 - jev progress=1600/2865 cost=$0.0877
2026-10-06 17:05:05.753 | INFO     | __main__:_refresh:248 - jev progress=2000/2865 cost=$0.1097
2026-10-06 17:05:12.725 | INFO     | __main__:_refresh:248 - jev progress=2400/2865 cost=$0.1318
2026-10-06 17:05:19.483 | INFO     | __main__:_refresh:248 - jev progress=2800/2865 cost=$0.1539
2026-10-06 17:05:20.825 | INFO     | __main__:_refresh:248 - jev progress=2865/2865 cost=$0.1575
2026-10-06 17:05:21.932 | INFO     | __main__:main:273 - JUDGE_COMPLETE missing=0
