2026-10-06 14:20:43.167 | INFO     | data:manifest:104 - manifest walks=12 rows=43300
2026-10-06 14:21:20.864 | INFO     | __main__:refresh:254 - JUDGE_CACHE_CHECK bsb required=79555 cached=44510 missing=35045
2026-10-06 14:21:35.346 | INFO     | __main__:_refresh:248 - jev progress=400/35045 cost=$0.0243
2026-10-06 14:21:41.819 | INFO     | __main__:_refresh:248 - jev progress=800/35045 cost=$0.0501
2026-10-06 14:21:48.893 | INFO     | __main__:_refresh:248 - jev progress=1200/35045 cost=$0.0755
2026-10-06 14:21:55.349 | INFO     | __main__:_refresh:248 - jev progress=1600/35045 cost=$0.1011
2026-10-06 14:22:01.606 | INFO     | __main__:_refresh:248 - jev progress=2000/35045 cost=$0.1264
2026-10-06 14:22:19.820 | INFO     | __main__:_refresh:248 - jev progress=2400/35045 cost=$0.1517
2026-10-06 14:22:26.423 | INFO     | __main__:_refresh:248 - jev progress=2800/35045 cost=$0.1772
2026-10-06 14:22:32.650 | INFO     | __main__:_refresh:248 - jev progress=3200/35045 cost=$0.2027
2026-10-06 14:22:39.041 | INFO     | __main__:_refresh:248 - jev progress=3600/35045 cost=$0.2291
2026-10-06 14:22:45.292 | INFO     | __main__:_refresh:248 - jev progress=4000/35045 cost=$0.2564
2026-10-06 14:22:51.663 | INFO     | __main__:_refresh:248 - jev progress=4400/35045 cost=$0.2838
2026-10-06 14:22:58.223 | INFO     | __main__:_refresh:248 - jev progress=4800/35045 cost=$0.3103
2026-10-06 14:23:04.627 | INFO     | __main__:_refresh:248 - jev progress=5200/35045 cost=$0.3348
2026-10-06 14:23:11.012 | INFO     | __main__:_refresh:248 - jev progress=5600/35045 cost=$0.3597
2026-10-06 14:23:17.193 | INFO     | __main__:_refresh:248 - jev progress=6000/35045 cost=$0.3844
2026-10-06 14:23:23.655 | INFO     | __main__:_refresh:248 - jev progress=6400/35045 cost=$0.4095
2026-10-06 14:23:29.886 | INFO     | __main__:_refresh:248 - jev progress=6800/35045 cost=$0.4350
2026-10-06 14:23:36.453 | INFO     | __main__:_refresh:248 - jev progress=7200/35045 cost=$0.4600
2026-10-06 14:23:42.911 | INFO     | __main__:_refresh:248 - jev progress=7600/35045 cost=$0.4857
2026-10-06 14:23:49.225 | INFO     | __main__:_refresh:248 - jev progress=8000/35045 cost=$0.5125
2026-10-06 14:23:55.481 | INFO     | __main__:_refresh:248 - jev progress=8400/35045 cost=$0.5399
2026-10-06 14:24:01.645 | INFO     | __main__:_refresh:248 - jev progress=8800/35045 cost=$0.5675
2026-10-06 14:24:07.963 | INFO     | __main__:_refresh:248 - jev progress=9200/35045 cost=$0.5931
2026-10-06 14:24:14.399 | INFO     | __main__:_refresh:248 - jev progress=9600/35045 cost=$0.6183
2026-10-06 14:24:20.723 | INFO     | __main__:_refresh:248 - jev progress=10000/35045 cost=$0.6438
2026-10-06 14:24:27.159 | INFO     | __main__:_refresh:248 - jev progress=10400/35045 cost=$0.6692
2026-10-06 14:24:33.617 | INFO     | __main__:_refresh:248 - jev progress=10800/35045 cost=$0.6953
2026-10-06 14:24:39.968 | INFO     | __main__:_refresh:248 - jev progress=11200/35045 cost=$0.7210
2026-10-06 14:24:46.361 | INFO     | __main__:_refresh:248 - jev progress=11600/35045 cost=$0.7465
2026-10-06 14:24:53.055 | INFO     | __main__:_refresh:248 - jev progress=12000/35045 cost=$0.7722
2026-10-06 14:24:59.463 | INFO     | __main__:_refresh:248 - jev progress=12400/35045 cost=$0.7993
2026-10-06 14:25:05.934 | INFO     | __main__:_refresh:248 - jev progress=12800/35045 cost=$0.8267
2026-10-06 14:25:12.365 | INFO     | __main__:_refresh:248 - jev progress=13200/35045 cost=$0.8541
2026-10-06 14:25:18.732 | INFO     | __main__:_refresh:248 - jev progress=13600/35045 cost=$0.8795
2026-10-06 14:25:25.000 | INFO     | __main__:_refresh:248 - jev progress=14000/35045 cost=$0.9046
2026-10-06 14:25:31.341 | INFO     | __main__:_refresh:248 - jev progress=14400/35045 cost=$0.9296
2026-10-06 14:25:37.723 | INFO     | __main__:_refresh:248 - jev progress=14800/35045 cost=$0.9549
2026-10-06 14:25:43.976 | INFO     | __main__:_refresh:248 - jev progress=15200/35045 cost=$0.9796
2026-10-06 14:25:50.263 | INFO     | __main__:_refresh:248 - jev progress=15600/35045 cost=$1.0047
2026-10-06 14:25:56.361 | INFO     | __main__:_refresh:248 - jev progress=16000/35045 cost=$1.0301
2026-10-06 14:26:02.783 | INFO     | __main__:_refresh:248 - jev progress=16400/35045 cost=$1.0564
2026-10-06 14:26:09.186 | INFO     | __main__:_refresh:248 - jev progress=16800/35045 cost=$1.0839
2026-10-06 14:26:15.356 | INFO     | __main__:_refresh:248 - jev progress=17200/35045 cost=$1.1114
2026-10-06 14:26:21.733 | INFO     | __main__:_refresh:248 - jev progress=17600/35045 cost=$1.1373
2026-10-06 14:26:28.001 | INFO     | __main__:_refresh:248 - jev progress=18000/35045 cost=$1.1628
2026-10-06 14:26:34.341 | INFO     | __main__:_refresh:248 - jev progress=18400/35045 cost=$1.1876
2026-10-06 14:26:40.789 | INFO     | __main__:_refresh:248 - jev progress=18800/35045 cost=$1.2130
2026-10-06 14:26:47.182 | INFO     | __main__:_refresh:248 - jev progress=19200/35045 cost=$1.2385
2026-10-06 14:26:53.665 | INFO     | __main__:_refresh:248 - jev progress=19600/35045 cost=$1.2639
2026-10-06 14:27:00.254 | INFO     | __main__:_refresh:248 - jev progress=20000/35045 cost=$1.2892
2026-10-06 14:27:06.678 | INFO     | __main__:_refresh:248 - jev progress=20400/35045 cost=$1.3145
2026-10-06 14:27:13.007 | INFO     | __main__:_refresh:248 - jev progress=20800/35045 cost=$1.3396
2026-10-06 14:27:19.402 | INFO     | __main__:_refresh:248 - jev progress=21200/35045 cost=$1.3639
2026-10-06 14:27:25.833 | INFO     | __main__:_refresh:248 - jev progress=21600/35045 cost=$1.3886
2026-10-06 14:27:32.212 | INFO     | __main__:_refresh:248 - jev progress=22000/35045 cost=$1.4141
2026-10-06 14:27:38.737 | INFO     | __main__:_refresh:248 - jev progress=22400/35045 cost=$1.4411
2026-10-06 14:27:45.182 | INFO     | __main__:_refresh:248 - jev progress=22800/35045 cost=$1.4684
2026-10-06 14:27:51.597 | INFO     | __main__:_refresh:248 - jev progress=23200/35045 cost=$1.4953
2026-10-06 14:27:58.134 | INFO     | __main__:_refresh:248 - jev progress=23600/35045 cost=$1.5201
2026-10-06 14:28:04.511 | INFO     | __main__:_refresh:248 - jev progress=24000/35045 cost=$1.5450
2026-10-06 14:28:11.154 | INFO     | __main__:_refresh:248 - jev progress=24400/35045 cost=$1.5707
2026-10-06 14:28:17.839 | INFO     | __main__:_refresh:248 - jev progress=24800/35045 cost=$1.5959
2026-10-06 14:28:24.217 | INFO     | __main__:_refresh:248 - jev progress=25200/35045 cost=$1.6226
2026-10-06 14:28:30.578 | INFO     | __main__:_refresh:248 - jev progress=25600/35045 cost=$1.6497
2026-10-06 14:28:36.935 | INFO     | __main__:_refresh:248 - jev progress=26000/35045 cost=$1.6770
2026-10-06 14:28:43.210 | INFO     | __main__:_refresh:248 - jev progress=26400/35045 cost=$1.7035
2026-10-06 14:28:49.382 | INFO     | __main__:_refresh:248 - jev progress=26800/35045 cost=$1.7300
2026-10-06 14:28:55.813 | INFO     | __main__:_refresh:248 - jev progress=27200/35045 cost=$1.7562
2026-10-06 14:29:02.220 | INFO     | __main__:_refresh:248 - jev progress=27600/35045 cost=$1.7818
2026-10-06 14:29:08.583 | INFO     | __main__:_refresh:248 - jev progress=28000/35045 cost=$1.8074
2026-10-06 14:29:14.894 | INFO     | __main__:_refresh:248 - jev progress=28400/35045 cost=$1.8327
2026-10-06 14:29:21.248 | INFO     | __main__:_refresh:248 - jev progress=28800/35045 cost=$1.8582
2026-10-06 14:29:27.490 | INFO     | __main__:_refresh:248 - jev progress=29200/35045 cost=$1.8829
2026-10-06 14:29:33.960 | INFO     | __main__:_refresh:248 - jev progress=29600/35045 cost=$1.9076
2026-10-06 14:29:40.312 | INFO     | __main__:_refresh:248 - jev progress=30000/35045 cost=$1.9324
2026-10-06 14:29:46.599 | INFO     | __main__:_refresh:248 - jev progress=30400/35045 cost=$1.9582
2026-10-06 14:29:53.220 | INFO     | __main__:_refresh:248 - jev progress=30800/35045 cost=$1.9849
2026-10-06 14:30:03.085 | INFO     | __main__:_refresh:248 - jev progress=31200/35045 cost=$2.0121
2026-10-06 14:30:09.593 | INFO     | __main__:_refresh:248 - jev progress=31600/35045 cost=$2.0395
2026-10-06 14:30:17.228 | INFO     | __main__:_refresh:248 - jev progress=32000/35045 cost=$2.0651
2026-10-06 14:30:25.106 | INFO     | __main__:_refresh:248 - jev progress=32400/35045 cost=$2.0900
2026-10-06 14:30:32.183 | INFO     | __main__:_refresh:248 - jev progress=32800/35045 cost=$2.1150
2026-10-06 14:30:38.876 | INFO     | __main__:_refresh:248 - jev progress=33200/35045 cost=$2.1405
2026-10-06 14:30:45.285 | INFO     | __main__:_refresh:248 - jev progress=33600/35045 cost=$2.1664
2026-10-06 14:30:51.841 | INFO     | __main__:_refresh:248 - jev progress=34000/35045 cost=$2.1933
2026-10-06 14:30:58.468 | INFO     | __main__:_refresh:248 - jev progress=34400/35045 cost=$2.2205
2026-10-06 14:31:05.049 | INFO     | __main__:_refresh:248 - jev progress=34800/35045 cost=$2.2478
2026-10-06 14:31:09.104 | INFO     | __main__:_refresh:248 - jev progress=35045/35045 cost=$2.2643
2026-10-06 14:32:28.581 | INFO     | __main__:refresh:254 - JUDGE_CACHE_CHECK blind required=2874 cached=1301 missing=1573
2026-10-06 14:32:35.625 | INFO     | __main__:_refresh:248 - jev progress=400/1573 cost=$0.0222
2026-10-06 14:32:42.047 | INFO     | __main__:_refresh:248 - jev progress=800/1573 cost=$0.0443
2026-10-06 14:32:48.394 | INFO     | __main__:_refresh:248 - jev progress=1200/1573 cost=$0.0664
2026-10-06 14:32:54.252 | INFO     | __main__:_refresh:248 - jev progress=1573/1573 cost=$0.0869
2026-10-06 14:32:55.018 | INFO     | __main__:main:273 - JUDGE_COMPLETE missing=0
