2026-10-07 07:39:38.157 | INFO     | data:manifest:104 - manifest walks=86 rows=459300
2026-10-07 07:41:00.991 | INFO     | __main__:refresh:254 - JUDGE_CACHE_CHECK bsb required=720516 cached=697058 missing=23458
2026-10-07 07:41:09.811 | INFO     | __main__:_refresh:248 - jev progress=400/23458 cost=$0.0269
2026-10-07 07:41:16.729 | INFO     | __main__:_refresh:248 - jev progress=800/23458 cost=$0.0539
2026-10-07 07:41:23.267 | INFO     | __main__:_refresh:248 - jev progress=1200/23458 cost=$0.0810
2026-10-07 07:41:29.565 | INFO     | __main__:_refresh:248 - jev progress=1600/23458 cost=$0.1078
2026-10-07 07:41:35.793 | INFO     | __main__:_refresh:248 - jev progress=2000/23458 cost=$0.1344
2026-10-07 07:41:42.097 | INFO     | __main__:_refresh:248 - jev progress=2400/23458 cost=$0.1612
2026-10-07 07:41:48.546 | INFO     | __main__:_refresh:248 - jev progress=2800/23458 cost=$0.1879
2026-10-07 07:41:54.896 | INFO     | __main__:_refresh:248 - jev progress=3200/23458 cost=$0.2142
2026-10-07 07:42:01.147 | INFO     | __main__:_refresh:248 - jev progress=3600/23458 cost=$0.2399
2026-10-07 07:42:07.381 | INFO     | __main__:_refresh:248 - jev progress=4000/23458 cost=$0.2656
2026-10-07 07:42:13.738 | INFO     | __main__:_refresh:248 - jev progress=4400/23458 cost=$0.2910
2026-10-07 07:42:20.222 | INFO     | __main__:_refresh:248 - jev progress=4800/23458 cost=$0.3161
2026-10-07 07:42:26.518 | INFO     | __main__:_refresh:248 - jev progress=5200/23458 cost=$0.3405
2026-10-07 07:42:32.771 | INFO     | __main__:_refresh:248 - jev progress=5600/23458 cost=$0.3643
2026-10-07 07:42:38.837 | INFO     | __main__:_refresh:248 - jev progress=6000/23458 cost=$0.3878
2026-10-07 07:42:44.848 | INFO     | __main__:_refresh:248 - jev progress=6400/23458 cost=$0.4133
2026-10-07 07:42:51.206 | INFO     | __main__:_refresh:248 - jev progress=6800/23458 cost=$0.4383
2026-10-07 07:42:57.395 | INFO     | __main__:_refresh:248 - jev progress=7200/23458 cost=$0.4632
2026-10-07 07:43:04.074 | INFO     | __main__:_refresh:248 - jev progress=7600/23458 cost=$0.4882
2026-10-07 07:43:10.145 | INFO     | __main__:_refresh:248 - jev progress=8000/23458 cost=$0.5131
2026-10-07 07:43:16.401 | INFO     | __main__:_refresh:248 - jev progress=8400/23458 cost=$0.5384
2026-10-07 07:43:22.725 | INFO     | __main__:_refresh:248 - jev progress=8800/23458 cost=$0.5628
2026-10-07 07:43:28.955 | INFO     | __main__:_refresh:248 - jev progress=9200/23458 cost=$0.5870
2026-10-07 07:43:35.069 | INFO     | __main__:_refresh:248 - jev progress=9600/23458 cost=$0.6107
2026-10-07 07:43:41.134 | INFO     | __main__:_refresh:248 - jev progress=10000/23458 cost=$0.6351
2026-10-07 07:43:47.247 | INFO     | __main__:_refresh:248 - jev progress=10400/23458 cost=$0.6584
2026-10-07 07:43:53.571 | INFO     | __main__:_refresh:248 - jev progress=10800/23458 cost=$0.6817
2026-10-07 07:43:59.754 | INFO     | __main__:_refresh:248 - jev progress=11200/23458 cost=$0.7121
2026-10-07 07:44:05.987 | INFO     | __main__:_refresh:248 - jev progress=11600/23458 cost=$0.7431
2026-10-07 07:44:12.159 | INFO     | __main__:_refresh:248 - jev progress=12000/23458 cost=$0.7741
2026-10-07 07:44:18.526 | INFO     | __main__:_refresh:248 - jev progress=12400/23458 cost=$0.8051
2026-10-07 07:44:24.861 | INFO     | __main__:_refresh:248 - jev progress=12800/23458 cost=$0.8361
2026-10-07 07:44:31.156 | INFO     | __main__:_refresh:248 - jev progress=13200/23458 cost=$0.8637
2026-10-07 07:44:37.232 | INFO     | __main__:_refresh:248 - jev progress=13600/23458 cost=$0.8869
2026-10-07 07:44:43.357 | INFO     | __main__:_refresh:248 - jev progress=14000/23458 cost=$0.9103
2026-10-07 07:44:49.473 | INFO     | __main__:_refresh:248 - jev progress=14400/23458 cost=$0.9346
2026-10-07 07:44:55.632 | INFO     | __main__:_refresh:248 - jev progress=14800/23458 cost=$0.9587
2026-10-07 07:45:01.820 | INFO     | __main__:_refresh:248 - jev progress=15200/23458 cost=$0.9824
2026-10-07 07:45:08.334 | INFO     | __main__:_refresh:248 - jev progress=15600/23458 cost=$1.0062
2026-10-07 07:45:10.349 | WARNING  | __main__:run:232 - jev 529 attempt=1/6
2026-10-07 07:45:15.718 | INFO     | __main__:_refresh:248 - jev progress=16000/23458 cost=$1.0314
2026-10-07 07:45:22.037 | INFO     | __main__:_refresh:248 - jev progress=16400/23458 cost=$1.0565
2026-10-07 07:45:28.297 | INFO     | __main__:_refresh:248 - jev progress=16800/23458 cost=$1.0815
2026-10-07 07:45:34.544 | INFO     | __main__:_refresh:248 - jev progress=17200/23458 cost=$1.1072
2026-10-07 07:45:40.661 | INFO     | __main__:_refresh:248 - jev progress=17600/23458 cost=$1.1320
2026-10-07 07:45:46.896 | INFO     | __main__:_refresh:248 - jev progress=18000/23458 cost=$1.1574
2026-10-07 07:45:52.887 | INFO     | __main__:_refresh:248 - jev progress=18400/23458 cost=$1.1832
2026-10-07 07:45:59.203 | INFO     | __main__:_refresh:248 - jev progress=18800/23458 cost=$1.2081
2026-10-07 07:46:05.456 | INFO     | __main__:_refresh:248 - jev progress=19200/23458 cost=$1.2331
2026-10-07 07:46:11.908 | INFO     | __main__:_refresh:248 - jev progress=19600/23458 cost=$1.2580
2026-10-07 07:46:17.574 | WARNING  | __main__:run:232 - jev 529 attempt=1/6
2026-10-07 07:46:17.754 | WARNING  | __main__:run:232 - jev 529 attempt=1/6
2026-10-07 07:46:17.852 | WARNING  | __main__:run:232 - jev 529 attempt=1/6
2026-10-07 07:46:17.929 | WARNING  | __main__:run:232 - jev 529 attempt=1/6
2026-10-07 07:46:23.329 | INFO     | __main__:_refresh:248 - jev progress=20000/23458 cost=$1.2829
2026-10-07 07:46:29.478 | INFO     | __main__:_refresh:248 - jev progress=20400/23458 cost=$1.3084
2026-10-07 07:46:35.509 | INFO     | __main__:_refresh:248 - jev progress=20800/23458 cost=$1.3309
2026-10-07 07:46:41.678 | INFO     | __main__:_refresh:248 - jev progress=21200/23458 cost=$1.3545
2026-10-07 07:46:47.871 | INFO     | __main__:_refresh:248 - jev progress=21600/23458 cost=$1.3767
2026-10-07 07:46:54.104 | INFO     | __main__:_refresh:248 - jev progress=22000/23458 cost=$1.4027
2026-10-07 07:47:00.781 | INFO     | __main__:_refresh:248 - jev progress=22400/23458 cost=$1.4285
2026-10-07 07:47:07.198 | INFO     | __main__:_refresh:248 - jev progress=22800/23458 cost=$1.4549
2026-10-07 07:47:13.475 | INFO     | __main__:_refresh:248 - jev progress=23200/23458 cost=$1.4798
2026-10-07 07:47:17.485 | INFO     | __main__:_refresh:248 - jev progress=23458/23458 cost=$1.4958
2026-10-07 07:50:58.082 | INFO     | __main__:refresh:254 - JUDGE_CACHE_CHECK blind required=15559 cached=13983 missing=1576
2026-10-07 07:51:04.690 | INFO     | __main__:_refresh:248 - jev progress=400/1576 cost=$0.0222
2026-10-07 07:51:11.090 | INFO     | __main__:_refresh:248 - jev progress=800/1576 cost=$0.0444
2026-10-07 07:51:17.387 | INFO     | __main__:_refresh:248 - jev progress=1200/1576 cost=$0.0665
2026-10-07 07:51:23.210 | INFO     | __main__:_refresh:248 - jev progress=1576/1576 cost=$0.0874
2026-10-07 07:51:24.795 | INFO     | __main__:main:273 - JUDGE_COMPLETE missing=0
